Archive member included because of file (symbol)

contiki-cc2538dk.a(contiki-main.o)
                              obj_cc2538dk/startup-gcc.o (main)
contiki-cc2538dk.a(sensors.o)
                              contiki-cc2538dk.a(contiki-main.o) (sensors_process)
contiki-cc2538dk.a(smartrf-sensors)
                              contiki-cc2538dk.a(sensors.o) (sensors_flags)
contiki-cc2538dk.a(button-sensor.o)
                              contiki-cc2538dk.a(contiki-main.o) (button_sensor_init)
contiki-cc2538dk.a(als-sensor.o)
                              contiki-cc2538dk.a(smartrf-sensors) (als_sensor)
contiki-cc2538dk.a(clock.o)   contiki-cc2538dk.a(contiki-main.o) (clock_init)
contiki-cc2538dk.a(rtimer-arch.o)
                              contiki-cc2538dk.a(clock.o) (rtimer_arch_now)
contiki-cc2538dk.a(uart.o)    contiki-cc2538dk.a(contiki-main.o) (uart_init)
contiki-cc2538dk.a(watchdog.o)
                              contiki-cc2538dk.a(contiki-main.o) (watchdog_init)
contiki-cc2538dk.a(nvic.o)    contiki-cc2538dk.a(contiki-main.o) (nvic_init)
contiki-cc2538dk.a(cpu.o)     contiki-cc2538dk.a(contiki-main.o) (cpu_cpsie)
contiki-cc2538dk.a(sys-ctrl.o)
                              contiki-cc2538dk.a(contiki-main.o) (sys_ctrl_init)
contiki-cc2538dk.a(gpio.o)    contiki-cc2538dk.a(button-sensor.o) (gpio_register_callback)
contiki-cc2538dk.a(ioc.o)     contiki-cc2538dk.a(contiki-main.o) (ioc_init)
contiki-cc2538dk.a(adc.o)     contiki-cc2538dk.a(contiki-main.o) (adc_init)
contiki-cc2538dk.a(crypto.o)  obj_cc2538dk/startup-gcc.o (crypto_isr)
contiki-cc2538dk.a(cc2538-rf.o)
                              obj_cc2538dk/startup-gcc.o (cc2538_rf_rx_tx_isr)
contiki-cc2538dk.a(udma.o)    contiki-cc2538dk.a(contiki-main.o) (udma_init)
contiki-cc2538dk.a(lpm.o)     contiki-cc2538dk.a(rtimer-arch.o) (lpm_exit)
contiki-cc2538dk.a(dbg.o)     udp-client.co (putchar)
contiki-cc2538dk.a(ieee-addr.o)
                              contiki-cc2538dk.a(contiki-main.o) (ieee_addr_cpy_to)
contiki-cc2538dk.a(cc2538-temp-sen)
                              contiki-cc2538dk.a(smartrf-sensors) (cc2538_temp_sensor)
contiki-cc2538dk.a(vdd3-sensor.o)
                              contiki-cc2538dk.a(smartrf-sensors) (vdd3_sensor)
contiki-cc2538dk.a(dbg-printf.o)
                              udp-client.co (printf)
contiki-cc2538dk.a(dbg-sprintf.o)
                              udp-client.co (sprintf)
contiki-cc2538dk.a(strformat.o)
                              contiki-cc2538dk.a(dbg-printf.o) (format_str_v)
contiki-cc2538dk.a(autostart.o)
                              contiki-cc2538dk.a(contiki-main.o) (autostart_start)
contiki-cc2538dk.a(ctimer.o)  contiki-cc2538dk.a(contiki-main.o) (ctimer_init)
contiki-cc2538dk.a(energest.o)
                              contiki-cc2538dk.a(contiki-main.o) (energest_init)
contiki-cc2538dk.a(etimer.o)  contiki-cc2538dk.a(clock.o) (etimer_request_poll)
contiki-cc2538dk.a(process.o)
                              contiki-cc2538dk.a(sensors.o) (process_alloc_event)
contiki-cc2538dk.a(rtimer.o)  contiki-cc2538dk.a(contiki-main.o) (rtimer_init)
contiki-cc2538dk.a(timer.o)   contiki-cc2538dk.a(button-sensor.o) (timer_set)
contiki-cc2538dk.a(serial-line.o)
                              contiki-cc2538dk.a(contiki-main.o) (serial_line_input_byte)
contiki-cc2538dk.a(list.o)    contiki-cc2538dk.a(ctimer.o) (list_init)
contiki-cc2538dk.a(random.o)  udp-client.co (random_rand)
contiki-cc2538dk.a(ringbuf.o)
                              contiki-cc2538dk.a(serial-line.o) (ringbuf_init)
contiki-cc2538dk.a(sicslowpan.o)
                              contiki-cc2538dk.a(contiki-main.o) (sicslowpan_driver)
contiki-cc2538dk.a(uip6.o)    contiki-cc2538dk.a(sicslowpan.o) (uip_aligned_buf)
contiki-cc2538dk.a(uip-ds6.o)
                              contiki-cc2538dk.a(uip6.o) (uip_ds6_is_addr_onlink)
contiki-cc2538dk.a(uip-ds6-nbr.o)
                              contiki-cc2538dk.a(uip-ds6.o) (uip_ds6_neighbors_init)
contiki-cc2538dk.a(uip-ds6-route.o)
                              contiki-cc2538dk.a(uip-ds6.o) (uip_ds6_route_init)
contiki-cc2538dk.a(uip-icmp6.o)
                              contiki-cc2538dk.a(uip6.o) (uip_icmp6_input)
contiki-cc2538dk.a(uip-nd6.o)
                              contiki-cc2538dk.a(uip-ds6-nbr.o) (uip_nd6_ns_output)
contiki-cc2538dk.a(tcpip.o)   contiki-cc2538dk.a(sicslowpan.o) (tcpip_set_outputfunc)
contiki-cc2538dk.a(uip-debug.o)
                              udp-client.co (uip_debug_ipaddr_print)
contiki-cc2538dk.a(uip-udp-packet.)
                              udp-client.co (uip_udp_packet_sendto)
contiki-cc2538dk.a(rpl.o)     contiki-cc2538dk.a(uip-ds6-nbr.o) (rpl_link_neighbor_callback)
contiki-cc2538dk.a(rpl-dag.o)
                              contiki-cc2538dk.a(rpl.o) (default_instance)
contiki-cc2538dk.a(rpl-ext-header.)
                              contiki-cc2538dk.a(uip6.o) (rpl_verify_header)
contiki-cc2538dk.a(rpl-icmp6.o)
[...]
Memory Configuration

Name             Origin             Length             Attributes
FLASH            0x00200000         0x0007ffd4         xr
FLASH_CCA        0x0027ffd4         0x0000002c         xr
SRAM             0x20000000         0x00008000         xrw
*default*        0x00000000         0xffffffff

Linker script and memory map

LOAD obj_cc2538dk/startup-gcc.o
LOAD udp-client.co
LOAD contiki-cc2538dk.a
START GROUP
LOAD /usr/bin/../lib/gcc/arm-none-eabi/4.9.3/armv7-m/libgcc.a
LOAD /usr/bin/../lib/gcc/arm-none-eabi/4.9.3/../../../../arm-none-eabi/lib/armv7-m/libc.a
END GROUP

.text           0x00200000     0xa8a0
                0x00200000                _text = .
 *(SORT(.vectors))
 .vectors       0x00200000      0x28c obj_cc2538dk/startup-gcc.o
                0x00200000                vectors
 *(SORT(.text*))
 .text.reset_handler
                0x0020028c       0x40 obj_cc2538dk/startup-gcc.o
                0x0020028c                reset_handler
 .text.send_packet
                0x002002cc       0x54 udp-client.co
 .text.process_thread_udp_client_process
                0x00200320      0x1b0 udp-client.co
 .text.startup.main
                0x002004d0      0x19c contiki-cc2538dk.a(contiki-main.o)
                0x002004d0                main
 .text.process_thread_sensors_process
                0x0020066c       0xd4 contiki-cc2538dk.a(sensors.o)
 .text.sensors_changed
                0x00200740       0x38 contiki-cc2538dk.a(sensors.o)
                0x00200740                sensors_changed
 .text.config_select
                0x00200778       0x30 contiki-cc2538dk.a(button-sensor.o)
 .text.config_left
                0x002007a8       0x30 contiki-cc2538dk.a(button-sensor.o)
 .text.config_right
                0x002007d8       0x30 contiki-cc2538dk.a(button-sensor.o)
 .text.config_up
                0x00200808       0x30 contiki-cc2538dk.a(button-sensor.o)
 .text.config_down
                0x00200838       0x30 contiki-cc2538dk.a(button-sensor.o)
 .text.btn_callback
                0x00200868       0x64 contiki-cc2538dk.a(button-sensor.o)
 .text.button_sensor_init
                0x002008cc        0xc contiki-cc2538dk.a(button-sensor.o)
                0x002008cc                button_sensor_init
 .text.value    0x002008d8       0x24 contiki-cc2538dk.a(als-sensor.o)
 .text.configure
                0x002008fc       0x54 contiki-cc2538dk.a(als-sensor.o)
 .text.update_ticks
                0x00200950       0x4c contiki-cc2538dk.a(clock.o)
 .text.clock_init
                0x0020099c       0x50 contiki-cc2538dk.a(clock.o)
                0x0020099c                clock_init
 .text.clock_time
                0x002009ec       0x14 contiki-cc2538dk.a(clock.o)
                0x002009ec                clock_time
 .text.clock_seconds
                0x00200a00       0x14 contiki-cc2538dk.a(clock.o)
                0x00200a00                clock_seconds
 .text.clock_delay_usec
                0x00200a14       0x1c contiki-cc2538dk.a(clock.o)
                0x00200a14                clock_delay_usec
 .text.clock_adjust
                0x00200a30       0x20 contiki-cc2538dk.a(clock.o)
                0x00200a30                clock_adjust
 .text.rtimer_arch_next_trigger
                0x00200a50        0xc contiki-cc2538dk.a(rtimer-arch.o)
                0x00200a50                rtimer_arch_next_trigger
 .text.rtimer_arch_now
                0x00200a5c       0x2c contiki-cc2538dk.a(rtimer-arch.o)
                0x00200a5c                rtimer_arch_now
 .text.rtimer_arch_schedule
                0x00200a88       0x58 contiki-cc2538dk.a(rtimer-arch.o)
                0x00200a88                rtimer_arch_schedule
 .text.rtimer_isr
                0x00200ae0       0x24 contiki-cc2538dk.a(rtimer-arch.o)
                0x00200ae0                rtimer_isr
 .text.permit_pm1
                0x00200b04       0x2c contiki-cc2538dk.a(uart.o)
 .text.uart_isr
                0x00200b30       0x64 contiki-cc2538dk.a(uart.o)
 .text.uart_init
                0x00200b94      0x1ac contiki-cc2538dk.a(uart.o)
                0x00200b94                uart_init
 .text.uart_set_input
                0x00200d40       0x10 contiki-cc2538dk.a(uart.o)
                0x00200d40                uart_set_input
 .text.uart_write_byte
                0x00200d50       0x1c contiki-cc2538dk.a(uart.o)
                0x00200d50                uart_write_byte
 .text.watchdog_init
                0x00200d6c        0xc contiki-cc2538dk.a(watchdog.o)
                0x00200d6c                watchdog_init
 .text.watchdog_start
                0x00200d78        0xc contiki-cc2538dk.a(watchdog.o)
                0x00200d78                watchdog_start
 .text.watchdog_periodic
                0x00200d84       0x10 contiki-cc2538dk.a(watchdog.o)
                0x00200d84                watchdog_periodic
 .text.nvic_init
                0x00200d94       0x3c contiki-cc2538dk.a(nvic.o)
                0x00200d94                nvic_init
 .text.nvic_interrupt_enable
                0x00200dd0       0x18 contiki-cc2538dk.a(nvic.o)
                0x00200dd0                nvic_interrupt_enable
 .text.nvic_interrupt_disable
                0x00200de8       0x18 contiki-cc2538dk.a(nvic.o)
                0x00200de8                nvic_interrupt_disable
 .text.nvic_interrupt_unpend
                0x00200e00       0x18 contiki-cc2538dk.a(nvic.o)
                0x00200e00                nvic_interrupt_unpend
 .text.sys_ctrl_init
                0x00200e18       0x28 contiki-cc2538dk.a(sys-ctrl.o)
                0x00200e18                sys_ctrl_init
 .text.gpio_register_callback
                0x00200e40       0x10 contiki-cc2538dk.a(gpio.o)
                0x00200e40                gpio_register_callback
 .text.notify   0x00200e50       0x30 contiki-cc2538dk.a(gpio.o)
                0x00200e50                notify
 .text.gpio_port_isr
                0x00200e80       0x50 contiki-cc2538dk.a(gpio.o)
 .text.gpio_init
                0x00200ed0       0x10 contiki-cc2538dk.a(gpio.o)
                0x00200ed0                gpio_init
 .text.ioc_init
                0x00200ee0       0x1c contiki-cc2538dk.a(ioc.o)
                0x00200ee0                ioc_init
 .text.ioc_set_over
                0x00200efc       0x14 contiki-cc2538dk.a(ioc.o)
                0x00200efc                ioc_set_over
 .text.ioc_set_sel
                0x00200f10       0x14 contiki-cc2538dk.a(ioc.o)
                0x00200f10                ioc_set_sel
 .text.adc_init
                0x00200f24       0x10 contiki-cc2538dk.a(adc.o)
                0x00200f24                adc_init
 .text.adc_get  0x00200f34       0x78 contiki-cc2538dk.a(adc.o)
                0x00200f34                adc_get
 .text.crypto_isr
                0x00200fac       0x24 contiki-cc2538dk.a(crypto.o)
                0x00200fac                crypto_isr
 .text.on       0x00200fd0       0x2c contiki-cc2538dk.a(cc2538-rf.o)
 .text.off      0x00200ffc       0x38 contiki-cc2538dk.a(cc2538-rf.o)
 .text.set_channel
                0x00201034       0x48 contiki-cc2538dk.a(cc2538-rf.o)
 .text.channel_clear
                0x0020107c       0x3c contiki-cc2538dk.a(cc2538-rf.o)
 .text.receiving_packet
                0x002010b8       0x18 contiki-cc2538dk.a(cc2538-rf.o)
 .text.pending_packet
                0x002010d0       0x10 contiki-cc2538dk.a(cc2538-rf.o)
 .text.get_value
                0x002010e0      0x118 contiki-cc2538dk.a(cc2538-rf.o)
 .text.prepare  0x002011f8       0x64 contiki-cc2538dk.a(cc2538-rf.o)
 .text.transmit
                0x0020125c       0x8c contiki-cc2538dk.a(cc2538-rf.o)
 .text.set_frame_filtering
                0x002012e8       0x18 contiki-cc2538dk.a(cc2538-rf.o)
 .text.set_value
                0x00201300       0xd4 contiki-cc2538dk.a(cc2538-rf.o)
 .text.get_object
                0x002013d4       0x30 contiki-cc2538dk.a(cc2538-rf.o)
 .text.set_object
                0x00201404       0x30 contiki-cc2538dk.a(cc2538-rf.o)
 .text.read     0x00201434       0xc4 contiki-cc2538dk.a(cc2538-rf.o)
 .text.init     0x002014f8       0xcc contiki-cc2538dk.a(cc2538-rf.o)
 .text.process_thread_cc2538_rf_process
                0x002015c4       0x74 contiki-cc2538dk.a(cc2538-rf.o)
 .text.cc2538_rf_rx_tx_isr
                0x00201638       0x18 contiki-cc2538dk.a(cc2538-rf.o)
                0x00201638                cc2538_rf_rx_tx_isr
 .text.cc2538_rf_err_isr
                0x00201650       0x28 contiki-cc2538dk.a(cc2538-rf.o)
                0x00201650                cc2538_rf_err_isr
 .text.udma_init
                0x00201678       0x30 contiki-cc2538dk.a(udma.o)
                0x00201678                udma_init
 .text.udma_set_channel_src
                0x002016a8       0x10 contiki-cc2538dk.a(udma.o)
                0x002016a8                udma_set_channel_src
 .text.udma_set_channel_dst
                0x002016b8       0x14 contiki-cc2538dk.a(udma.o)
                0x002016b8                udma_set_channel_dst
 .text.udma_set_channel_control_word
                0x002016cc       0x14 contiki-cc2538dk.a(udma.o)
                0x002016cc                udma_set_channel_control_word
 .text.udma_channel_enable
                0x002016e0       0x18 contiki-cc2538dk.a(udma.o)
                0x002016e0                udma_channel_enable
 .text.udma_channel_mask_set
                0x002016f8       0x18 contiki-cc2538dk.a(udma.o)
                0x002016f8                udma_channel_mask_set
 .text.udma_channel_sw_request
                0x00201710       0x18 contiki-cc2538dk.a(udma.o)
                0x00201710                udma_channel_sw_request
 .text.udma_channel_get_mode
                0x00201728       0x1c contiki-cc2538dk.a(udma.o)
                0x00201728                udma_channel_get_mode
 .text.udma_isr
                0x00201744       0x10 contiki-cc2538dk.a(udma.o)
                0x00201744                udma_isr
 .text.udma_err_isr
                0x00201754        0xc contiki-cc2538dk.a(udma.o)
                0x00201754                udma_err_isr
 .text.select_32_mhz_xosc
                0x00201760       0x2c contiki-cc2538dk.a(lpm.o)
 .text.lpm_exit
                0x0020178c       0x34 contiki-cc2538dk.a(lpm.o)
                0x0020178c                lpm_exit
 .text.lpm_enter
                0x002017c0       0xb0 contiki-cc2538dk.a(lpm.o)
                0x002017c0                lpm_enter
 .text.lpm_register_peripheral
                0x00201870       0x20 contiki-cc2538dk.a(lpm.o)
                0x00201870                lpm_register_peripheral
 .text.lpm_init
                0x00201890       0x24 contiki-cc2538dk.a(lpm.o)
                0x00201890                lpm_init
 .text.ieee_addr_cpy_to
                0x002018b4       0x74 contiki-cc2538dk.a(ieee-addr.o)
                0x002018b4                ieee_addr_cpy_to
 .text.printf   0x00201928       0x20 contiki-cc2538dk.a(dbg-printf.o)
                0x00201928                printf
 .text.sprintf  0x00201948       0x30 contiki-cc2538dk.a(dbg-sprintf.o)
                0x00201948                sprintf
 .text.fill_space
                0x00201978       0x34 contiki-cc2538dk.a(strformat.o)
 .text.format_str_v
                0x002019ac      0x6e8 contiki-cc2538dk.a(strformat.o)
                0x002019ac                format_str_v
 .text.process_thread_ctimer_process
                0x00202094       0x80 contiki-cc2538dk.a(ctimer.o)
 .text.ctimer_init
                0x00202114       0x28 contiki-cc2538dk.a(ctimer.o)
                0x00202114                ctimer_init
 .text.ctimer_set
                0x0020213c       0x40 contiki-cc2538dk.a(ctimer.o)
                0x0020213c                ctimer_set
 .text.ctimer_reset
                0x0020217c       0x38 contiki-cc2538dk.a(ctimer.o)
                0x0020217c                ctimer_reset
 .text.ctimer_stop
                0x002021b4       0x2c contiki-cc2538dk.a(ctimer.o)
                0x002021b4                ctimer_stop
 .text.update_time
                0x002021e0       0x44 contiki-cc2538dk.a(etimer.o)
 .text.etimer_request_poll
                0x00202224        0xc contiki-cc2538dk.a(etimer.o)
                0x00202224                etimer_request_poll
 .text.process_thread_etimer_process
                0x00202230       0x94 contiki-cc2538dk.a(etimer.o)
 .text.add_timer
                0x002022c4       0x40 contiki-cc2538dk.a(etimer.o)
 .text.etimer_pending
                0x00202304       0x10 contiki-cc2538dk.a(etimer.o)
                0x00202304                etimer_pending
 .text.etimer_stop
                0x00202314       0x34 contiki-cc2538dk.a(etimer.o)
                0x00202314                etimer_stop
 .text.call_process.part.0
                0x00202348       0x38 contiki-cc2538dk.a(process.o)
 .text.exit_process
                0x00202380       0x80 contiki-cc2538dk.a(process.o)
 .text.do_poll  0x00202400       0x30 contiki-cc2538dk.a(process.o)
 .text.process_alloc_event
                0x00202430       0x10 contiki-cc2538dk.a(process.o)
                0x00202430                process_alloc_event
 .text.process_init
                0x00202440       0x30 contiki-cc2538dk.a(process.o)
                0x00202440                process_init
 .text.process_run
                0x00202470       0xb0 contiki-cc2538dk.a(process.o)
                0x00202470                process_run
 .text.process_nevents
                0x00202520       0x14 contiki-cc2538dk.a(process.o)
                0x00202520                process_nevents
 .text.process_post
                0x00202534       0x44 contiki-cc2538dk.a(process.o)
                0x00202534                process_post
 .text.process_post_synch
                0x00202578       0x14 contiki-cc2538dk.a(process.o)
                0x00202578                process_post_synch
 .text.process_start
                0x0020258c       0x30 contiki-cc2538dk.a(process.o)
                0x0020258c                process_start
 .text.process_poll
                0x002025bc       0x18 contiki-cc2538dk.a(process.o)
                0x002025bc                process_poll
 .text.rtimer_set
                0x002025d4       0x24 contiki-cc2538dk.a(rtimer.o)
                0x002025d4                rtimer_set
 .text.rtimer_run_next
                0x002025f8       0x28 contiki-cc2538dk.a(rtimer.o)
                0x002025f8                rtimer_run_next
 .text.process_thread_serial_line_process
                0x00202620       0x98 contiki-cc2538dk.a(serial-line.o)
 .text.serial_line_input_byte
                0x002026b8       0x44 contiki-cc2538dk.a(serial-line.o)
                0x002026b8                serial_line_input_byte
 .text.serial_line_init
                0x002026fc       0x24 contiki-cc2538dk.a(serial-line.o)
                0x002026fc                serial_line_init
 .text.random_rand
                0x00202720       0x20 contiki-cc2538dk.a(random.o)
                0x00202720                random_rand
 .text.random_init
                0x00202740       0x78 contiki-cc2538dk.a(random.o)
                0x00202740                random_init
 .text.sicslowpan_init
                0x002027b8       0x24 contiki-cc2538dk.a(sicslowpan.o)
                0x002027b8                sicslowpan_init
 .text.set_packet_attrs
                0x002027dc       0x44 contiki-cc2538dk.a(sicslowpan.o)
 .text.compress_addr_64
                0x00202820       0x90 contiki-cc2538dk.a(sicslowpan.o)
 .text.addr_context_lookup_by_prefix
                0x002028b0       0x28 contiki-cc2538dk.a(sicslowpan.o)
 .text.send_packet
                0x002028d8       0x24 contiki-cc2538dk.a(sicslowpan.o)
 .text.packet_sent
                0x002028fc       0x28 contiki-cc2538dk.a(sicslowpan.o)
 .text.uncompress_addr
                0x00202924       0xa4 contiki-cc2538dk.a(sicslowpan.o)
 .text.output   0x002029c8      0x6c0 contiki-cc2538dk.a(sicslowpan.o)
 .text.input    0x00203088      0x5f8 contiki-cc2538dk.a(sicslowpan.o)
 .text.upper_layer_chksum
                0x00203680       0x54 contiki-cc2538dk.a(uip6.o)
 .text.ext_hdr_options_process
                0x002036d4       0xb0 contiki-cc2538dk.a(uip6.o)
 .text.uip_add32
                0x00203784       0x54 contiki-cc2538dk.a(uip6.o)
                0x00203784                uip_add32
 .text.unlikely.uip_add_rcv_nxt
                0x002037d8       0x2c contiki-cc2538dk.a(uip6.o)
 .text.uip_init
                0x00203804       0x6c contiki-cc2538dk.a(uip6.o)
                0x00203804                uip_init
 .text.remove_ext_hdr
                0x00203870       0x60 contiki-cc2538dk.a(uip6.o)
                0x00203870                remove_ext_hdr
 .text.uip_udp_new
                0x002038d0       0xb0 contiki-cc2538dk.a(uip6.o)
                0x002038d0                uip_udp_new
 .text.uip_unlisten
                0x00203980       0x34 contiki-cc2538dk.a(uip6.o)
                0x00203980                uip_unlisten
 .text.uip_process
                0x002039b4      0xdbc contiki-cc2538dk.a(uip6.o)
                0x002039b4                uip_process
 .text.uip_ds6_prefix_add
                0x00204770       0x64 contiki-cc2538dk.a(uip-ds6.o)
                0x00204770                uip_ds6_prefix_add
 .text.uip_ds6_is_addr_onlink
                0x002047d4       0x40 contiki-cc2538dk.a(uip-ds6.o)
                0x002047d4                uip_ds6_is_addr_onlink
 .text.uip_ds6_addr_lookup
                0x00204814       0x2c contiki-cc2538dk.a(uip-ds6.o)
                0x00204814                uip_ds6_addr_lookup
 .text.uip_ds6_get_link_local
                0x00204840       0x40 contiki-cc2538dk.a(uip-ds6.o)
                0x00204840                uip_ds6_get_link_local
 .text.uip_ds6_maddr_add
                0x00204880       0x4c contiki-cc2538dk.a(uip-ds6.o)
                0x00204880                uip_ds6_maddr_add
 .text.uip_ds6_addr_add
                0x002048cc       0x94 contiki-cc2538dk.a(uip-ds6.o)
                0x002048cc                uip_ds6_addr_add
 .text.uip_ds6_maddr_lookup
                0x00204960       0x2c contiki-cc2538dk.a(uip-ds6.o)
                0x00204960                uip_ds6_maddr_lookup
 .text.uip_ds6_addr_rm
                0x0020498c       0x44 contiki-cc2538dk.a(uip-ds6.o)
                0x0020498c                uip_ds6_addr_rm
 .text.uip_ds6_periodic
                0x002049d0       0x50 contiki-cc2538dk.a(uip-ds6.o)
                0x002049d0                uip_ds6_periodic
 .text.uip_ds6_select_src
                0x00204a20       0x94 contiki-cc2538dk.a(uip-ds6.o)
                0x00204a20                uip_ds6_select_src
 .text.uip_ds6_compute_reachable_time
                0x00204ab4       0x28 contiki-cc2538dk.a(uip-ds6.o)
                0x00204ab4                uip_ds6_compute_reachable_time
 .text.uip_ds6_init
                0x00204adc       0xe0 contiki-cc2538dk.a(uip-ds6.o)
                0x00204adc                uip_ds6_init
 .text.uip_ds6_nbr_rm
                0x00204bbc       0x20 contiki-cc2538dk.a(uip-ds6-nbr.o)
                0x00204bbc                uip_ds6_nbr_rm
 .text.uip_ds6_neighbors_init
                0x00204bdc       0x14 contiki-cc2538dk.a(uip-ds6-nbr.o)
                0x00204bdc                uip_ds6_neighbors_init
 .text.uip_ds6_nbr_add
                0x00204bf0       0x60 contiki-cc2538dk.a(uip-ds6-nbr.o)
                0x00204bf0                uip_ds6_nbr_add
 .text.uip_ds6_nbr_get_ll
                0x00204c50       0x10 contiki-cc2538dk.a(uip-ds6-nbr.o)
                0x00204c50                uip_ds6_nbr_get_ll
 .text.uip_ds6_nbr_lookup
                0x00204c60       0x38 contiki-cc2538dk.a(uip-ds6-nbr.o)
                0x00204c60                uip_ds6_nbr_lookup
 .text.uip_ds6_nbr_ll_lookup
                0x00204c98       0x10 contiki-cc2538dk.a(uip-ds6-nbr.o)
                0x00204c98                uip_ds6_nbr_ll_lookup
 .text.uip_ds6_link_neighbor_callback
                0x00204ca8       0x2c contiki-cc2538dk.a(uip-ds6-nbr.o)
                0x00204ca8                uip_ds6_link_neighbor_callback
 .text.uip_ds6_neighbor_periodic
                0x00204cd4      0x10c contiki-cc2538dk.a(uip-ds6-nbr.o)
                0x00204cd4                uip_ds6_neighbor_periodic
 .text.call_route_callback
                0x00204de0       0x48 contiki-cc2538dk.a(uip-ds6-route.o)
 .text.uip_ds6_route_init
                0x00204e28       0x48 contiki-cc2538dk.a(uip-ds6-route.o)
                0x00204e28                uip_ds6_route_init
 .text.uip_ds6_route_nexthop
                0x00204e70       0x1c contiki-cc2538dk.a(uip-ds6-route.o)
                0x00204e70                uip_ds6_route_nexthop
 .text.uip_ds6_route_head
                0x00204e8c        0xc contiki-cc2538dk.a(uip-ds6-route.o)
                0x00204e8c                uip_ds6_route_head
 .text.uip_ds6_route_lookup
                0x00204e98       0x64 contiki-cc2538dk.a(uip-ds6-route.o)
                0x00204e98                uip_ds6_route_lookup
 .text.uip_ds6_route_rm
                0x00204efc       0x9c contiki-cc2538dk.a(uip-ds6-route.o)
                0x00204efc                uip_ds6_route_rm
 .text.rm_routelist
                0x00204f98       0x2c contiki-cc2538dk.a(uip-ds6-route.o)
 .text.uip_ds6_route_add
                0x00204fc4       0xfc contiki-cc2538dk.a(uip-ds6-route.o)
                0x00204fc4                uip_ds6_route_add
 .text.uip_ds6_defrt_rm
                0x002050c0       0x44 contiki-cc2538dk.a(uip-ds6-route.o)
                0x002050c0                uip_ds6_defrt_rm
 .text.uip_ds6_defrt_lookup
                0x00205104       0x2c contiki-cc2538dk.a(uip-ds6-route.o)
                0x00205104                uip_ds6_defrt_lookup
 .text.uip_ds6_defrt_add
                0x00205130       0x64 contiki-cc2538dk.a(uip-ds6-route.o)
                0x00205130                uip_ds6_defrt_add
 .text.uip_ds6_defrt_choose
                0x00205194       0x30 contiki-cc2538dk.a(uip-ds6-route.o)
                0x00205194                uip_ds6_defrt_choose
 .text.uip_ds6_defrt_periodic
                0x002051c4       0x30 contiki-cc2538dk.a(uip-ds6-route.o)
                0x002051c4                uip_ds6_defrt_periodic
 .text.echo_reply_input
                0x002051f4       0xe4 contiki-cc2538dk.a(uip-icmp6.o)
 .text.echo_request_input
                0x002052d8      0x100 contiki-cc2538dk.a(uip-icmp6.o)
 .text.uip_icmp6_input
                0x002053d8       0x38 contiki-cc2538dk.a(uip-icmp6.o)
                0x002053d8                uip_icmp6_input
 .text.uip_icmp6_register_input_handler
                0x00205410        0xc contiki-cc2538dk.a(uip-icmp6.o)
                0x00205410                uip_icmp6_register_input_handler
 .text.uip_icmp6_error_output
                0x0020541c      0x144 contiki-cc2538dk.a(uip-icmp6.o)
                0x0020541c                uip_icmp6_error_output
 .text.uip_icmp6_send
                0x00205560       0x8c contiki-cc2538dk.a(uip-icmp6.o)
                0x00205560                uip_icmp6_send
 .text.uip_icmp6_init
                0x002055ec       0x1c contiki-cc2538dk.a(uip-icmp6.o)
                0x002055ec                uip_icmp6_init
 .text.na_input
                0x00205608      0x1c8 contiki-cc2538dk.a(uip-nd6.o)
 .text.ns_input
                0x002057d0      0x254 contiki-cc2538dk.a(uip-nd6.o)
 .text.uip_nd6_ns_output
                0x00205a24      0x164 contiki-cc2538dk.a(uip-nd6.o)
                0x00205a24                uip_nd6_ns_output
 .text.uip_nd6_init
                0x00205b88       0x1c contiki-cc2538dk.a(uip-nd6.o)
                0x00205b88                uip_nd6_init
 .text.start_periodic_tcp_timer
                0x00205ba4       0x1c contiki-cc2538dk.a(tcpip.o)
 .text.tcpip_output
                0x00205bc0       0x10 contiki-cc2538dk.a(tcpip.o)
                0x00205bc0                tcpip_output
 .text.tcpip_set_outputfunc
                0x00205bd0        0xc contiki-cc2538dk.a(tcpip.o)
                0x00205bd0                tcpip_set_outputfunc
 .text.udp_new  0x00205bdc       0x18 contiki-cc2538dk.a(tcpip.o)
                0x00205bdc                udp_new
 .text.tcpip_icmp6_call
                0x00205bf4       0x28 contiki-cc2538dk.a(tcpip.o)
                0x00205bf4                tcpip_icmp6_call
 .text.tcpip_input
                0x00205c1c       0x24 contiki-cc2538dk.a(tcpip.o)
                0x00205c1c                tcpip_input
 .text.tcpip_ipv6_output
                0x00205c40      0x120 contiki-cc2538dk.a(tcpip.o)
                0x00205c40                tcpip_ipv6_output
 .text.process_thread_tcpip_process
                0x00205d60      0x1e0 contiki-cc2538dk.a(tcpip.o)
 .text.tcpip_uipcall
                0x00205f40       0x7c contiki-cc2538dk.a(tcpip.o)
                0x00205f40                tcpip_uipcall
 .text.uip_debug_ipaddr_print
                0x00205fbc       0x64 contiki-cc2538dk.a(uip-debug.o)
                0x00205fbc                uip_debug_ipaddr_print
 .text.uip_udp_packet_send
                0x00206020       0x38 contiki-cc2538dk.a(uip-udp-packet.)
                0x00206020                uip_udp_packet_send
 .text.rpl_get_mode
                0x00206058        0xc contiki-cc2538dk.a(rpl.o)
                0x00206058                rpl_get_mode
 .text.rpl_purge_routes
                0x00206064       0x64 contiki-cc2538dk.a(rpl.o)
                0x00206064                rpl_purge_routes
 .text.rpl_link_neighbor_callback
                0x002060c8       0x70 contiki-cc2538dk.a(rpl.o)
                0x002060c8                rpl_link_neighbor_callback
 .text.rpl_ipv6_neighbor_callback
                0x00206138       0x28 contiki-cc2538dk.a(rpl.o)
                0x00206138                rpl_ipv6_neighbor_callback
 .text.rpl_init
                0x00206160       0x58 contiki-cc2538dk.a(rpl.o)
                0x00206160                rpl_init
 .text.rpl_set_preferred_parent
                0x002061b8       0x28 contiki-cc2538dk.a(rpl-dag.o)
 .text.set_ip_from_prefix
                0x002061e0       0x2c contiki-cc2538dk.a(rpl-dag.o)
 .text.find_parent_any_dag_any_instance
                0x0020620c       0x1c contiki-cc2538dk.a(rpl-dag.o)
 .text.rpl_get_nbr
                0x00206228       0x28 contiki-cc2538dk.a(rpl-dag.o)
                0x00206228                rpl_get_nbr
 .text.rpl_dag_init
                0x00206250       0x14 contiki-cc2538dk.a(rpl-dag.o)
                0x00206250                rpl_dag_init
 .text.rpl_get_parent
                0x00206264       0x10 contiki-cc2538dk.a(rpl-dag.o)
                0x00206264                rpl_get_parent
 .text.rpl_get_parent_ipaddr
                0x00206274       0x18 contiki-cc2538dk.a(rpl-dag.o)
                0x00206274                rpl_get_parent_ipaddr
 .text.rpl_alloc_instance
                0x0020628c       0x34 contiki-cc2538dk.a(rpl-dag.o)
                0x0020628c                rpl_alloc_instance
 .text.rpl_add_parent
                0x002062c0       0x44 contiki-cc2538dk.a(rpl-dag.o)
                0x002062c0                rpl_add_parent
 .text.rpl_select_parent
                0x00206304       0x6c contiki-cc2538dk.a(rpl-dag.o)
                0x00206304                rpl_select_parent
 .text.rpl_remove_parent
                0x00206370       0x1c contiki-cc2538dk.a(rpl-dag.o)
                0x00206370                rpl_remove_parent
 .text.remove_parents.constprop.4
                0x0020638c       0x2c contiki-cc2538dk.a(rpl-dag.o)
 .text.rpl_get_any_dag
                0x002063b8       0x18 contiki-cc2538dk.a(rpl-dag.o)
                0x002063b8                rpl_get_any_dag
 .text.rpl_get_instance
                0x002063d0       0x20 contiki-cc2538dk.a(rpl-dag.o)
                0x002063d0                rpl_get_instance
 .text.rpl_find_of
                0x002063f0       0x14 contiki-cc2538dk.a(rpl-dag.o)
                0x002063f0                rpl_find_of
 .text.rpl_join_instance
                0x00206404      0x124 contiki-cc2538dk.a(rpl-dag.o)
                0x00206404                rpl_join_instance
 .text.rpl_local_repair
                0x00206528       0x58 contiki-cc2538dk.a(rpl-dag.o)
                0x00206528                rpl_local_repair
 .text.rpl_recalculate_ranks
                0x00206580       0x3c contiki-cc2538dk.a(rpl-dag.o)
                0x00206580                rpl_recalculate_ranks
 .text.rpl_lock_parent
                0x002065bc       0x10 contiki-cc2538dk.a(rpl-dag.o)
                0x002065bc                rpl_lock_parent
 .text.rpl_verify_header
                0x002065cc       0x9c contiki-cc2538dk.a(rpl-ext-header.)
                0x002065cc                rpl_verify_header
 .text.rpl_update_header_empty
                0x00206668      0x13c contiki-cc2538dk.a(rpl-ext-header.)
                0x00206668                rpl_update_header_empty
 .text.rpl_update_header_final
                0x002067a4       0x88 contiki-cc2538dk.a(rpl-ext-header.)
                0x002067a4                rpl_update_header_final
 .text.rpl_invert_header
                0x0020682c       0x68 contiki-cc2538dk.a(rpl-ext-header.)
                0x0020682c                rpl_invert_header
 .text.rpl_insert_header
                0x00206894       0x1c contiki-cc2538dk.a(rpl-ext-header.)
                0x00206894                rpl_insert_header
 .text.dao_ack_input
                0x002068b0        0xc contiki-cc2538dk.a(rpl-icmp6.o)
 .text.dio_input
                0x002068bc      0x280 contiki-cc2538dk.a(rpl-icmp6.o)
 .text.dis_output
                0x00206b3c       0x54 contiki-cc2538dk.a(rpl-icmp6.o)
                0x00206b3c                dis_output
 .text.dio_output
                0x00206b90      0x20c contiki-cc2538dk.a(rpl-icmp6.o)
                0x00206b90                dio_output
 .text.dis_input
                0x00206d9c       0x34 contiki-cc2538dk.a(rpl-icmp6.o)
 .text.dao_output_target
                0x00206dd0       0xe0 contiki-cc2538dk.a(rpl-icmp6.o)
                0x00206dd0                dao_output_target
 .text.dao_output
                0x00206eb0       0x64 contiki-cc2538dk.a(rpl-icmp6.o)
                0x00206eb0                dao_output
 .text.dao_ack_output
                0x00206f14       0x34 contiki-cc2538dk.a(rpl-icmp6.o)
                0x00206f14                dao_ack_output
 .text.dao_input
                0x00206f48      0x224 contiki-cc2538dk.a(rpl-icmp6.o)
 .text.rpl_icmp6_register_handlers
                0x0020716c       0x30 contiki-cc2538dk.a(rpl-icmp6.o)
                0x0020716c                rpl_icmp6_register_handlers
 .text.new_dio_interval
                0x0020719c       0x58 contiki-cc2538dk.a(rpl-timers.o)
 .text.handle_periodic_timer
                0x002071f4       0x38 contiki-cc2538dk.a(rpl-timers.o)
 .text.set_dao_lifetime_timer
                0x0020722c       0x3c contiki-cc2538dk.a(rpl-timers.o)
 .text.handle_dio_timer
                0x00207268       0x80 contiki-cc2538dk.a(rpl-timers.o)
 .text.schedule_dao
                0x002072e8       0x54 contiki-cc2538dk.a(rpl-timers.o)
 .text.handle_dao_timer
                0x0020733c       0x58 contiki-cc2538dk.a(rpl-timers.o)
 .text.rpl_reset_periodic_timer
                0x00207394       0x34 contiki-cc2538dk.a(rpl-timers.o)
                0x00207394                rpl_reset_periodic_timer
 .text.rpl_schedule_probing
                0x002073c8       0x30 contiki-cc2538dk.a(rpl-timers.o)
                0x002073c8                rpl_schedule_probing
 .text.handle_probing_timer
                0x002073f8       0xd4 contiki-cc2538dk.a(rpl-timers.o)
 .text.index_from_key
                0x002074cc       0x20 contiki-cc2538dk.a(nbr-table.o)
 .text.index_from_lladdr
                0x002074ec       0x40 contiki-cc2538dk.a(nbr-table.o)
 .text.key_from_item
                0x0020752c       0x2c contiki-cc2538dk.a(nbr-table.o)
 .text.nbr_get_bit.constprop.0
                0x00207558       0x30 contiki-cc2538dk.a(nbr-table.o)
 .text.nbr_table_register
                0x00207588       0x28 contiki-cc2538dk.a(nbr-table.o)
                0x00207588                nbr_table_register
 .text.nbr_table_head
                0x002075b0       0x34 contiki-cc2538dk.a(nbr-table.o)
                0x002075b0                nbr_table_head
 .text.nbr_table_add_lladdr
                0x002075e4      0x11c contiki-cc2538dk.a(nbr-table.o)
                0x002075e4                nbr_table_add_lladdr
 .text.nbr_table_remove
                0x00207700       0x2c contiki-cc2538dk.a(nbr-table.o)
                0x00207700                nbr_table_remove
 .text.nbr_table_lock
                0x0020772c       0x14 contiki-cc2538dk.a(nbr-table.o)
                0x0020772c                nbr_table_lock
 .text.nbr_table_unlock
                0x00207740       0x14 contiki-cc2538dk.a(nbr-table.o)
                0x00207740                nbr_table_unlock
 .text.netstack_init
                0x00207754       0x30 contiki-cc2538dk.a(netstack.o)
                0x00207754                netstack_init
 .text.packetbuf_compact
                0x00207784       0x34 contiki-cc2538dk.a(packetbuf.o)
                0x00207784                packetbuf_compact
 .text.packetbuf_copyto
                0x002077b8       0x50 contiki-cc2538dk.a(packetbuf.o)
                0x002077b8                packetbuf_copyto
 .text.packetbuf_hdrreduce
                0x00207808       0x2c contiki-cc2538dk.a(packetbuf.o)
                0x00207808                packetbuf_hdrreduce
 .text.packetbuf_set_datalen
                0x00207834        0xc contiki-cc2538dk.a(packetbuf.o)
                0x00207834                packetbuf_set_datalen
 .text.packetbuf_dataptr
                0x00207840       0x14 contiki-cc2538dk.a(packetbuf.o)
                0x00207840                packetbuf_dataptr
 .text.packetbuf_hdrptr
                0x00207854       0x14 contiki-cc2538dk.a(packetbuf.o)
                0x00207854                packetbuf_hdrptr
 .text.packetbuf_datalen
                0x00207868        0xc contiki-cc2538dk.a(packetbuf.o)
                0x00207868                packetbuf_datalen
 .text.packetbuf_hdrlen
                0x00207874       0x1c contiki-cc2538dk.a(packetbuf.o)
                0x00207874                packetbuf_hdrlen
 .text.packetbuf_totlen
                0x00207890       0x14 contiki-cc2538dk.a(packetbuf.o)
                0x00207890                packetbuf_totlen
 .text.packetbuf_hdralloc
                0x002078a4       0x28 contiki-cc2538dk.a(packetbuf.o)
                0x002078a4                packetbuf_hdralloc
 .text.packetbuf_attr_clear
                0x002078cc       0x38 contiki-cc2538dk.a(packetbuf.o)
                0x002078cc                packetbuf_attr_clear
 .text.packetbuf_clear
                0x00207904       0x30 contiki-cc2538dk.a(packetbuf.o)
                0x00207904                packetbuf_clear
 .text.packetbuf_copyfrom
                0x00207934       0x2c contiki-cc2538dk.a(packetbuf.o)
                0x00207934                packetbuf_copyfrom
 .text.packetbuf_attr_copyto
                0x00207960       0x34 contiki-cc2538dk.a(packetbuf.o)
                0x00207960                packetbuf_attr_copyto
 .text.packetbuf_attr_copyfrom
                0x00207994       0x34 contiki-cc2538dk.a(packetbuf.o)
                0x00207994                packetbuf_attr_copyfrom
 .text.packetbuf_set_attr
                0x002079c8       0x10 contiki-cc2538dk.a(packetbuf.o)
                0x002079c8                packetbuf_set_attr
 .text.packetbuf_attr
                0x002079d8        0xc contiki-cc2538dk.a(packetbuf.o)
                0x002079d8                packetbuf_attr
 .text.packetbuf_set_addr
                0x002079e4       0x18 contiki-cc2538dk.a(packetbuf.o)
                0x002079e4                packetbuf_set_addr
 .text.packetbuf_addr
                0x002079fc       0x10 contiki-cc2538dk.a(packetbuf.o)
                0x002079fc                packetbuf_addr
 .text.packetbuf_holds_broadcast
                0x00207a0c       0x10 contiki-cc2538dk.a(packetbuf.o)
                0x00207a0c                packetbuf_holds_broadcast
 .text.queuebuf_init
                0x00207a1c       0x1c contiki-cc2538dk.a(queuebuf.o)
                0x00207a1c                queuebuf_init
 .text.queuebuf_numfree
                0x00207a38        0xc contiki-cc2538dk.a(queuebuf.o)
                0x00207a38                queuebuf_numfree
 .text.queuebuf_new_from_packetbuf
                0x00207a44       0x44 contiki-cc2538dk.a(queuebuf.o)
                0x00207a44                queuebuf_new_from_packetbuf
 .text.queuebuf_free
                0x00207a88       0x2c contiki-cc2538dk.a(queuebuf.o)
                0x00207a88                queuebuf_free
 .text.queuebuf_to_packetbuf
                0x00207ab4       0x30 contiki-cc2538dk.a(queuebuf.o)
                0x00207ab4                queuebuf_to_packetbuf
 .text.input_packet
                0x00207ae4        0xc contiki-cc2538dk.a(csma.o)
 .text.on       0x00207af0        0xc contiki-cc2538dk.a(csma.o)
 .text.off      0x00207afc        0xc contiki-cc2538dk.a(csma.o)
 .text.channel_check_interval
                0x00207b08       0x10 contiki-cc2538dk.a(csma.o)
 .text.transmit_packet_list
                0x00207b18       0x30 contiki-cc2538dk.a(csma.o)
 .text.send_packet
                0x00207b48      0x148 contiki-cc2538dk.a(csma.o)
 .text.init     0x00207c90       0x24 contiki-cc2538dk.a(csma.o)
 .text.free_packet
                0x00207cb4       0x90 contiki-cc2538dk.a(csma.o)
 .text.packet_sent
                0x00207d44       0xf8 contiki-cc2538dk.a(csma.o)
 .text.create_frame.isra.0
                0x00207e3c      0x110 contiki-cc2538dk.a(framer-802154.o)
 .text.framer_canonical_create_and_secure
                0x00207f4c       0x30 contiki-cc2538dk.a(framer.o)
                0x00207f4c                framer_canonical_create_and_secure
 .text.init     0x00207f7c       0x40 contiki-cc2538dk.a(contikimac.o)
 .text.on       0x00207fbc       0x2c contiki-cc2538dk.a(contikimac.o)
 .text.off      0x00207fe8       0x38 contiki-cc2538dk.a(contikimac.o)
 .text.recv_burst_off
                0x00208020       0x14 contiki-cc2538dk.a(contikimac.o)
 .text.powercycle_turn_radio_off
                0x00208034       0x1c contiki-cc2538dk.a(contikimac.o)
 .text.turn_off
                0x00208050       0x38 contiki-cc2538dk.a(contikimac.o)
 .text.turn_on  0x00208088       0x40 contiki-cc2538dk.a(contikimac.o)
 .text.schedule_powercycle_fixed
                0x002080c8       0x38 contiki-cc2538dk.a(contikimac.o)
 .text.input_packet
                0x00208100       0xa8 contiki-cc2538dk.a(contikimac.o)
 .text.send_packet.isra.7
                0x002081a8      0x1f8 contiki-cc2538dk.a(contikimac.o)
 .text.qsend_list
                0x002083a0       0xc0 contiki-cc2538dk.a(contikimac.o)
 .text.powercycle
                0x00208460      0x20c contiki-cc2538dk.a(contikimac.o)
 .text.input    0x0020866c        0xc contiki-cc2538dk.a(nullsec.o)
 .text.send     0x00208678       0x20 contiki-cc2538dk.a(nullsec.o)
 .text.leds_init
                0x00208698       0x14 contiki-cc2538dk.a(leds.o)
                0x00208698                leds_init
 .text.leds_on  0x002086ac       0x10 contiki-cc2538dk.a(leds.o)
                0x002086ac                leds_on
 .text.leds_off
                0x002086bc       0x14 contiki-cc2538dk.a(leds.o)
                0x002086bc                leds_off
 .text.leds_arch_init
                0x002086d0       0x10 contiki-cc2538dk.a(leds-arch.o)
                0x002086d0                leds_arch_init
 .text.leds_arch_set
                0x002086e0        0xc contiki-cc2538dk.a(leds-arch.o)
                0x002086e0                leds_arch_set
 .text.stimer_expired
                0x002086ec       0x20 contiki-cc2538dk.a(stimer.o)
                0x002086ec                stimer_expired
 .text.frame802154_parse
                0x0020870c      0x120 contiki-cc2538dk.a(frame802154.o)
                0x0020870c                frame802154_parse
 .text.mac_sequence_is_duplicate
                0x0020882c       0x38 contiki-cc2538dk.a(mac-sequence.o)
                0x0020882c                mac_sequence_is_duplicate
 .text.mac_sequence_register_seqno
                0x00208864       0x64 contiki-cc2538dk.a(mac-sequence.o)
                0x00208864                mac_sequence_register_seqno
 .text          0x002088c8       0x30 /usr/bin/../lib/gcc/arm-none-eabi/4.9.3/armv7-m/libgcc.a(_aeabi_uldivmod.o)
                0x002088c8                __aeabi_uldivmod
 .text          0x002088f8       0x60 /usr/bin/../lib/gcc/arm-none-eabi/4.9.3/armv7-m/libgcc.a(bpabi.o)
                0x002088f8                __gnu_ldivmod_helper
                0x00208928                __gnu_uldivmod_helper
 .text          0x00208958        0x4 /usr/bin/../lib/gcc/arm-none-eabi/4.9.3/armv7-m/libgcc.a(_dvmd_tls.o)
                0x00208958                __aeabi_ldiv0
                0x00208958                __aeabi_idiv0
 .text          0x0020895c      0x2ac /usr/bin/../lib/gcc/arm-none-eabi/4.9.3/armv7-m/libgcc.a(_divdi3.o)
                0x0020895c                __divdi3
 .text          0x00208c08      0x270 /usr/bin/../lib/gcc/arm-none-eabi/4.9.3/armv7-m/libgcc.a(_udivdi3.o)
                0x00208c08                __udivdi3
 .text.memcmp   0x00208e78       0x64 /usr/bin/../lib/gcc/arm-none-eabi/4.9.3/../../../../arm-none-eabi/lib/armv7-m/libc.a(lib_a-memcmp.o)
                0x00208e78                memcmp
 .text          0x00208edc       0xec /usr/bin/../lib/gcc/arm-none-eabi/4.9.3/../../../../arm-none-eabi/lib/armv7-m/libc.a(lib_a-memcpy.o)
                0x00208edc                memcpy
 .text.memmove  0x00208fc8       0xc8 /usr/bin/../lib/gcc/arm-none-eabi/4.9.3/../../../../arm-none-eabi/lib/armv7-m/libc.a(lib_a-memmove.o)
                0x00208fc8                memmove
 .text.memset   0x00209090       0x9c /usr/bin/../lib/gcc/arm-none-eabi/4.9.3/../../../../arm-none-eabi/lib/armv7-m/libc.a(lib_a-memset.o)
                0x00209090                memset
 .text.strlen   0x0020912c       0x5c /usr/bin/../lib/gcc/arm-none-eabi/4.9.3/../../../../arm-none-eabi/lib/armv7-m/libc.a(lib_a-strlen.o)
                0x0020912c                strlen
 .text.default_handler
                0x00209188        0x2 obj_cc2538dk/startup-gcc.o
                0x00209188                default_handler
                0x00209188                usb_isr
 .text.nmi_handler
                0x0020918a        0x6 obj_cc2538dk/startup-gcc.o
                0x0020918a                nmi_handler
 .text.fade     0x00209190       0x54 contiki-cc2538dk.a(contiki-main.o)
 .text.config   0x002091e4       0x40 contiki-cc2538dk.a(button-sensor.o)
 .text.status   0x00209224        0x4 contiki-cc2538dk.a(als-sensor.o)
 .text.clock_isr
                0x00209228        0x4 contiki-cc2538dk.a(clock.o)
                0x00209228                clock_isr
 .text.rtimer_arch_init
                0x0020922c        0x2 contiki-cc2538dk.a(rtimer-arch.o)
                0x0020922c                rtimer_arch_init
 .text.uart0_isr
                0x0020922e        0x6 contiki-cc2538dk.a(uart.o)
                0x0020922e                uart0_isr
 .text.uart1_isr
                0x00209234        0x6 contiki-cc2538dk.a(uart.o)
                0x00209234                uart1_isr
 .text.cpu_cpsie
                0x0020923a        0x8 contiki-cc2538dk.a(cpu.o)
                0x0020923a                cpu_cpsie
 .text.cpu_cpsid
                0x00209242        0x8 contiki-cc2538dk.a(cpu.o)
                0x00209242                cpu_cpsid
 .text.gpio_port_a_isr
                0x0020924a        0x6 contiki-cc2538dk.a(gpio.o)
                0x0020924a                gpio_port_a_isr
 .text.gpio_port_b_isr
                0x00209250        0x6 contiki-cc2538dk.a(gpio.o)
                0x00209250                gpio_port_b_isr
 .text.gpio_port_c_isr
                0x00209256        0x6 contiki-cc2538dk.a(gpio.o)
                0x00209256                gpio_port_c_isr
 .text.gpio_port_d_isr
                0x0020925c        0x6 contiki-cc2538dk.a(gpio.o)
                0x0020925c                gpio_port_d_isr
 .text.send     0x00209262       0x12 contiki-cc2538dk.a(cc2538-rf.o)
 .text.putchar  0x00209274       0x10 contiki-cc2538dk.a(dbg.o)
                0x00209274                putchar
 .text.dbg_send_bytes
                0x00209284       0x20 contiki-cc2538dk.a(dbg.o)
                0x00209284                dbg_send_bytes
 .text.puts     0x002092a4       0x20 contiki-cc2538dk.a(dbg.o)
                0x002092a4                puts
 .text.configure
                0x002092c4        0x4 contiki-cc2538dk.a(cc2538-temp-sen)
 .text.status   0x002092c8        0x4 contiki-cc2538dk.a(cc2538-temp-sen)
 .text.value    0x002092cc       0x34 contiki-cc2538dk.a(cc2538-temp-sen)
 .text.configure
                0x00209300        0x4 contiki-cc2538dk.a(vdd3-sensor.o)
 .text.status   0x00209304        0x4 contiki-cc2538dk.a(vdd3-sensor.o)
 .text.value    0x00209308       0x2a contiki-cc2538dk.a(vdd3-sensor.o)
 .text.write_str
                0x00209332       0x10 contiki-cc2538dk.a(dbg-printf.o)
 .text.buffer_str
                0x00209342       0x16 contiki-cc2538dk.a(dbg-sprintf.o)
 .text.autostart_start
                0x00209358       0x14 contiki-cc2538dk.a(autostart.o)
                0x00209358                autostart_start
 .text.energest_init
                0x0020936c        0x2 contiki-cc2538dk.a(energest.o)
                0x0020936c                energest_init
 .text.etimer_set
                0x0020936e       0x12 contiki-cc2538dk.a(etimer.o)
                0x0020936e                etimer_set
 .text.etimer_reset
                0x00209380       0x12 contiki-cc2538dk.a(etimer.o)
                0x00209380                etimer_reset
 .text.etimer_restart
                0x00209392       0x12 contiki-cc2538dk.a(etimer.o)
                0x00209392                etimer_restart
 .text.etimer_expired
                0x002093a4        0xa contiki-cc2538dk.a(etimer.o)
                0x002093a4                etimer_expired
 .text.etimer_expiration_time
                0x002093ae        0x6 contiki-cc2538dk.a(etimer.o)
                0x002093ae                etimer_expiration_time
 .text.call_process
                0x002093b4        0xc contiki-cc2538dk.a(process.o)
 .text.rtimer_init
                0x002093c0        0x4 contiki-cc2538dk.a(rtimer.o)
                0x002093c0                rtimer_init
 .text.timer_set
                0x002093c4        0xe contiki-cc2538dk.a(timer.o)
                0x002093c4                timer_set
 .text.timer_reset
                0x002093d2        0xa contiki-cc2538dk.a(timer.o)
                0x002093d2                timer_reset
 .text.timer_restart
                0x002093dc        0xc contiki-cc2538dk.a(timer.o)
                0x002093dc                timer_restart
 .text.timer_expired
                0x002093e8       0x1c contiki-cc2538dk.a(timer.o)
                0x002093e8                timer_expired
 .text.list_init
                0x00209404        0x6 contiki-cc2538dk.a(list.o)
                0x00209404                list_init
 .text.list_head
                0x0020940a        0x4 contiki-cc2538dk.a(list.o)
                0x0020940a                list_head
 .text.list_tail
                0x0020940e       0x10 contiki-cc2538dk.a(list.o)
                0x0020940e                list_tail
 .text.list_remove
                0x0020941e       0x28 contiki-cc2538dk.a(list.o)
                0x0020941e                list_remove
 .text.list_add
                0x00209446       0x1e contiki-cc2538dk.a(list.o)
                0x00209446                list_add
 .text.list_push
                0x00209464       0x12 contiki-cc2538dk.a(list.o)
                0x00209464                list_push
 .text.list_length
                0x00209476        0xe contiki-cc2538dk.a(list.o)
                0x00209476                list_length
 .text.list_item_next
                0x00209484        0x6 contiki-cc2538dk.a(list.o)
                0x00209484                list_item_next
 .text.ringbuf_init
                0x0020948a        0xe contiki-cc2538dk.a(ringbuf.o)
                0x0020948a                ringbuf_init
 .text.ringbuf_put
                0x00209498       0x28 contiki-cc2538dk.a(ringbuf.o)
                0x00209498                ringbuf_put
 .text.ringbuf_get
                0x002094c0       0x20 contiki-cc2538dk.a(ringbuf.o)
                0x002094c0                ringbuf_get
 .text.chksum   0x002094e0       0x38 contiki-cc2538dk.a(uip6.o)
 .text.uip_icmp6chksum
                0x00209518        0x6 contiki-cc2538dk.a(uip6.o)
                0x00209518                uip_icmp6chksum
 .text.uip_tcpchksum
                0x0020951e        0x6 contiki-cc2538dk.a(uip6.o)
                0x0020951e                uip_tcpchksum
 .text.uip_udpchksum
                0x00209524        0x6 contiki-cc2538dk.a(uip6.o)
                0x00209524                uip_udpchksum
 .text.uip_htonl
                0x0020952a       0x14 contiki-cc2538dk.a(uip6.o)
                0x0020952a                uip_htonl
 .text.uip_ds6_list_loop
                0x0020953e       0x48 contiki-cc2538dk.a(uip-ds6.o)
                0x0020953e                uip_ds6_list_loop
 .text.uip_ds6_maddr_rm
                0x00209586        0x8 contiki-cc2538dk.a(uip-ds6.o)
                0x00209586                uip_ds6_maddr_rm
 .text.uip_ds6_set_addr_iid
                0x0020958e       0x12 contiki-cc2538dk.a(uip-ds6.o)
                0x0020958e                uip_ds6_set_addr_iid
 .text.get_match_length
                0x002095a0       0x3a contiki-cc2538dk.a(uip-ds6.o)
                0x002095a0                get_match_length
 .text.uip_ds6_nbr_ipaddr_from_lladdr
                0x002095da        0x4 contiki-cc2538dk.a(uip-ds6-nbr.o)
                0x002095da                uip_ds6_nbr_ipaddr_from_lladdr
 .text.uip_ds6_nbr_lladdr_from_ipaddr
                0x002095de       0x12 contiki-cc2538dk.a(uip-ds6-nbr.o)
                0x002095de                uip_ds6_nbr_lladdr_from_ipaddr
 .text.uip_ds6_route_next
                0x002095f0        0x8 contiki-cc2538dk.a(uip-ds6-route.o)
                0x002095f0                uip_ds6_route_next
 .text.rm_routelist_callback
                0x002095f8        0x4 contiki-cc2538dk.a(uip-ds6-route.o)
 .text.uip_udp_packet_sendto
                0x002095fc       0x50 contiki-cc2538dk.a(uip-udp-packet.)
                0x002095fc                uip_udp_packet_sendto
 .text.rpl_remove_routes
                0x0020964c       0x1e contiki-cc2538dk.a(rpl.o)
                0x0020964c                rpl_remove_routes
 .text.rpl_remove_routes_by_nexthop
                0x0020966a       0x36 contiki-cc2538dk.a(rpl.o)
                0x0020966a                rpl_remove_routes_by_nexthop
 .text.rpl_add_route
                0x002096a0       0x28 contiki-cc2538dk.a(rpl.o)
                0x002096a0                rpl_add_route
 .text.lollipop_greater_than
                0x002096c8       0x34 contiki-cc2538dk.a(rpl-dag.o)
 .text.check_prefix
                0x002096fc       0x58 contiki-cc2538dk.a(rpl-dag.o)
 .text.rpl_set_prefix
                0x00209754       0x6c contiki-cc2538dk.a(rpl-dag.o)
                0x00209754                rpl_set_prefix
 .text.rpl_set_default_route
                0x002097c0       0x38 contiki-cc2538dk.a(rpl-dag.o)
                0x002097c0                rpl_set_default_route
 .text.rpl_find_parent
                0x002097f8       0x16 contiki-cc2538dk.a(rpl-dag.o)
                0x002097f8                rpl_find_parent
 .text.rpl_find_parent_any_dag
                0x0020980e       0x1e contiki-cc2538dk.a(rpl-dag.o)
                0x0020980e                rpl_find_parent_any_dag
 .text.rpl_select_dag
                0x0020982c      0x152 contiki-cc2538dk.a(rpl-dag.o)
                0x0020982c                rpl_select_dag
 .text.rpl_nullify_parent
                0x0020997e       0x48 contiki-cc2538dk.a(rpl-dag.o)
                0x0020997e                rpl_nullify_parent
 .text.nbr_callback
                0x002099c6        0x4 contiki-cc2538dk.a(rpl-dag.o)
 .text.rpl_move_parent
                0x002099ca       0x48 contiki-cc2538dk.a(rpl-dag.o)
                0x002099ca                rpl_move_parent
 .text.rpl_repair_root
                0x00209a12       0x48 contiki-cc2538dk.a(rpl-dag.o)
                0x00209a12                rpl_repair_root
 .text.rpl_alloc_dag
                0x00209a5a       0x48 contiki-cc2538dk.a(rpl-dag.o)
                0x00209a5a                rpl_alloc_dag
 .text.rpl_process_parent_event
                0x00209aa2       0x60 contiki-cc2538dk.a(rpl-dag.o)
                0x00209aa2                rpl_process_parent_event
 .text.rpl_add_dag
                0x00209b02      0x100 contiki-cc2538dk.a(rpl-dag.o)
                0x00209b02                rpl_add_dag
 .text.rpl_process_dio
                0x00209c02      0x29c contiki-cc2538dk.a(rpl-dag.o)
                0x00209c02                rpl_process_dio
 .text.get32    0x00209e9e       0x18 contiki-cc2538dk.a(rpl-icmp6.o)
 .text.set32    0x00209eb6       0x12 contiki-cc2538dk.a(rpl-icmp6.o)
 .text.get16    0x00209ec8        0xc contiki-cc2538dk.a(rpl-icmp6.o)
 .text.set16    0x00209ed4        0xa contiki-cc2538dk.a(rpl-icmp6.o)
 .text.reset    0x00209ede        0x2 contiki-cc2538dk.a(rpl-mrhof.o)
 .text.update_metric_container
                0x00209ee0        0x6 contiki-cc2538dk.a(rpl-mrhof.o)
 .text.calculate_rank
                0x00209ee6       0x34 contiki-cc2538dk.a(rpl-mrhof.o)
 .text.neighbor_link_callback
                0x00209f1a       0x46 contiki-cc2538dk.a(rpl-mrhof.o)
 .text.best_dag
                0x00209f60       0x2c contiki-cc2538dk.a(rpl-mrhof.o)
 .text.best_parent
                0x00209f8c       0x5a contiki-cc2538dk.a(rpl-mrhof.o)
 .text.rpl_reset_dio_timer
                0x00209fe6       0x1c contiki-cc2538dk.a(rpl-timers.o)
                0x00209fe6                rpl_reset_dio_timer
 .text.rpl_schedule_dao
                0x0020a002        0x8 contiki-cc2538dk.a(rpl-timers.o)
                0x0020a002                rpl_schedule_dao
 .text.linkaddr_copy
                0x0020a00a        0xa contiki-cc2538dk.a(linkaddr.o)
                0x0020a00a                linkaddr_copy
 .text.linkaddr_cmp
                0x0020a014       0x10 contiki-cc2538dk.a(linkaddr.o)
                0x0020a014                linkaddr_cmp
 .text.nbr_set_bit
                0x0020a024       0x38 contiki-cc2538dk.a(nbr-table.o)
 .text.item_from_key
                0x0020a05c       0x22 contiki-cc2538dk.a(nbr-table.o)
 .text.nbr_table_next
                0x0020a07e       0x2e contiki-cc2538dk.a(nbr-table.o)
                0x0020a07e                nbr_table_next
 .text.nbr_table_get_from_lladdr
                0x0020a0ac       0x32 contiki-cc2538dk.a(nbr-table.o)
                0x0020a0ac                nbr_table_get_from_lladdr
 .text.nbr_table_get_lladdr
                0x0020a0de        0xc contiki-cc2538dk.a(nbr-table.o)
                0x0020a0de                nbr_table_get_lladdr
 .text.queuebuf_update_attr_from_packetbuf
                0x0020a0ea        0xc contiki-cc2538dk.a(queuebuf.o)
                0x0020a0ea                queuebuf_update_attr_from_packetbuf
 .text.queuebuf_update_from_packetbuf
                0x0020a0f6       0x1c contiki-cc2538dk.a(queuebuf.o)
                0x0020a0f6                queuebuf_update_from_packetbuf
 .text.queuebuf_attr
                0x0020a112        0xc contiki-cc2538dk.a(queuebuf.o)
                0x0020a112                queuebuf_attr
 .text.parse    0x0020a11e       0x8e contiki-cc2538dk.a(framer-802154.o)
 .text.create   0x0020a1ac        0x6 contiki-cc2538dk.a(framer-802154.o)
 .text.hdr_length
                0x0020a1b2        0x6 contiki-cc2538dk.a(framer-802154.o)
 .text.mac_call_sent_callback
                0x0020a1b8       0x16 contiki-cc2538dk.a(mac.o)
                0x0020a1b8                mac_call_sent_callback
 .text.duty_cycle
                0x0020a1ce        0x4 contiki-cc2538dk.a(contikimac.o)
 .text.qsend_packet
                0x0020a1d2       0x22 contiki-cc2538dk.a(contikimac.o)
 .text.bootstrap
                0x0020a1f4        0x2 contiki-cc2538dk.a(nullsec.o)
 .text.on_frame_created
                0x0020a1f6        0x4 contiki-cc2538dk.a(nullsec.o)
 .text.get_overhead
                0x0020a1fa        0x4 contiki-cc2538dk.a(nullsec.o)
 .text.stimer_set
                0x0020a1fe        0xe contiki-cc2538dk.a(stimer.o)
                0x0020a1fe                stimer_set
 .text.memb_init
                0x0020a20c       0x20 contiki-cc2538dk.a(memb.o)
                0x0020a20c                memb_init
 .text.memb_alloc
                0x0020a22c       0x28 contiki-cc2538dk.a(memb.o)
                0x0020a22c                memb_alloc
 .text.memb_free
                0x0020a254       0x2c contiki-cc2538dk.a(memb.o)
                0x0020a254                memb_free
 .text.memb_inmemb
                0x0020a280       0x1c contiki-cc2538dk.a(memb.o)
                0x0020a280                memb_inmemb
 .text.memb_numfree
                0x0020a29c       0x1c contiki-cc2538dk.a(memb.o)
                0x0020a29c                memb_numfree
 .text.field_len
                0x0020a2b8       0x70 contiki-cc2538dk.a(frame802154.o)
 .text.frame802154_hdrlen
                0x0020a328       0x2c contiki-cc2538dk.a(frame802154.o)
                0x0020a328                frame802154_hdrlen
 .text.frame802154_create
                0x0020a354       0xc4 contiki-cc2538dk.a(frame802154.o)
                0x0020a354                frame802154_create
 *(SORT(.rodata*))
 .rodata.autostart_processes
                0x0020a418        0x8 udp-client.co
                0x0020a418                autostart_processes
 .rodata.button_select_sensor
                0x0020a420       0x10 contiki-cc2538dk.a(button-sensor.o)
                0x0020a420                button_select_sensor
 .rodata.button_up_sensor
                0x0020a430       0x10 contiki-cc2538dk.a(button-sensor.o)
                0x0020a430                button_up_sensor
 .rodata.button_left_sensor
                0x0020a440       0x10 contiki-cc2538dk.a(button-sensor.o)
                0x0020a440                button_left_sensor
 .rodata.button_right_sensor
                0x0020a450       0x10 contiki-cc2538dk.a(button-sensor.o)
                0x0020a450                button_right_sensor
 .rodata.button_down_sensor
                0x0020a460       0x10 contiki-cc2538dk.a(button-sensor.o)
                0x0020a460                button_down_sensor
 .rodata.als_sensor
                0x0020a470       0x10 contiki-cc2538dk.a(als-sensor.o)
                0x0020a470                als_sensor
 .rodata.uart_regs
                0x0020a480       0x58 contiki-cc2538dk.a(uart.o)
 .rodata.cc2538_rf_driver
                0x0020a4d8       0x38 contiki-cc2538dk.a(cc2538-rf.o)
                0x0020a4d8                cc2538_rf_driver
 .rodata.output_power
                0x0020a510       0x70 contiki-cc2538dk.a(cc2538-rf.o)
 .rodata.cc2538_temp_sensor
                0x0020a580       0x10 contiki-cc2538dk.a(cc2538-temp-sen)
                0x0020a580                cc2538_temp_sensor
 .rodata.vdd3_sensor
                0x0020a590       0x10 contiki-cc2538dk.a(vdd3-sensor.o)
                0x0020a590                vdd3_sensor
 .rodata.sicslowpan_driver
                0x0020a5a0        0xc contiki-cc2538dk.a(sicslowpan.o)
                0x0020a5a0                sicslowpan_driver
 .rodata.csma_driver
                0x0020a5ac       0x1c contiki-cc2538dk.a(csma.o)
                0x0020a5ac                csma_driver
 .rodata.framer_802154
                0x0020a5c8       0x10 contiki-cc2538dk.a(framer-802154.o)
                0x0020a5c8                framer_802154
 .rodata.contikimac_driver
                0x0020a5d8       0x20 contiki-cc2538dk.a(contikimac.o)
                0x0020a5d8                contikimac_driver
 .rodata.nullsec_driver
                0x0020a5f8       0x18 contiki-cc2538dk.a(nullsec.o)
                0x0020a5f8                nullsec_driver
 .rodata.str1.1
                0x0020a610       0xfd udp-client.co
 .rodata.str1.1
                0x0020a70d       0x63 contiki-cc2538dk.a(contiki-main.o)
 .rodata.str1.1
                0x0020a770        0x8 contiki-cc2538dk.a(sensors.o)
 .rodata.str1.1
                0x0020a778        0x7 contiki-cc2538dk.a(button-sensor.o)
 .rodata.str1.1
                0x0020a77f        0x4 contiki-cc2538dk.a(als-sensor.o)
 .rodata.str1.1
                0x0020a783       0x11 contiki-cc2538dk.a(cc2538-rf.o)
 .rodata.str1.1
                0x0020a794       0x14 contiki-cc2538dk.a(cc2538-temp-sen)
 .rodata.str1.1
                0x0020a7a8        0x5 contiki-cc2538dk.a(vdd3-sensor.o)
 .rodata.buffer.4159
                0x0020a7ad       0x10 contiki-cc2538dk.a(strformat.o)
 .rodata.str1.1
                0x0020a7bd       0x35 contiki-cc2538dk.a(strformat.o)
                                 0x37 (size before relaxing)
 .rodata.buffer.4150
                0x0020a7f2       0x10 contiki-cc2538dk.a(strformat.o)
 .rodata.str1.1
                0x0020a802        0xf contiki-cc2538dk.a(ctimer.o)
 .rodata.str1.1
                0x0020a811        0xc contiki-cc2538dk.a(etimer.o)
 .rodata.str1.1
                0x0020a81d        0xe contiki-cc2538dk.a(serial-line.o)
 .rodata        0x0020a82b        0x2 contiki-cc2538dk.a(sicslowpan.o)
 .rodata.ttl_values
                0x0020a82d        0x4 contiki-cc2538dk.a(sicslowpan.o)
 .rodata.unc_llconf
                0x0020a831        0x4 contiki-cc2538dk.a(sicslowpan.o)
                0x0020a831                unc_llconf
 .rodata.llprefix
                0x0020a835        0x2 contiki-cc2538dk.a(sicslowpan.o)
                0x0020a835                llprefix
 .rodata.unc_mxconf
                0x0020a837        0x4 contiki-cc2538dk.a(sicslowpan.o)
                0x0020a837                unc_mxconf
 .rodata.str1.1
                0x0020a83b        0xb contiki-cc2538dk.a(sicslowpan.o)
 .rodata.unc_ctxconf
                0x0020a846        0x4 contiki-cc2538dk.a(sicslowpan.o)
                0x0020a846                unc_ctxconf
 .rodata.str1.1
                0x0020a84a        0xd contiki-cc2538dk.a(tcpip.o)
 .rodata.str1.1
                0x0020a857       0x29 contiki-cc2538dk.a(uip-debug.o)
 .rodata.linkaddr_null
                0x0020a880        0x8 contiki-cc2538dk.a(linkaddr.o)
                0x0020a880                linkaddr_null
 .rodata.str1.1
                0x0020a888        0x5 contiki-cc2538dk.a(csma.o)
 .rodata.str1.1
                0x0020a88d        0xb contiki-cc2538dk.a(contikimac.o)
 .rodata.str1.1
                0x0020a898        0x8 contiki-cc2538dk.a(nullsec.o)
                0x0020a8a0                _etext = .

.glue_7         0x0020a8a0        0x0
 .glue_7        0x00000000        0x0 linker stubs

.glue_7t        0x0020a8a0        0x0
 .glue_7t       0x00000000        0x0 linker stubs

.vfp11_veneer   0x0020a8a0        0x0
 .vfp11_veneer  0x00000000        0x0 linker stubs

.v4_bx          0x0020a8a0        0x0
 .v4_bx         0x00000000        0x0 linker stubs

.iplt           0x0020a8a0        0x0
 .iplt          0x00000000        0x0 obj_cc2538dk/startup-gcc.o

.socdata        0x20000000       0x40
 *(SORT(.udma_channel_control_table))
 .udma_channel_control_table
                0x20000000       0x40 contiki-cc2538dk.a(udma.o)

.data           0x20000040      0x1be load address 0x0020a8a0
                0x20000040                _data = .
 *(SORT(.data*))
 .data.udp_client_process
                0x20000040       0x10 udp-client.co
                0x20000040                udp_client_process
 .data.sensors_process
                0x20000050       0x10 contiki-cc2538dk.a(sensors.o)
                0x20000050                sensors_process
 .data.sensors  0x20000060       0x24 contiki-cc2538dk.a(smartrf-sensors)
                0x20000060                sensors
 .data.cc2538_rf_process
                0x20000084       0x10 contiki-cc2538dk.a(cc2538-rf.o)
                0x20000084                cc2538_rf_process
 .data.ctxt     0x20000094        0x8 contiki-cc2538dk.a(dbg-printf.o)
 .data.ctimer_process
                0x2000009c       0x10 contiki-cc2538dk.a(ctimer.o)
                0x2000009c                ctimer_process
 .data.etimer_process
                0x200000ac       0x10 contiki-cc2538dk.a(etimer.o)
                0x200000ac                etimer_process
 .data.serial_line_process
                0x200000bc       0x10 contiki-cc2538dk.a(serial-line.o)
                0x200000bc                serial_line_process
 .data.ds6_neighbors
                0x200000cc        0x4 contiki-cc2538dk.a(uip-ds6-nbr.o)
                0x200000cc                ds6_neighbors
 .data.ds6_neighbors_struct
                0x200000d0       0x10 contiki-cc2538dk.a(uip-ds6-nbr.o)
 .data.defaultroutermemb
                0x200000e0        0xc contiki-cc2538dk.a(uip-ds6-route.o)
 .data.nbr_routes_struct
                0x200000ec       0x10 contiki-cc2538dk.a(uip-ds6-route.o)
 .data.routememb
                0x200000fc        0xc contiki-cc2538dk.a(uip-ds6-route.o)
 .data.neighborroutememb
                0x20000108        0xc contiki-cc2538dk.a(uip-ds6-route.o)
 .data.echo_request_handler
                0x20000114        0xc contiki-cc2538dk.a(uip-icmp6.o)
 .data.echo_reply_handler
                0x20000120        0xc contiki-cc2538dk.a(uip-icmp6.o)
 .data.ns_input_handler
                0x2000012c        0xc contiki-cc2538dk.a(uip-nd6.o)
 .data.na_input_handler
                0x20000138        0xc contiki-cc2538dk.a(uip-nd6.o)
 .data.tcpip_process
                0x20000144       0x10 contiki-cc2538dk.a(tcpip.o)
                0x20000144                tcpip_process
 .data.rpl_parents
                0x20000154        0x4 contiki-cc2538dk.a(rpl-dag.o)
                0x20000154                rpl_parents
 .data.rpl_parents_struct
                0x20000158       0x10 contiki-cc2538dk.a(rpl-dag.o)
 .data.dao_ack_handler
                0x20000168        0xc contiki-cc2538dk.a(rpl-icmp6.o)
 .data.dis_handler
                0x20000174        0xc contiki-cc2538dk.a(rpl-icmp6.o)
 .data.dao_handler
                0x20000180        0xc contiki-cc2538dk.a(rpl-icmp6.o)
 .data.dio_handler
                0x2000018c        0xc contiki-cc2538dk.a(rpl-icmp6.o)
 .data.rpl_mrhof
                0x20000198       0x1c contiki-cc2538dk.a(rpl-mrhof.o)
                0x20000198                rpl_mrhof
 .data.neighbor_addr_mem
                0x200001b4        0xc contiki-cc2538dk.a(nbr-table.o)
 .data.bufmem   0x200001c0        0xc contiki-cc2538dk.a(queuebuf.o)
 .data.buframmem
                0x200001cc        0xc contiki-cc2538dk.a(queuebuf.o)
 .data.metadata_memb
                0x200001d8        0xc contiki-cc2538dk.a(csma.o)
 .data.neighbor_memb
                0x200001e4        0xc contiki-cc2538dk.a(csma.o)
 .data.packet_memb
                0x200001f0        0xc contiki-cc2538dk.a(csma.o)
 .data.rf_channel
                0x200001fc        0x1 contiki-cc2538dk.a(cc2538-rf.o)
 .data.dao_sequence
                0x200001fd        0x1 contiki-cc2538dk.a(rpl-icmp6.o)
                0x200001fe                _edata = .
                0x0020a8a0                _ldata = LOADADDR (.data)

.igot.plt       0x20000200        0x0 load address 0x0020aa5e
 .igot.plt      0x00000000        0x0 obj_cc2538dk/startup-gcc.o

.ARM.exidx      0x0020aa60        0x8
 *(SORT(.ARM.exidx*))
 .ARM.exidx     0x0020aa60        0x8 /usr/bin/../lib/gcc/arm-none-eabi/4.9.3/armv7-m/libgcc.a(_divdi3.o)
 .ARM.exidx     0x0020aa68        0x0 /usr/bin/../lib/gcc/arm-none-eabi/4.9.3/armv7-m/libgcc.a(_udivdi3.o)
                                  0x8 (size before relaxing)

.bss            0x20000200     0x28bb
                0x20000200                _bss = .
 *(SORT(.bss*))
 .bss.rt_ticks_startup
                0x20000200        0x8 contiki-cc2538dk.a(clock.o)
 .bss.rt_ticks_epoch
                0x20000208        0x8 contiki-cc2538dk.a(clock.o)
 .bss.client_conn
                0x20000210        0x4 udp-client.co
 .bss.periodic.6339
                0x20000214       0x10 udp-client.co
 .bss.seq_id.6320
                0x20000224        0x4 udp-client.co
 .bss.backoff_timer.6340
                0x20000228       0x20 udp-client.co
 .bss.i.4710    0x20000248        0x4 contiki-cc2538dk.a(sensors.o)
 .bss.events.4711
                0x2000024c        0x4 contiki-cc2538dk.a(sensors.o)
 .bss.debouncetimer
                0x20000250        0x8 contiki-cc2538dk.a(button-sensor.o)
 .bss.next_trigger
                0x20000258        0x4 contiki-cc2538dk.a(rtimer-arch.o)
 .bss.input_handler
                0x2000025c        0x8 contiki-cc2538dk.a(uart.o)
 .bss.interrupt_disable
                0x20000264        0x4 contiki-cc2538dk.a(nvic.o)
 .bss.interrupt_pend
                0x20000268        0x4 contiki-cc2538dk.a(nvic.o)
 .bss.interrupt_unpend
                0x2000026c        0x4 contiki-cc2538dk.a(nvic.o)
 .bss.interrupt_enable
                0x20000270        0x4 contiki-cc2538dk.a(nvic.o)
 .bss.gpio_callbacks
                0x20000274       0x80 contiki-cc2538dk.a(gpio.o)
 .bss.ioc_sel   0x200002f4        0x4 contiki-cc2538dk.a(ioc.o)
 .bss.ioc_over  0x200002f8        0x4 contiki-cc2538dk.a(ioc.o)
 .bss.notification_process
                0x200002fc        0x4 contiki-cc2538dk.a(crypto.o)
 .bss.periph_permit_pm1_funcs
                0x20000300        0xc contiki-cc2538dk.a(lpm.o)
 .bss.ctimer_list_list
                0x2000030c        0x4 contiki-cc2538dk.a(ctimer.o)
 .bss.timerlist
                0x20000310        0x4 contiki-cc2538dk.a(etimer.o)
 .bss.next_expiration
                0x20000314        0x4 contiki-cc2538dk.a(etimer.o)
 .bss.data.5352
                0x20000318        0x4 contiki-cc2538dk.a(process.o)
 .bss.process_current
                0x2000031c        0x4 contiki-cc2538dk.a(process.o)
                0x2000031c                process_current
 .bss.p.5354    0x20000320        0x4 contiki-cc2538dk.a(process.o)
 .bss.process_list
                0x20000324        0x4 contiki-cc2538dk.a(process.o)
                0x20000324                process_list
 .bss.events    0x20000328      0x180 contiki-cc2538dk.a(process.o)
 .bss.receiver.5353
                0x200004a8        0x4 contiki-cc2538dk.a(process.o)
 .bss.next_rtimer
                0x200004ac        0x4 contiki-cc2538dk.a(rtimer.o)
 .bss.rxbuf     0x200004b0        0x8 contiki-cc2538dk.a(serial-line.o)
 .bss.ptr.4695  0x200004b8        0x4 contiki-cc2538dk.a(serial-line.o)
 .bss.context   0x200004bc        0x4 contiki-cc2538dk.a(sicslowpan.o)
 .bss.last_rssi
                0x200004c0        0x4 contiki-cc2538dk.a(sicslowpan.o)
 .bss.hc06_ptr  0x200004c4        0x4 contiki-cc2538dk.a(sicslowpan.o)
 .bss.reass_timer
                0x200004c8        0x8 contiki-cc2538dk.a(sicslowpan.o)
 .bss.packetbuf_ptr
                0x200004d0        0x4 contiki-cc2538dk.a(sicslowpan.o)
 .bss.packetbuf_payload_len
                0x200004d4        0x4 contiki-cc2538dk.a(sicslowpan.o)
 .bss.last_tx_status
                0x200004d8        0x4 contiki-cc2538dk.a(sicslowpan.o)
 .bss.sicslowpan_aligned_buf
                0x200004dc      0x514 contiki-cc2538dk.a(sicslowpan.o)
 .bss.callback  0x200009f0        0x4 contiki-cc2538dk.a(sicslowpan.o)
 .bss.locmaddr  0x200009f4        0x4 contiki-cc2538dk.a(uip-ds6.o)
 .bss.locprefix
                0x200009f8        0x4 contiki-cc2538dk.a(uip-ds6.o)
 .bss.locaddr   0x200009fc        0x4 contiki-cc2538dk.a(uip-ds6.o)
 .bss._ds6_neighbors_mem
                0x20000a00      0x320 contiki-cc2538dk.a(uip-ds6-nbr.o)
 .bss.defaultroutermemb_memb_mem
                0x20000d20       0x40 contiki-cc2538dk.a(uip-ds6-route.o)
 .bss.num_routes
                0x20000d60        0x4 contiki-cc2538dk.a(uip-ds6-route.o)
 .bss.defaultrouterlist_list
                0x20000d64        0x4 contiki-cc2538dk.a(uip-ds6-route.o)
 .bss._nbr_routes_mem
                0x20000d68       0xa0 contiki-cc2538dk.a(uip-ds6-route.o)
 .bss.routelist_list
                0x20000e08        0x4 contiki-cc2538dk.a(uip-ds6-route.o)
 .bss.routememb_memb_mem
                0x20000e0c      0x320 contiki-cc2538dk.a(uip-ds6-route.o)
 .bss.neighborroutememb_memb_mem
                0x2000112c       0xa0 contiki-cc2538dk.a(uip-ds6-route.o)
 .bss.notificationlist_list
                0x200011cc        0x4 contiki-cc2538dk.a(uip-ds6-route.o)
 .bss.echo_reply_callback_list_list
                0x200011d0        0x4 contiki-cc2538dk.a(uip-icmp6.o)
 .bss.input_handler_list_list
                0x200011d4        0x4 contiki-cc2538dk.a(uip-icmp6.o)
 .bss.defrt     0x200011d8        0x4 contiki-cc2538dk.a(uip-nd6.o)
 .bss.nbr       0x200011dc        0x4 contiki-cc2538dk.a(uip-nd6.o)
 .bss.nd6_opt_llao
                0x200011e0        0x4 contiki-cc2538dk.a(uip-nd6.o)
 .bss.addr      0x200011e4        0x4 contiki-cc2538dk.a(uip-nd6.o)
 .bss.s         0x200011e8       0x44 contiki-cc2538dk.a(tcpip.o)
 .bss.periodic  0x2000122c       0x10 contiki-cc2538dk.a(tcpip.o)
 .bss.outputfunc
                0x2000123c        0x4 contiki-cc2538dk.a(tcpip.o)
 .bss._rpl_parents_mem
                0x20001240      0x190 contiki-cc2538dk.a(rpl-dag.o)
 .bss.periodic_timer
                0x200013d0       0x20 contiki-cc2538dk.a(rpl-timers.o)
 .bss.nbr_table_keys_list
                0x200013f0        0x4 contiki-cc2538dk.a(nbr-table.o)
 .bss.neighbor_addr_mem_memb_mem
                0x200013f4       0xf0 contiki-cc2538dk.a(nbr-table.o)
 .bss.all_tables
                0x200014e4       0x20 contiki-cc2538dk.a(nbr-table.o)
 .bss.num_tables
                0x20001504        0x4 contiki-cc2538dk.a(nbr-table.o)
 .bss.packetbufptr
                0x20001508        0x4 contiki-cc2538dk.a(packetbuf.o)
 .bss.packetbuf_aligned
                0x2000150c       0xb0 contiki-cc2538dk.a(packetbuf.o)
 .bss.bufmem_memb_mem
                0x200015bc       0x20 contiki-cc2538dk.a(queuebuf.o)
 .bss.metadata_memb_memb_mem
                0x200015dc       0x60 contiki-cc2538dk.a(csma.o)
 .bss.neighbor_list_list
                0x2000163c        0x4 contiki-cc2538dk.a(csma.o)
 .bss.packet_memb_memb_mem
                0x20001640       0x60 contiki-cc2538dk.a(csma.o)
 .bss.neighbor_memb_memb_mem
                0x200016a0       0x70 contiki-cc2538dk.a(csma.o)
 .bss.cycle_start
                0x20001710        0x4 contiki-cc2538dk.a(contikimac.o)
 .bss.we_are_receiving_burst
                0x20001714        0x4 contiki-cc2538dk.a(contikimac.o)
 .bss.rt        0x20001718        0xc contiki-cc2538dk.a(contikimac.o)
 .bss.start.6966
                0x20001724        0x4 contiki-cc2538dk.a(contikimac.o)
 .bss.ct.7040   0x20001728       0x20 contiki-cc2538dk.a(contikimac.o)
 .bss.server_ipaddr
                0x20001748       0x10 udp-client.co
 .bss.reass_tag
                0x20001758        0x2 contiki-cc2538dk.a(sicslowpan.o)
 .bss.sicslowpan_len
                0x2000175a        0x2 contiki-cc2538dk.a(sicslowpan.o)
 .bss.my_tag    0x2000175c        0x2 contiki-cc2538dk.a(sicslowpan.o)
 .bss.processed_ip_in_len
                0x2000175e        0x2 contiki-cc2538dk.a(sicslowpan.o)
 .bss.tmp16     0x20001760        0x2 contiki-cc2538dk.a(uip6.o)
 .bss.lastport  0x20001762        0x2 contiki-cc2538dk.a(uip6.o)
 .bss.loc_fipaddr
                0x20001764       0x10 contiki-cc2538dk.a(uip-ds6.o)
 .bss.tmp_ipaddr
                0x20001774       0x10 contiki-cc2538dk.a(uip-icmp6.o)
 .bss.next_dis  0x20001784        0x2 contiki-cc2538dk.a(rpl-timers.o)
 .bss.buflen    0x20001786        0x2 contiki-cc2538dk.a(packetbuf.o)
 .bss.bufptr    0x20001788        0x2 contiki-cc2538dk.a(packetbuf.o)
 .bss.buframmem_memb_mem
                0x2000178a      0x580 contiki-cc2538dk.a(queuebuf.o)
 .bss.seqno.6225
                0x20001d0a        0x2 contiki-cc2538dk.a(csma.o)
 .bss.pt        0x20001d0c        0x2 contiki-cc2538dk.a(contikimac.o)
 .bss.num_sensors
                0x20001d0e        0x1 contiki-cc2538dk.a(sensors.o)
 .bss.rf_flags  0x20001d0f        0x1 contiki-cc2538dk.a(cc2538-rf.o)
 .bss.max_pm    0x20001d10        0x1 contiki-cc2538dk.a(lpm.o)
 .bss.initialized
                0x20001d11        0x1 contiki-cc2538dk.a(ctimer.o)
 .bss.snum.5369
                0x20001d12        0x1 contiki-cc2538dk.a(process.o)
 .bss.fevent    0x20001d13        0x1 contiki-cc2538dk.a(process.o)
 .bss.ev.5351   0x20001d14        0x1 contiki-cc2538dk.a(process.o)
 .bss.nevents   0x20001d15        0x1 contiki-cc2538dk.a(process.o)
 .bss.poll_requested
                0x20001d16        0x1 contiki-cc2538dk.a(process.o)
 .bss.lastevent
                0x20001d17        0x1 contiki-cc2538dk.a(process.o)
 .bss.rxbuf_data
                0x20001d18       0x80 contiki-cc2538dk.a(serial-line.o)
 .bss.overflow.4688
                0x20001d98        0x1 contiki-cc2538dk.a(serial-line.o)
 .bss.buf.4694  0x20001d99       0x80 contiki-cc2538dk.a(serial-line.o)
 .bss.uncomp_hdr_len
                0x20001e19        0x1 contiki-cc2538dk.a(sicslowpan.o)
 .bss.addr_contexts
                0x20001e1a        0xa contiki-cc2538dk.a(sicslowpan.o)
 .bss.packetbuf_hdr_len
                0x20001e24        0x1 contiki-cc2538dk.a(sicslowpan.o)
 .bss.uip_ext_len
                0x20001e25        0x1 contiki-cc2538dk.a(uip6.o)
                0x20001e25                uip_ext_len
 .bss.uip_ext_bitmap
                0x20001e26        0x1 contiki-cc2538dk.a(uip6.o)
                0x20001e26                uip_ext_bitmap
 .bss.iss       0x20001e27        0x4 contiki-cc2538dk.a(uip6.o)
 .bss.uip_ext_opt_offset
                0x20001e2b        0x1 contiki-cc2538dk.a(uip6.o)
                0x20001e2b                uip_ext_opt_offset
 .bss.c         0x20001e2c        0x1 contiki-cc2538dk.a(uip6.o)
 .bss.opt       0x20001e2d        0x1 contiki-cc2538dk.a(uip6.o)
 .bss.defaultroutermemb_memb_count
                0x20001e2e        0x2 contiki-cc2538dk.a(uip-ds6-route.o)
 .bss.neighborroutememb_memb_count
                0x20001e30       0x14 contiki-cc2538dk.a(uip-ds6-route.o)
 .bss.routememb_memb_count
                0x20001e44       0x14 contiki-cc2538dk.a(uip-ds6-route.o)
 .bss.nd6_opt_offset
                0x20001e58        0x1 contiki-cc2538dk.a(uip-nd6.o)
 .bss.i.7772    0x20001e59        0x1 contiki-cc2538dk.a(tcpip.o)
 .bss.i.7816    0x20001e5a        0x1 contiki-cc2538dk.a(tcpip.o)
 .bss.i.7828    0x20001e5b        0x1 contiki-cc2538dk.a(tcpip.o)
 .bss.mode      0x20001e5c        0x1 contiki-cc2538dk.a(rpl.o)
 .bss.dio_send_ok
                0x20001e5d        0x1 contiki-cc2538dk.a(rpl-timers.o)
 .bss.neighbor_addr_mem_memb_count
                0x20001e5e       0x14 contiki-cc2538dk.a(nbr-table.o)
 .bss.locked_map
                0x20001e72       0x14 contiki-cc2538dk.a(nbr-table.o)
 .bss.used_map  0x20001e86       0x14 contiki-cc2538dk.a(nbr-table.o)
 .bss.hdrptr    0x20001e9a        0x1 contiki-cc2538dk.a(packetbuf.o)
 .bss.buframmem_memb_count
                0x20001e9b        0x8 contiki-cc2538dk.a(queuebuf.o)
 .bss.bufmem_memb_count
                0x20001ea3        0x8 contiki-cc2538dk.a(queuebuf.o)
 .bss.packet_memb_memb_count
                0x20001eab        0x8 contiki-cc2538dk.a(csma.o)
 .bss.metadata_memb_memb_count
                0x20001eb3        0x8 contiki-cc2538dk.a(csma.o)
 .bss.initialized.6224
                0x20001ebb        0x1 contiki-cc2538dk.a(csma.o)
 .bss.neighbor_memb_memb_count
                0x20001ebc        0x2 contiki-cc2538dk.a(csma.o)
 .bss.mac_dsn   0x20001ebe        0x1 contiki-cc2538dk.a(framer-802154.o)
 .bss.initialized
                0x20001ebf        0x1 contiki-cc2538dk.a(framer-802154.o)
 .bss.radio_is_on
                0x20001ec0        0x1 contiki-cc2538dk.a(contikimac.o)
 .bss.we_are_sending
                0x20001ec1        0x1 contiki-cc2538dk.a(contikimac.o)
 .bss.contikimac_keep_radio_on
                0x20001ec2        0x1 contiki-cc2538dk.a(contikimac.o)
 .bss.periods.6968
                0x20001ec3        0x1 contiki-cc2538dk.a(contikimac.o)
 .bss.packet_seen.6960
                0x20001ec4        0x1 contiki-cc2538dk.a(contikimac.o)
 .bss.count.6961
                0x20001ec5        0x1 contiki-cc2538dk.a(contikimac.o)
 .bss.contikimac_is_on
                0x20001ec6        0x1 contiki-cc2538dk.a(contikimac.o)
 .bss.silence_periods.6967
                0x20001ec7        0x1 contiki-cc2538dk.a(contikimac.o)
 .bss.leds      0x20001ec8        0x1 contiki-cc2538dk.a(leds.o)
 .bss.received_seqnos
                0x20001ec9       0x90 contiki-cc2538dk.a(mac-sequence.o)
 *(SORT(COMMON))
 *fill*         0x20001f59        0x3 
 COMMON         0x20001f5c      0x878 contiki-cc2538dk.a(uip6.o)
                0x20001f5c                uip_len
                0x20001f60                uip_sappdata
                0x20001f64                uip_acc32
                0x20001f68                uip_lladdr
                0x20001f70                uip_aligned_buf
                0x20002484                uip_flags
                0x20002488                uip_next_hdr
                0x2000248c                uip_udp_conn
                0x20002490                uip_appdata
                0x20002494                uip_conn
                0x20002498                uip_conns
                0x20002678                uip_icmp6_conns
                0x20002680                uip_listenports
                0x20002690                uip_slen
                0x20002694                uip_udp_conns
 COMMON         0x200027d4      0x174 contiki-cc2538dk.a(uip-ds6.o)
                0x200027d4                uip_ds6_timer_ra
                0x200027dc                uip_ds6_if
                0x200028d4                uip_ds6_netif_addr_list_offset
                0x200028d5                uip_ds6_addr_size
                0x200028d8                uip_ds6_prefix_list
                0x20002938                uip_ds6_timer_periodic
 COMMON         0x20002948      0x128 contiki-cc2538dk.a(rpl-dag.o)
                0x20002948                default_instance
                0x2000294c                instance_table
 COMMON         0x20002a70       0x2e contiki-cc2538dk.a(packetbuf.o)
                0x20002a70                packetbuf_addrs
                0x20002a80                packetbuf_attrs
 COMMON         0x20002a9e        0x1 contiki-cc2538dk.a(sensors.o)
                0x20002a9e                sensors_event
 COMMON         0x20002a9f        0x9 contiki-cc2538dk.a(smartrf-sensors)
                0x20002a9f                sensors_flags
 COMMON         0x20002aa8        0x1 contiki-cc2538dk.a(serial-line.o)
                0x20002aa8                serial_line_event_message
 COMMON         0x20002aa9        0x8 contiki-cc2538dk.a(sicslowpan.o)
                0x20002aa9                frag_sender
 COMMON         0x20002ab1        0x2 contiki-cc2538dk.a(tcpip.o)
                0x20002ab1                tcpip_event
                0x20002ab2                tcpip_icmp6_event
 COMMON         0x20002ab3        0x8 contiki-cc2538dk.a(linkaddr.o)
                0x20002ab3                linkaddr_node_addr
                0x20002abb                _ebss = .

.stack          0x20002abc      0x800
 *(SORT(.stack))
 .stack         0x20002abc      0x800 obj_cc2538dk/startup-gcc.o

.flashcca       0x0027ffd4       0x2c
 *(SORT(.flashcca))
 .flashcca      0x0027ffd4       0x2c obj_cc2538dk/startup-gcc.o
                0x0027ffd4                __cca
OUTPUT(udp-client.elf elf32-littlearm)

.rel.dyn        0x00280000        0x0
 .rel.iplt      0x00000000        0x0 obj_cc2538dk/startup-gcc.o

.comment        0x00000000       0x70
 .comment       0x00000000       0x70 obj_cc2538dk/startup-gcc.o
                                 0x71 (size before relaxing)
 .comment       0x00000000       0x71 udp-client.co
 .comment       0x00000000       0x71 contiki-cc2538dk.a(contiki-main.o)
 .comment       0x00000000       0x71 contiki-cc2538dk.a(sensors.o)
 .comment       0x00000000       0x71 contiki-cc2538dk.a(smartrf-sensors)
 .comment       0x00000000       0x71 contiki-cc2538dk.a(button-sensor.o)
 .comment       0x00000000       0x71 contiki-cc2538dk.a(als-sensor.o)
 .comment       0x00000000       0x71 contiki-cc2538dk.a(clock.o)
 .comment       0x00000000       0x71 contiki-cc2538dk.a(rtimer-arch.o)
 .comment       0x00000000       0x71 contiki-cc2538dk.a(uart.o)
 .comment       0x00000000       0x71 contiki-cc2538dk.a(watchdog.o)
 .comment       0x00000000       0x71 contiki-cc2538dk.a(nvic.o)
 .comment       0x00000000       0x71 contiki-cc2538dk.a(cpu.o)
 .comment       0x00000000       0x71 contiki-cc2538dk.a(sys-ctrl.o)
 .comment       0x00000000       0x71 contiki-cc2538dk.a(gpio.o)
 .comment       0x00000000       0x71 contiki-cc2538dk.a(ioc.o)
 .comment       0x00000000       0x71 contiki-cc2538dk.a(adc.o)
 .comment       0x00000000       0x71 contiki-cc2538dk.a(crypto.o)
 .comment       0x00000000       0x71 contiki-cc2538dk.a(cc2538-rf.o)
 .comment       0x00000000       0x71 contiki-cc2538dk.a(udma.o)
 .comment       0x00000000       0x71 contiki-cc2538dk.a(lpm.o)
 .comment       0x00000000       0x71 contiki-cc2538dk.a(dbg.o)
 .comment       0x00000000       0x71 contiki-cc2538dk.a(ieee-addr.o)
 .comment       0x00000000       0x71 contiki-cc2538dk.a(cc2538-temp-sen)
 .comment       0x00000000       0x71 contiki-cc2538dk.a(vdd3-sensor.o)
 .comment       0x00000000       0x71 contiki-cc2538dk.a(dbg-printf.o)
 .comment       0x00000000       0x71 contiki-cc2538dk.a(dbg-sprintf.o)
 .comment       0x00000000       0x71 contiki-cc2538dk.a(strformat.o)
 .comment       0x00000000       0x71 contiki-cc2538dk.a(autostart.o)
 .comment       0x00000000       0x71 contiki-cc2538dk.a(ctimer.o)
 .comment       0x00000000       0x71 contiki-cc2538dk.a(energest.o)
 .comment       0x00000000       0x71 contiki-cc2538dk.a(etimer.o)
 .comment       0x00000000       0x71 contiki-cc2538dk.a(process.o)
 .comment       0x00000000       0x71 contiki-cc2538dk.a(rtimer.o)
 .comment       0x00000000       0x71 contiki-cc2538dk.a(timer.o)
 .comment       0x00000000       0x71 contiki-cc2538dk.a(serial-line.o)
 .comment       0x00000000       0x71 contiki-cc2538dk.a(list.o)
 .comment       0x00000000       0x71 contiki-cc2538dk.a(random.o)
 .comment       0x00000000       0x71 contiki-cc2538dk.a(ringbuf.o)
 .comment       0x00000000       0x71 contiki-cc2538dk.a(sicslowpan.o)
 .comment       0x00000000       0x71 contiki-cc2538dk.a(uip6.o)
 .comment       0x00000000       0x71 contiki-cc2538dk.a(uip-ds6.o)
 .comment       0x00000000       0x71 contiki-cc2538dk.a(uip-ds6-nbr.o)
 .comment       0x00000000       0x71 contiki-cc2538dk.a(uip-ds6-route.o)
 .comment       0x00000000       0x71 contiki-cc2538dk.a(uip-icmp6.o)
 .comment       0x00000000       0x71 contiki-cc2538dk.a(uip-nd6.o)
 .comment       0x00000000       0x71 contiki-cc2538dk.a(tcpip.o)
 .comment       0x00000000       0x71 contiki-cc2538dk.a(uip-debug.o)
 .comment       0x00000000       0x71 contiki-cc2538dk.a(uip-udp-packet.)
 .comment       0x00000000       0x71 contiki-cc2538dk.a(rpl.o)
 .comment       0x00000000       0x71 contiki-cc2538dk.a(rpl-dag.o)
 .comment       0x00000000       0x71 contiki-cc2538dk.a(rpl-ext-header.)
 .comment       0x00000000       0x71 contiki-cc2538dk.a(rpl-icmp6.o)
 .comment       0x00000000       0x71 contiki-cc2538dk.a(rpl-mrhof.o)
 .comment       0x00000000       0x71 contiki-cc2538dk.a(rpl-timers.o)
 .comment       0x00000000       0x71 contiki-cc2538dk.a(linkaddr.o)
 .comment       0x00000000       0x71 contiki-cc2538dk.a(nbr-table.o)
 .comment       0x00000000       0x71 contiki-cc2538dk.a(netstack.o)
 .comment       0x00000000       0x71 contiki-cc2538dk.a(packetbuf.o)
 .comment       0x00000000       0x71 contiki-cc2538dk.a(queuebuf.o)
 .comment       0x00000000       0x71 contiki-cc2538dk.a(csma.o)
 .comment       0x00000000       0x71 contiki-cc2538dk.a(framer-802154.o)
 .comment       0x00000000       0x71 contiki-cc2538dk.a(framer.o)
 .comment       0x00000000       0x71 contiki-cc2538dk.a(mac.o)
 .comment       0x00000000       0x71 contiki-cc2538dk.a(contikimac.o)
 .comment       0x00000000       0x71 contiki-cc2538dk.a(nullsec.o)
 .comment       0x00000000       0x71 contiki-cc2538dk.a(leds.o)
 .comment       0x00000000       0x71 contiki-cc2538dk.a(leds-arch.o)
 .comment       0x00000000       0x71 contiki-cc2538dk.a(stimer.o)
 .comment       0x00000000       0x71 contiki-cc2538dk.a(memb.o)
 .comment       0x00000000       0x71 contiki-cc2538dk.a(frame802154.o)
 .comment       0x00000000       0x71 contiki-cc2538dk.a(mac-sequence.o)

.ARM.attributes
                0x00000000       0x31
 .ARM.attributes
                0x00000000       0x33 obj_cc2538dk/startup-gcc.o
 .ARM.attributes
                0x00000033       0x33 udp-client.co
 .ARM.attributes
                0x00000066       0x33 contiki-cc2538dk.a(contiki-main.o)
 .ARM.attributes
                0x00000099       0x33 contiki-cc2538dk.a(sensors.o)
 .ARM.attributes
                0x000000cc       0x33 contiki-cc2538dk.a(smartrf-sensors)
 .ARM.attributes
                0x000000ff       0x33 contiki-cc2538dk.a(button-sensor.o)
 .ARM.attributes
                0x00000132       0x33 contiki-cc2538dk.a(als-sensor.o)
 .ARM.attributes
                0x00000165       0x33 contiki-cc2538dk.a(clock.o)
 .ARM.attributes
                0x00000198       0x33 contiki-cc2538dk.a(rtimer-arch.o)
 .ARM.attributes
                0x000001cb       0x33 contiki-cc2538dk.a(uart.o)
 .ARM.attributes
                0x000001fe       0x33 contiki-cc2538dk.a(watchdog.o)
 .ARM.attributes
                0x00000231       0x33 contiki-cc2538dk.a(nvic.o)
 .ARM.attributes
                0x00000264       0x33 contiki-cc2538dk.a(cpu.o)
 .ARM.attributes
                0x00000297       0x33 contiki-cc2538dk.a(sys-ctrl.o)
 .ARM.attributes
                0x000002ca       0x33 contiki-cc2538dk.a(gpio.o)
 .ARM.attributes
                0x000002fd       0x33 contiki-cc2538dk.a(ioc.o)
 .ARM.attributes
                0x00000330       0x33 contiki-cc2538dk.a(adc.o)
 .ARM.attributes
                0x00000363       0x33 contiki-cc2538dk.a(crypto.o)
 .ARM.attributes
                0x00000396       0x33 contiki-cc2538dk.a(cc2538-rf.o)
 .ARM.attributes
                0x000003c9       0x33 contiki-cc2538dk.a(udma.o)
 .ARM.attributes
                0x000003fc       0x33 contiki-cc2538dk.a(lpm.o)
 .ARM.attributes
                0x0000042f       0x33 contiki-cc2538dk.a(dbg.o)
 .ARM.attributes
                0x00000462       0x33 contiki-cc2538dk.a(ieee-addr.o)
 .ARM.attributes
                0x00000495       0x33 contiki-cc2538dk.a(cc2538-temp-sen)
 .ARM.attributes
                0x000004c8       0x33 contiki-cc2538dk.a(vdd3-sensor.o)
 .ARM.attributes
                0x000004fb       0x33 contiki-cc2538dk.a(dbg-printf.o)
 .ARM.attributes
                0x0000052e       0x33 contiki-cc2538dk.a(dbg-sprintf.o)
 .ARM.attributes
                0x00000561       0x33 contiki-cc2538dk.a(strformat.o)
 .ARM.attributes
                0x00000594       0x33 contiki-cc2538dk.a(autostart.o)
 .ARM.attributes
                0x000005c7       0x33 contiki-cc2538dk.a(ctimer.o)
 .ARM.attributes
                0x000005fa       0x33 contiki-cc2538dk.a(energest.o)
 .ARM.attributes
                0x0000062d       0x33 contiki-cc2538dk.a(etimer.o)
 .ARM.attributes
                0x00000660       0x33 contiki-cc2538dk.a(process.o)
 .ARM.attributes
                0x00000693       0x33 contiki-cc2538dk.a(rtimer.o)
 .ARM.attributes
                0x000006c6       0x33 contiki-cc2538dk.a(timer.o)
 .ARM.attributes
                0x000006f9       0x33 contiki-cc2538dk.a(serial-line.o)
 .ARM.attributes
                0x0000072c       0x33 contiki-cc2538dk.a(list.o)
 .ARM.attributes
                0x0000075f       0x33 contiki-cc2538dk.a(random.o)
 .ARM.attributes
                0x00000792       0x33 contiki-cc2538dk.a(ringbuf.o)
 .ARM.attributes
                0x000007c5       0x33 contiki-cc2538dk.a(sicslowpan.o)
 .ARM.attributes
                0x000007f8       0x33 contiki-cc2538dk.a(uip6.o)
 .ARM.attributes
                0x0000082b       0x33 contiki-cc2538dk.a(uip-ds6.o)
 .ARM.attributes
                0x0000085e       0x33 contiki-cc2538dk.a(uip-ds6-nbr.o)
 .ARM.attributes
                0x00000891       0x33 contiki-cc2538dk.a(uip-ds6-route.o)
 .ARM.attributes
                0x000008c4       0x33 contiki-cc2538dk.a(uip-icmp6.o)
 .ARM.attributes
                0x000008f7       0x33 contiki-cc2538dk.a(uip-nd6.o)
 .ARM.attributes
                0x0000092a       0x33 contiki-cc2538dk.a(tcpip.o)
 .ARM.attributes
                0x0000095d       0x33 contiki-cc2538dk.a(uip-debug.o)
 .ARM.attributes
                0x00000990       0x33 contiki-cc2538dk.a(uip-udp-packet.)
 .ARM.attributes
                0x000009c3       0x33 contiki-cc2538dk.a(rpl.o)
 .ARM.attributes
                0x000009f6       0x33 contiki-cc2538dk.a(rpl-dag.o)
 .ARM.attributes
                0x00000a29       0x33 contiki-cc2538dk.a(rpl-ext-header.)
 .ARM.attributes
                0x00000a5c       0x33 contiki-cc2538dk.a(rpl-icmp6.o)
 .ARM.attributes
                0x00000a8f       0x33 contiki-cc2538dk.a(rpl-mrhof.o)
 .ARM.attributes
                0x00000ac2       0x33 contiki-cc2538dk.a(rpl-timers.o)
 .ARM.attributes
                0x00000af5       0x33 contiki-cc2538dk.a(linkaddr.o)
 .ARM.attributes
                0x00000b28       0x33 contiki-cc2538dk.a(nbr-table.o)
 .ARM.attributes
                0x00000b5b       0x33 contiki-cc2538dk.a(netstack.o)
 .ARM.attributes
                0x00000b8e       0x33 contiki-cc2538dk.a(packetbuf.o)
 .ARM.attributes
                0x00000bc1       0x33 contiki-cc2538dk.a(queuebuf.o)
 .ARM.attributes
                0x00000bf4       0x33 contiki-cc2538dk.a(csma.o)
 .ARM.attributes
                0x00000c27       0x33 contiki-cc2538dk.a(framer-802154.o)
 .ARM.attributes
                0x00000c5a       0x33 contiki-cc2538dk.a(framer.o)
 .ARM.attributes
                0x00000c8d       0x33 contiki-cc2538dk.a(mac.o)
 .ARM.attributes