Archive member included because of file (symbol)

contiki-sky.a(collect-view.o)
                              udp-sender.co (collect_view_construct_message)
contiki-sky.a(collect-view-sk)
                              contiki-sky.a(collect-view.o) (collect_view_arch_read_sensors)
contiki-sky.a(contiki-sky-pla)
                              obj_sky/contiki-sky-main.o (init_platform)
contiki-sky.a(sht11-sensor.o)
                              contiki-sky.a(collect-view-sk) (sht11_sensor)
contiki-sky.a(light-sensor.o)
                              contiki-sky.a(collect-view-sk) (light_sensor)
contiki-sky.a(battery-sensor.)
                              contiki-sky.a(collect-view-sk) (battery_sensor)
contiki-sky.a(button-sensor.o)
                              contiki-sky.a(contiki-sky-pla) (button_sensor)
contiki-sky.a(ds2411.o)       obj_sky/contiki-sky-main.o (ds2411_init)
contiki-sky.a(xmem.o)         obj_sky/contiki-sky-main.o (xmem_init)
contiki-sky.a(node-id.o)      obj_sky/contiki-sky-main.o (node_id_restore)
contiki-sky.a(sensors.o)      contiki-sky.a(button-sensor.o) (sensors_changed)
contiki-sky.a(cc2420.o)       obj_sky/contiki-sky-main.o (cc2420_set_pan_addr)
contiki-sky.a(cc2420-arch.o)  contiki-sky.a(cc2420.o) (cc2420_arch_init)
contiki-sky.a(sky-sensors.o)  contiki-sky.a(light-sensor.o) (sky_sensors_status)
contiki-sky.a(uart1.o)        obj_sky/contiki-sky-main.o (uart1_active)
contiki-sky.a(uart1-putchar.o)
                              udp-sender.co (putchar)
contiki-sky.a(msp430.o)       contiki-sky.a(uart1.o) (msp430_add_lpm_req)
contiki-sky.a(clock.o)        contiki-sky.a(collect-view.o) (clock_time)
contiki-sky.a(leds.o)         obj_sky/contiki-sky-main.o (leds_init)
contiki-sky.a(leds-arch.o)    contiki-sky.a(leds.o) (leds_arch_init)
contiki-sky.a(watchdog.o)     obj_sky/contiki-sky-main.o (watchdog_start)
contiki-sky.a(rtimer-arch.o)  obj_sky/contiki-sky-main.o (rtimer_arch_now)
contiki-sky.a(autostart.o)    obj_sky/contiki-sky-main.o (autostart_start)
contiki-sky.a(ctimer.o)       obj_sky/contiki-sky-main.o (ctimer_init)
contiki-sky.a(energest.o)     obj_sky/contiki-sky-main.o (energest_init)
contiki-sky.a(etimer.o)       contiki-sky.a(clock.o) (etimer_request_poll)
contiki-sky.a(process.o)      udp-sender.co (process_current)
contiki-sky.a(rtimer.o)       obj_sky/contiki-sky-main.o (rtimer_init)
contiki-sky.a(timer.o)        obj_sky/contiki-sky-main.o (timer_set)
contiki-sky.a(serial-line.o)  obj_sky/collect-common.o (serial_line_event_message)
contiki-sky.a(list.o)         contiki-sky.a(ctimer.o) (list_init)
contiki-sky.a(random.o)       obj_sky/contiki-sky-main.o (random_init)
contiki-sky.a(ringbuf.o)      contiki-sky.a(serial-line.o) (ringbuf_init)
contiki-sky.a(sicslowpan.o)   obj_sky/contiki-sky-main.o (sicslowpan_driver)
contiki-sky.a(uip6.o)         contiki-sky.a(sicslowpan.o) (uip_aligned_buf)
contiki-sky.a(uip-ds6.o)      contiki-sky.a(uip6.o) (uip_ds6_is_addr_onlink)
contiki-sky.a(uip-ds6-nbr.o)  contiki-sky.a(uip-ds6.o) (uip_ds6_neighbors_init)
contiki-sky.a(uip-ds6-route.o)
                              contiki-sky.a(uip-ds6.o) (uip_ds6_route_init)
contiki-sky.a(uip-icmp6.o)    contiki-sky.a(uip6.o) (uip_icmp6_input)
contiki-sky.a(uip-nd6.o)      contiki-sky.a(uip6.o) (uip_nd6_init)
contiki-sky.a(tcpip.o)        contiki-sky.a(sicslowpan.o) (tcpip_set_outputfunc)
contiki-sky.a(uip-debug.o)    udp-sender.co (uip_debug_ipaddr_print)
contiki-sky.a(uip-udp-packet.)
                              udp-sender.co (uip_udp_packet_sendto)
contiki-sky.a(rpl.o)          contiki-sky.a(uip-ds6-nbr.o) (rpl_link_neighbor_callback)
contiki-sky.a(rpl-dag.o)      contiki-sky.a(rpl.o) (default_instance)
contiki-sky.a(rpl-ext-header.)
                              contiki-sky.a(uip6.o) (rpl_verify_header)
contiki-sky.a(rpl-icmp6.o)    contiki-sky.a(rpl.o) (dao_output_target)
contiki-sky.a(rpl-mrhof.o)    contiki-sky.a(rpl.o) (rpl_mrhof)
contiki-sky.a(rpl-timers.o)   contiki-sky.a(rpl.o) (rpl_reset_periodic_timer)
contiki-sky.a(csma.o)         obj_sky/contiki-sky-main.o (csma_driver)
contiki-sky.a(framer-802154.o)
                              contiki-sky.a(sicslowpan.o) (framer_802154)
contiki-sky.a(framer.o)       contiki-sky.a(framer-802154.o) (framer_canonical_create_and_secure)
contiki-sky.a(mac.o)          contiki-sky.a(csma.o) (mac_call_sent_callback)
contiki-sky.a(linkaddr.o)     udp-sender.co (linkaddr_copy)
contiki-sky.a(nbr-table.o)    contiki-sky.a(uip-ds6-nbr.o) (nbr_table_register)
contiki-sky.a(packetbuf.o)    contiki-sky.a(framer.o) (packetbuf_compact)
contiki-sky.a(queuebuf.o)     obj_sky/contiki-sky-main.o (queuebuf_init)
contiki-sky.a(contikimac.o)   obj_sky/collect-common.o (contikimac_driver)
contiki-sky.a(nullsec.o)      obj_sky/contiki-sky-main.o (nullsec_driver)
contiki-sky.a(sht11.o)        contiki-sky.a(sht11-sensor.o) (sht11_init)
contiki-sky.a(spi.o)          contiki-sky.a(xmem.o) (spi_init)
[...]
Memory Configuration

Name             Origin             Length             Attributes
sfr              0x00000000         0x00000010
peripheral_8bit  0x00000010         0x000000f0
peripheral_16bit 0x00000100         0x00000100
ram_mirror       0x00000200         0x00000800         xw
infomem          0x00001000         0x00000100
infob            0x00001000         0x00000080
infoa            0x00001080         0x00000080
ram              0x00001100         0x00002800         xw
rom              0x00004000         0x0000bfe0         xr
vectors          0x0000ffe0         0x00000020
bsl              0x00000000         0x00000000
infoc            0x00000000         0x00000000
infod            0x00000000         0x00000000
ram2             0x00000000         0x00000000         xw
usbram           0x00000000         0x00000000         xw
far_rom          0x00000000         0x00000000
*default*        0x00000000         0xffffffff

Linker script and memory map

LOAD /usr/local/msp430/bin/../lib/gcc/msp430/4.7.0/mmpy-16/crt0ivtbl16.o
LOAD udp-sender.co
LOAD obj_sky/collect-common.o
LOAD obj_sky/contiki-sky-main.o
LOAD contiki-sky.a
LOAD /usr/local/msp430/bin/../lib/gcc/msp430/4.7.0/mmpy-16/libgcc.a
LOAD /usr/local/msp430/bin/../lib/gcc/msp430/4.7.0/../../../../msp430/lib/mmpy-16/libc.a
LOAD /usr/local/msp430/bin/../lib/gcc/msp430/4.7.0/mmpy-16/libgcc.a
LOAD /usr/local/msp430/bin/../lib/gcc/msp430/4.7.0/mmpy-16/libcrt0.a
                0x00000080                PROVIDE (__info_segment_size, 0x80)
                0x00001000                PROVIDE (__infob, 0x1000)
                0x00001080                PROVIDE (__infoa, 0x1080)
                0x00000000                __IE1 = 0x0
                0x00000002                __IFG1 = 0x2
                0x00000004                __ME1 = 0x4
                0x00000001                __IE2 = 0x1
                0x00000003                __IFG2 = 0x3
                0x00000005                __ME2 = 0x5
                0x00000120                __WDTCTL = 0x120
                0x00000130                __MPY = 0x130
                0x00000132                __MPYS = 0x132
                0x00000134                __MAC = 0x134
                0x00000136                __MACS = 0x136
                0x00000138                __OP2 = 0x138
                0x0000013a                __RESLO = 0x13a
                0x0000013c                __RESHI = 0x13c
                0x0000013e                __SUMEXT = 0x13e
                0x00000020                __P1IN = 0x20
                0x00000021                __P1OUT = 0x21
                0x00000022                __P1DIR = 0x22
                0x00000023                __P1IFG = 0x23
                0x00000024                __P1IES = 0x24
                0x00000025                __P1IE = 0x25
                0x00000026                __P1SEL = 0x26
                0x00000028                __P2IN = 0x28
                0x00000029                __P2OUT = 0x29
                0x0000002a                __P2DIR = 0x2a
                0x0000002b                __P2IFG = 0x2b
                0x0000002c                __P2IES = 0x2c
                0x0000002d                __P2IE = 0x2d
                0x0000002e                __P2SEL = 0x2e
                0x00000018                __P3IN = 0x18
                0x00000019                __P3OUT = 0x19
                0x0000001a                __P3DIR = 0x1a
                0x0000001b                __P3SEL = 0x1b
                0x0000001c                __P4IN = 0x1c
                0x0000001d                __P4OUT = 0x1d
                0x0000001e                __P4DIR = 0x1e
                0x0000001f                __P4SEL = 0x1f
                0x00000030                __P5IN = 0x30
                0x00000031                __P5OUT = 0x31
                0x00000032                __P5DIR = 0x32
                0x00000033                __P5SEL = 0x33
                0x00000034                __P6IN = 0x34
                0x00000035                __P6OUT = 0x35
                0x00000036                __P6DIR = 0x36
                0x00000037                __P6SEL = 0x37
                0x00000070                __U0CTL = 0x70
                0x00000071                __U0TCTL = 0x71
                0x00000072                __U0RCTL = 0x72
                0x00000073                __U0MCTL = 0x73
                0x00000074                __U0BR0 = 0x74
                0x00000075                __U0BR1 = 0x75
                0x00000076                __U0RXBUF = 0x76
                0x00000077                __U0TXBUF = 0x77
                0x00000078                __U1CTL = 0x78
                0x00000079                __U1TCTL = 0x79
                0x0000007a                __U1RCTL = 0x7a
                0x0000007b                __U1MCTL = 0x7b
                0x0000007c                __U1BR0 = 0x7c
                0x0000007d                __U1BR1 = 0x7d
                0x0000007e                __U1RXBUF = 0x7e
                0x0000007f                __U1TXBUF = 0x7f
                0x00000050                __I2CIE = 0x50
                0x00000051                __I2CIFG = 0x51
                0x00000052                __I2CNDAT = 0x52
                0x00000071                __I2CTCTL = 0x71
                0x00000072                __I2CDCTL = 0x72
                0x00000073                __I2CPSC = 0x73
                0x00000074                __I2CSCLH = 0x74
                0x00000075                __I2CSCLL = 0x75
                0x00000076                __I2CDRB = 0x76
                0x00000076                __I2CDRW = 0x76
                0x00000118                __I2COA = 0x118
                0x0000011a                __I2CSA = 0x11a
                0x0000011c                __I2CIV = 0x11c
                0x0000012e                __TAIV = 0x12e
                0x00000160                __TACTL = 0x160
                0x00000162                __TACCTL0 = 0x162
                0x00000164                __TACCTL1 = 0x164
                0x00000166                __TACCTL2 = 0x166
                0x00000170                __TAR = 0x170
                0x00000172                __TACCR0 = 0x172
                0x00000174                __TACCR1 = 0x174
                0x00000176                __TACCR2 = 0x176
                0x0000011e                __TBIV = 0x11e
                0x00000180                __TBCTL = 0x180
                0x00000182                __TBCCTL0 = 0x182
                0x00000184                __TBCCTL1 = 0x184
                0x00000186                __TBCCTL2 = 0x186
                0x00000188                __TBCCTL3 = 0x188
                0x0000018a                __TBCCTL4 = 0x18a
                0x0000018c                __TBCCTL5 = 0x18c
                0x0000018e                __TBCCTL6 = 0x18e
                0x00000190                __TBR = 0x190
                0x00000192                __TBCCR0 = 0x192
                0x00000194                __TBCCR1 = 0x194
                0x00000196                __TBCCR2 = 0x196
                0x00000198                __TBCCR3 = 0x198
                0x0000019a                __TBCCR4 = 0x19a
                0x0000019c                __TBCCR5 = 0x19c
                0x0000019e                __TBCCR6 = 0x19e
                0x00000056                __DCOCTL = 0x56
                0x00000057                __BCSCTL1 = 0x57
                0x00000058                __BCSCTL2 = 0x58
                0x00000055                __SVSCTL = 0x55
                0x00000128                __FCTL1 = 0x128
                0x0000012a                __FCTL2 = 0x12a
                0x0000012c                __FCTL3 = 0x12c
                0x00000059                __CACTL1 = 0x59
                0x0000005a                __CACTL2 = 0x5a
                0x0000005b                __CAPD = 0x5b
                0x000001a0                __ADC12CTL0 = 0x1a0
                0x000001a2                __ADC12CTL1 = 0x1a2
                0x000001a4                __ADC12IFG = 0x1a4
                0x000001a6                __ADC12IE = 0x1a6
                0x000001a8                __ADC12IV = 0x1a8
                0x00000140                __ADC12MEM0 = 0x140
                0x00000142                __ADC12MEM1 = 0x142
                0x00000144                __ADC12MEM2 = 0x144
                0x00000146                __ADC12MEM3 = 0x146
                0x00000148                __ADC12MEM4 = 0x148
                0x0000014a                __ADC12MEM5 = 0x14a
                0x0000014c                __ADC12MEM6 = 0x14c
                0x0000014e                __ADC12MEM7 = 0x14e
                0x00000150                __ADC12MEM8 = 0x150
                0x00000152                __ADC12MEM9 = 0x152
                0x00000154                __ADC12MEM10 = 0x154
                0x00000156                __ADC12MEM11 = 0x156
                0x00000158                __ADC12MEM12 = 0x158
                0x0000015a                __ADC12MEM13 = 0x15a
                0x0000015c                __ADC12MEM14 = 0x15c
                0x0000015e                __ADC12MEM15 = 0x15e
                0x00000080                __ADC12MCTL0 = 0x80
                0x00000081                __ADC12MCTL1 = 0x81
                0x00000082                __ADC12MCTL2 = 0x82
                0x00000083                __ADC12MCTL3 = 0x83
                0x00000084                __ADC12MCTL4 = 0x84
                0x00000085                __ADC12MCTL5 = 0x85
                0x00000086                __ADC12MCTL6 = 0x86
                0x00000087                __ADC12MCTL7 = 0x87
                0x00000088                __ADC12MCTL8 = 0x88
                0x00000089                __ADC12MCTL9 = 0x89
                0x0000008a                __ADC12MCTL10 = 0x8a
                0x0000008b                __ADC12MCTL11 = 0x8b
                0x0000008c                __ADC12MCTL12 = 0x8c
                0x0000008d                __ADC12MCTL13 = 0x8d
                0x0000008e                __ADC12MCTL14 = 0x8e
                0x0000008f                __ADC12MCTL15 = 0x8f
                0x000001c0                __DAC12_0CTL = 0x1c0
                0x000001c2                __DAC12_1CTL = 0x1c2
                0x000001c8                __DAC12_0DAT = 0x1c8
                0x000001ca                __DAC12_1DAT = 0x1ca
                0x00000122                __DMACTL0 = 0x122
                0x00000124                __DMACTL1 = 0x124
                0x000001e0                __DMA0CTL = 0x1e0
                0x000001e8                __DMA1CTL = 0x1e8
                0x000001f0                __DMA2CTL = 0x1f0
                0x000001e2                __DMA0SA = 0x1e2
                0x000001e4                __DMA0DA = 0x1e4
                0x000001e6                __DMA0SZ = 0x1e6
                0x000001ea                __DMA1SA = 0x1ea
                0x000001ec                __DMA1DA = 0x1ec
                0x000001ee                __DMA1SZ = 0x1ee
                0x000001f2                __DMA2SA = 0x1f2
                0x000001f4                __DMA2DA = 0x1f4
                0x000001f6                __DMA2SZ = 0x1f6

.hash
 *(.hash)

.dynsym
 *(.dynsym)

.dynstr
 *(.dynstr)

.gnu.version
 *(.gnu.version)

.gnu.version_d
 *(.gnu.version_d)

.gnu.version_r
 *(.gnu.version_r)

.rel.init
 *(.rel.init)

.rela.init
 *(.rela.init)

.rel.fini
 *(.rel.fini)

.rela.fini
 *(.rela.fini)

.rel.text
 *(.rel.text .rel.text.* .rel.gnu.linkonce.t.*)

.rela.text
 *(.rela.text .rela.text.* .rela.gnu.linkonce.t.*)

.rel.rodata
 *(.rel.rodata .rel.rodata.* .rel.gnu.linkonce.r.*)

.rela.rodata
 *(.rela.rodata .rela.rodata.* .rela.gnu.linkonce.r.*)

.rel.data
 *(.rel.data .rel.data.* .rel.gnu.linkonce.d.*)

.rela.data
 *(.rela.data .rela.data.* .rela.gnu.linkonce.d.*)

.rel.bss
 *(.rel.bss .rel.bss.* .rel.gnu.linkonce.b.*)

.rela.bss
 *(.rela.bss .rela.bss.* .rela.gnu.linkonce.b.*)

.rel.ctors
 *(.rel.ctors)

.rela.ctors
 *(.rela.ctors)

.rel.dtors
 *(.rel.dtors)

.rela.dtors
 *(.rela.dtors)

.rel.got
 *(.rel.got)

.rela.got
 *(.rela.got)

.rel.plt
 *(.rel.plt)

.rela.plt
 *(.rela.plt)

.text           0x00004000     0xb1c0
                0x00004000                . = ALIGN (0x2)
 *(.init .init.*)
 *(.init0)
 .init0         0x00004000        0x0 /usr/local/msp430/bin/../lib/gcc/msp430/4.7.0/mmpy-16/libcrt0.a(_reset_vector__.o)
                0x00004000                _reset_vector__
 *(.init1)
 .init1         0x00004000        0xc /usr/local/msp430/bin/../lib/gcc/msp430/4.7.0/mmpy-16/libcrt0.a(__watchdog_support.o)
                0x00004000                __watchdog_support
 *(.init2)
 .init2         0x0000400c        0x4 /usr/local/msp430/bin/../lib/gcc/msp430/4.7.0/mmpy-16/libcrt0.a(__init_stack.o)
                0x0000400c                __init_stack
 *(.init3)
 .init3         0x00004010        0x0 /usr/local/msp430/bin/../lib/gcc/msp430/4.7.0/mmpy-16/libcrt0.a(__low_level_init.o)
                0x00004010                __low_level_init
 *(.init4)
 .init4         0x00004010       0x18 /usr/local/msp430/bin/../lib/gcc/msp430/4.7.0/mmpy-16/libcrt0.a(_copy_data.o)
                0x00004010                __do_copy_data
 .init4         0x00004028       0x16 /usr/local/msp430/bin/../lib/gcc/msp430/4.7.0/mmpy-16/libcrt0.a(_clear_bss.o)
                0x00004028                __do_clear_bss
 *(.init5)
 *(.init6)
 *(.init7)
 *(.init8)
 *(.init9)
 .init9         0x0000403e      0x2d6 obj_sky/contiki-sky-main.o
                0x0000403e                main
 *(.fini9)
 .fini9         0x00004314        0x0 /usr/local/msp430/bin/../lib/gcc/msp430/4.7.0/mmpy-16/libcrt0.a(__stop_progExec__.o)
                0x00004314                __stop_progExec__
 *(.fini8)
 *(.fini7)
 *(.fini6)
 *(.fini5)
 *(.fini4)
 *(.fini3)
 *(.fini2)
 *(.fini1)
 *(.fini0)
 .fini0         0x00004314        0x6 /usr/local/msp430/bin/../lib/gcc/msp430/4.7.0/mmpy-16/libcrt0.a(_endless_loop__.o)
                0x00004314                _endless_loop__
 *(.fini .fini.*)
                0x0000431a                . = ALIGN (0x2)
                0x0000431a                __ctors_start = .
 *(.ctors)
                0x0000431a                __ctors_end = .
                0x0000431a                __dtors_start = .
 *(.dtors)
                0x0000431a                __dtors_end = .
                0x0000431a                . = ALIGN (0x2)
 *(.text .text.* .gnu.linkonce.t.*)
 .text          0x0000431a        0x4 /usr/local/msp430/bin/../lib/gcc/msp430/4.7.0/mmpy-16/crt0ivtbl16.o
                0x0000431a                __isr_14
                0x0000431a                __isr_11
                0x0000431a                __isr_2
                0x0000431a                __isr_7
                0x0000431a                __isr_0
                0x0000431a                __isr_8
                0x0000431a                __isr_3
                0x0000431a                __isr_12
                0x0000431a                __isr_13
                0x0000431a                __isr_9
 .text.process_thread_udp_client_process
                0x0000431e      0x17a udp-sender.co
 .text.collect_common_set_sink
                0x00004498        0x2 udp-sender.co
                0x00004498                collect_common_set_sink
 .text.collect_common_net_print
                0x0000449a       0x52 udp-sender.co
                0x0000449a                collect_common_net_print
 .text.collect_common_send
                0x000044ec       0xfa udp-sender.co
                0x000044ec                collect_common_send
 .text.collect_common_net_init
                0x000045e6        0xe udp-sender.co
                0x000045e6                collect_common_net_init
 .text.process_thread_collect_common_process
                0x000045f4      0x1ea obj_sky/collect-common.o
 .text.start_network_layer
                0x000047de       0xa2 obj_sky/contiki-sky-main.o
 .text.collect_view_construct_message
                0x00004880      0x146 contiki-sky.a(collect-view.o)
                0x00004880                collect_view_construct_message
 .text.collect_view_arch_read_sensors
                0x000049c6       0x9c contiki-sky.a(collect-view-sk)
                0x000049c6                collect_view_arch_read_sensors
 .text.init_platform
                0x00004a62        0xc contiki-sky.a(contiki-sky-pla)
                0x00004a62                init_platform
 .text.status   0x00004a6e       0x14 contiki-sky.a(sht11-sensor.o)
 .text.value    0x00004a82       0x30 contiki-sky.a(sht11-sensor.o)
 .text.configure
                0x00004ab2       0x3e contiki-sky.a(sht11-sensor.o)
 .text.value    0x00004af0       0x1a contiki-sky.a(light-sensor.o)
 .text.status   0x00004b0a        0xc contiki-sky.a(light-sensor.o)
 .text.configure
                0x00004b16       0x10 contiki-sky.a(light-sensor.o)
 .text.value    0x00004b26        0x6 contiki-sky.a(battery-sensor.)
 .text.status   0x00004b2c        0xc contiki-sky.a(battery-sensor.)
 .text.configure
                0x00004b38       0x12 contiki-sky.a(battery-sensor.)
 .text.status   0x00004b4a       0x18 contiki-sky.a(button-sensor.o)
 .text.value    0x00004b62       0x20 contiki-sky.a(button-sensor.o)
 .text.configure
                0x00004b82       0x4c contiki-sky.a(button-sensor.o)
 .text.irq_p2   0x00004bce       0x88 contiki-sky.a(button-sensor.o)
                0x00004bce                irq_p2
                0x00004bce                __isr_1
 .text.owreadb  0x00004c56       0x50 contiki-sky.a(ds2411.o)
 .text.ds2411_init
                0x00004ca6      0x120 contiki-sky.a(ds2411.o)
                0x00004ca6                ds2411_init
 .text.wait_ready
                0x00004dc6       0x4a contiki-sky.a(xmem.o)
 .text.xmem_init
                0x00004e10       0x3c contiki-sky.a(xmem.o)
                0x00004e10                xmem_init
 .text.xmem_pread
                0x00004e4c       0xe0 contiki-sky.a(xmem.o)
                0x00004e4c                xmem_pread
 .text.node_id_restore
                0x00004f2c       0x38 contiki-sky.a(node-id.o)
                0x00004f2c                node_id_restore
 .text.process_thread_sensors_process
                0x00004f64       0xc2 contiki-sky.a(sensors.o)
 .text.sensors_changed
                0x00005026       0x2a contiki-sky.a(sensors.o)
                0x00005026                sensors_changed
 .text.get_object
                0x00005050        0x4 contiki-sky.a(cc2420.o)
 .text.set_object
                0x00005054        0x4 contiki-sky.a(cc2420.o)
 .text.strobe   0x00005058       0x1c contiki-sky.a(cc2420.o)
 .text.getreg   0x00005074       0x4c contiki-sky.a(cc2420.o)
 .text.setreg   0x000050c0       0x4c contiki-sky.a(cc2420.o)
 .text.write_ram
                0x0000510c       0x7c contiki-sky.a(cc2420.o)
 .text.write_fifo_buf
                0x00005188       0x3c contiki-sky.a(cc2420.o)
 .text.get_status
                0x000051c4       0x20 contiki-sky.a(cc2420.o)
 .text.set_txpower
                0x000051e4       0x24 contiki-sky.a(cc2420.o)
 .text.cc2420_receiving_packet
                0x00005208        0xc contiki-sky.a(cc2420.o)
 .text.pending_packet
                0x00005214        0x8 contiki-sky.a(cc2420.o)
 .text.on       0x0000521c       0x1e contiki-sky.a(cc2420.o)
 .text.wait_for_transmission
                0x0000523a       0x22 contiki-sky.a(cc2420.o)
 .text.wait_for_status
                0x0000525c       0x28 contiki-sky.a(cc2420.o)
 .text.getrxdata
                0x00005284       0x50 contiki-sky.a(cc2420.o)
 .text.flushrx  0x000052d4       0x1a contiki-sky.a(cc2420.o)
 .text.off      0x000052ee       0x56 contiki-sky.a(cc2420.o)
 .text.RELEASE_LOCK
                0x00005344       0x28 contiki-sky.a(cc2420.o)
 .text.set_key  0x0000536c       0x18 contiki-sky.a(cc2420.o)
 .text.cc2420_prepare
                0x00005384       0x3c contiki-sky.a(cc2420.o)
 .text.cc2420_on
                0x000053c0       0x22 contiki-sky.a(cc2420.o)
                0x000053c0                cc2420_on
 .text.cc2420_off
                0x000053e2       0x30 contiki-sky.a(cc2420.o)
                0x000053e2                cc2420_off
 .text.cc2420_cca
                0x00005412       0x68 contiki-sky.a(cc2420.o)
 .text.cc2420_read
                0x0000547a       0xac contiki-sky.a(cc2420.o)
 .text.process_thread_cc2420_process
                0x00005526       0x54 contiki-sky.a(cc2420.o)
 .text.encrypt  0x0000557a       0x88 contiki-sky.a(cc2420.o)
 .text.cc2420_set_channel
                0x00005602       0x3c contiki-sky.a(cc2420.o)
                0x00005602                cc2420_set_channel
 .text.cc2420_set_pan_addr
                0x0000563e       0x4c contiki-sky.a(cc2420.o)
                0x0000563e                cc2420_set_pan_addr
 .text.cc2420_interrupt
                0x0000568a       0x16 contiki-sky.a(cc2420.o)
                0x0000568a                cc2420_interrupt
 .text.cc2420_set_txpower
                0x000056a0        0xe contiki-sky.a(cc2420.o)
                0x000056a0                cc2420_set_txpower
 .text.cc2420_get_txpower
                0x000056ae       0x1e contiki-sky.a(cc2420.o)
                0x000056ae                cc2420_get_txpower
 .text.cc2420_transmit
                0x000056cc      0x110 contiki-sky.a(cc2420.o)
 .text.cc2420_send
                0x000057dc       0x12 contiki-sky.a(cc2420.o)
 .text.cc2420_rssi
                0x000057ee       0x4c contiki-sky.a(cc2420.o)
                0x000057ee                cc2420_rssi
 .text.get_value
                0x0000583a       0xa8 contiki-sky.a(cc2420.o)
 .text.cc2420_set_cca_threshold
                0x000058e2       0x16 contiki-sky.a(cc2420.o)
                0x000058e2                cc2420_set_cca_threshold
 .text.set_value
                0x000058f8       0x86 contiki-sky.a(cc2420.o)
 .text.cc2420_init
                0x0000597e       0xd8 contiki-sky.a(cc2420.o)
                0x0000597e                cc2420_init
 .text.cc2420_port1_interrupt
                0x00005a56       0x62 contiki-sky.a(cc2420-arch.o)
                0x00005a56                __isr_4
                0x00005a56                cc2420_port1_interrupt
 .text.cc2420_arch_init
                0x00005ab8       0x1a contiki-sky.a(cc2420-arch.o)
                0x00005ab8                cc2420_arch_init
 .text.sky_sensors_status
                0x00005ad2       0x3c contiki-sky.a(sky-sensors.o)
                0x00005ad2                sky_sensors_status
 .text.sky_sensors_configure
                0x00005b0e       0xee contiki-sky.a(sky-sensors.o)
                0x00005b0e                sky_sensors_configure
 .text.handle_rxdma_timer
                0x00005bfc       0x3a contiki-sky.a(uart1.o)
 .text.uart1_active
                0x00005c36       0x18 contiki-sky.a(uart1.o)
                0x00005c36                uart1_active
 .text.uart1_set_input
                0x00005c4e       0x20 contiki-sky.a(uart1.o)
                0x00005c4e                uart1_set_input
 .text.uart1_writeb
                0x00005c6e       0x18 contiki-sky.a(uart1.o)
                0x00005c6e                uart1_writeb
 .text.uart1_init
                0x00005c86       0xf4 contiki-sky.a(uart1.o)
                0x00005c86                uart1_init
 .text.putchar  0x00005d7a       0x10 contiki-sky.a(uart1-putchar.o)
                0x00005d7a                putchar
 .text.msp430_init_dco
                0x00005d8a       0x82 contiki-sky.a(msp430.o)
                0x00005d8a                msp430_init_dco
 .text.msp430_add_lpm_req
                0x00005e0c        0xc contiki-sky.a(msp430.o)
                0x00005e0c                msp430_add_lpm_req
 .text.msp430_cpu_init
                0x00005e18       0x2a contiki-sky.a(msp430.o)
                0x00005e18                msp430_cpu_init
 .text.splhigh_
                0x00005e42        0x8 contiki-sky.a(msp430.o)
                0x00005e42                splhigh_
 .text.msp430_sync_dco
                0x00005e4a       0x6c contiki-sky.a(msp430.o)
                0x00005e4a                msp430_sync_dco
 .text.timera1  0x00005eb6      0x11e contiki-sky.a(clock.o)
                0x00005eb6                __isr_5
                0x00005eb6                timera1
 .text.clock_time
                0x00005fd4       0x1a contiki-sky.a(clock.o)
                0x00005fd4                clock_time
 .text.clock_init
                0x00005fee       0x28 contiki-sky.a(clock.o)
                0x00005fee                clock_init
 .text.clock_delay
                0x00006016        0xc contiki-sky.a(clock.o)
                0x00006016                clock_delay
 .text.clock_wait
                0x00006022       0x30 contiki-sky.a(clock.o)
                0x00006022                clock_wait
 .text.clock_seconds
                0x00006052       0x1a contiki-sky.a(clock.o)
                0x00006052                clock_seconds
 .text.show_leds
                0x0000606c       0xf0 contiki-sky.a(leds.o)
 .text.leds_init
                0x0000615c        0xa contiki-sky.a(leds.o)
                0x0000615c                leds_init
 .text.leds_on  0x00006166        0xa contiki-sky.a(leds.o)
                0x00006166                leds_on
 .text.leds_off
                0x00006170        0xe contiki-sky.a(leds.o)
                0x00006170                leds_off
 .text.leds_arch_init
                0x0000617e        0xe contiki-sky.a(leds-arch.o)
                0x0000617e                leds_arch_init
 .text.leds_arch_set
                0x0000618c       0x38 contiki-sky.a(leds-arch.o)
                0x0000618c                leds_arch_set
 .text.watchdog_interrupt
                0x000061c4        0x6 contiki-sky.a(watchdog.o)
                0x000061c4                __isr_10
                0x000061c4                watchdog_interrupt
 .text.watchdog_start
                0x000061ca       0x14 contiki-sky.a(watchdog.o)
                0x000061ca                watchdog_start
 .text.watchdog_periodic
                0x000061de       0x12 contiki-sky.a(watchdog.o)
                0x000061de                watchdog_periodic
 .text.watchdog_stop
                0x000061f0       0x16 contiki-sky.a(watchdog.o)
                0x000061f0                watchdog_stop
 .text.watchdog_init
                0x00006206       0x12 contiki-sky.a(watchdog.o)
                0x00006206                watchdog_init
 .text.rtimer_arch_init
                0x00006218        0xe contiki-sky.a(rtimer-arch.o)
                0x00006218                rtimer_arch_init
 .text.rtimer_arch_now
                0x00006226        0xe contiki-sky.a(rtimer-arch.o)
                0x00006226                rtimer_arch_now
 .text.timera0  0x00006234       0x70 contiki-sky.a(rtimer-arch.o)
                0x00006234                __isr_6
                0x00006234                timera0
 .text.rtimer_arch_schedule
                0x000062a4        0x6 contiki-sky.a(rtimer-arch.o)
                0x000062a4                rtimer_arch_schedule
 .text.autostart_start
                0x000062aa       0x16 contiki-sky.a(autostart.o)
                0x000062aa                autostart_start
 .text.process_thread_ctimer_process
                0x000062c0       0xa8 contiki-sky.a(ctimer.o)
 .text.ctimer_init
                0x00006368       0x18 contiki-sky.a(ctimer.o)
                0x00006368                ctimer_init
 .text.ctimer_set
                0x00006380       0x50 contiki-sky.a(ctimer.o)
                0x00006380                ctimer_set
 .text.ctimer_reset
                0x000063d0       0x30 contiki-sky.a(ctimer.o)
                0x000063d0                ctimer_reset
 .text.ctimer_stop
                0x00006400       0x28 contiki-sky.a(ctimer.o)
                0x00006400                ctimer_stop
 .text.energest_init
                0x00006428       0x26 contiki-sky.a(energest.o)
                0x00006428                energest_init
 .text.energest_type_time
                0x0000644e       0x48 contiki-sky.a(energest.o)
                0x0000644e                energest_type_time
 .text.energest_type_set
                0x00006496        0xe contiki-sky.a(energest.o)
                0x00006496                energest_type_set
 .text.energest_flush
                0x000064a4       0x48 contiki-sky.a(energest.o)
                0x000064a4                energest_flush
 .text.update_time
                0x000064ec       0x78 contiki-sky.a(etimer.o)
 .text.etimer_request_poll
                0x00006564        0xa contiki-sky.a(etimer.o)
                0x00006564                etimer_request_poll
 .text.process_thread_etimer_process
                0x0000656e       0xcc contiki-sky.a(etimer.o)
 .text.add_timer
                0x0000663a       0x40 contiki-sky.a(etimer.o)
 .text.etimer_set
                0x0000667a       0x12 contiki-sky.a(etimer.o)
                0x0000667a                etimer_set
 .text.etimer_reset
                0x0000668c       0x12 contiki-sky.a(etimer.o)
                0x0000668c                etimer_reset
 .text.etimer_restart
                0x0000669e       0x12 contiki-sky.a(etimer.o)
                0x0000669e                etimer_restart
 .text.etimer_expired
                0x000066b0        0xe contiki-sky.a(etimer.o)
                0x000066b0                etimer_expired
 .text.etimer_expiration_time
                0x000066be       0x14 contiki-sky.a(etimer.o)
                0x000066be                etimer_expiration_time
 .text.etimer_pending
                0x000066d2        0xc contiki-sky.a(etimer.o)
                0x000066d2                etimer_pending
 .text.etimer_next_expiration_time
                0x000066de       0x16 contiki-sky.a(etimer.o)
                0x000066de                etimer_next_expiration_time
 .text.etimer_stop
                0x000066f4       0x3e contiki-sky.a(etimer.o)
                0x000066f4                etimer_stop
 .text.call_process
                0x00006732       0x46 contiki-sky.a(process.o)
 .text.exit_process
                0x00006778       0x96 contiki-sky.a(process.o)
 .text.do_poll  0x0000680e       0x30 contiki-sky.a(process.o)
 .text.process_alloc_event
                0x0000683e        0xe contiki-sky.a(process.o)
                0x0000683e                process_alloc_event
 .text.process_init
                0x0000684c       0x1c contiki-sky.a(process.o)
                0x0000684c                process_init
 .text.process_run
                0x00006868       0xa2 contiki-sky.a(process.o)
                0x00006868                process_run
 .text.process_nevents
                0x0000690a        0xe contiki-sky.a(process.o)
                0x0000690a                process_nevents
 .text.process_post
                0x00006918       0x54 contiki-sky.a(process.o)
                0x00006918                process_post
 .text.process_post_synch
                0x0000696c       0x12 contiki-sky.a(process.o)
                0x0000696c                process_post_synch
 .text.process_start
                0x0000697e       0x36 contiki-sky.a(process.o)
                0x0000697e                process_start
 .text.process_poll
                0x000069b4       0x18 contiki-sky.a(process.o)
                0x000069b4                process_poll
 .text.rtimer_init
                0x000069cc        0x6 contiki-sky.a(rtimer.o)
                0x000069cc                rtimer_init
 .text.rtimer_set
                0x000069d2       0x24 contiki-sky.a(rtimer.o)
                0x000069d2                rtimer_set
 .text.rtimer_run_next
                0x000069f6       0x26 contiki-sky.a(rtimer.o)
                0x000069f6                rtimer_run_next
 .text.timer_set
                0x00006a1c       0x1c contiki-sky.a(timer.o)
                0x00006a1c                timer_set
 .text.timer_reset
                0x00006a38        0xe contiki-sky.a(timer.o)
                0x00006a38                timer_reset
 .text.timer_restart
                0x00006a46       0x14 contiki-sky.a(timer.o)
                0x00006a46                timer_restart
 .text.timer_expired
                0x00006a5a       0x2a contiki-sky.a(timer.o)
                0x00006a5a                timer_expired
 .text.process_thread_serial_line_process
                0x00006a84       0x9e contiki-sky.a(serial-line.o)
 .text.serial_line_input_byte
                0x00006b22       0x4a contiki-sky.a(serial-line.o)
                0x00006b22                serial_line_input_byte
 .text.serial_line_init
                0x00006b6c       0x1c contiki-sky.a(serial-line.o)
                0x00006b6c                serial_line_init
 .text.list_init
                0x00006b88        0x6 contiki-sky.a(list.o)
                0x00006b88                list_init
 .text.list_head
                0x00006b8e        0x4 contiki-sky.a(list.o)
                0x00006b8e                list_head
 .text.list_tail
                0x00006b92       0x12 contiki-sky.a(list.o)
                0x00006b92                list_tail
 .text.list_remove
                0x00006ba4       0x34 contiki-sky.a(list.o)
                0x00006ba4                list_remove
 .text.list_push
                0x00006bd8       0x1a contiki-sky.a(list.o)
                0x00006bd8                list_push
 .text.list_add
                0x00006bf2       0x2a contiki-sky.a(list.o)
                0x00006bf2                list_add
 .text.list_length
                0x00006c1c       0x10 contiki-sky.a(list.o)
                0x00006c1c                list_length
 .text.list_item_next
                0x00006c2c        0xc contiki-sky.a(list.o)
                0x00006c2c                list_item_next
 .text.random_init
                0x00006c38        0x6 contiki-sky.a(random.o)
                0x00006c38                random_init
 .text.random_rand
                0x00006c3e        0x6 contiki-sky.a(random.o)
                0x00006c3e                random_rand
 .text.ringbuf_init
                0x00006c44       0x14 contiki-sky.a(ringbuf.o)
                0x00006c44                ringbuf_init
 .text.ringbuf_put
                0x00006c58       0x38 contiki-sky.a(ringbuf.o)
                0x00006c58                ringbuf_put
 .text.ringbuf_get
                0x00006c90       0x32 contiki-sky.a(ringbuf.o)
                0x00006c90                ringbuf_get
 .text.set_packet_attrs
                0x00006cc2       0x46 contiki-sky.a(sicslowpan.o)
 .text.addr_context_lookup_by_number
                0x00006d08       0x32 contiki-sky.a(sicslowpan.o)
 .text.compress_addr_64
                0x00006d3a       0xae contiki-sky.a(sicslowpan.o)
 .text.uncompress_addr
                0x00006de8       0xb4 contiki-sky.a(sicslowpan.o)
 .text.input    0x00006e9c      0x64e contiki-sky.a(sicslowpan.o)
 .text.sicslowpan_init
                0x000074ea       0x26 contiki-sky.a(sicslowpan.o)
                0x000074ea                sicslowpan_init
 .text.addr_context_lookup_by_prefix
                0x00007510       0x4c contiki-sky.a(sicslowpan.o)
 .text.packet_sent
                0x0000755c       0x22 contiki-sky.a(sicslowpan.o)
 .text.send_packet
                0x0000757e       0x1a contiki-sky.a(sicslowpan.o)
 .text.output   0x00007598      0x6c6 contiki-sky.a(sicslowpan.o)
 .text.chksum   0x00007c5e       0x32 contiki-sky.a(uip6.o)
 .text.upper_layer_chksum
                0x00007c90       0x56 contiki-sky.a(uip6.o)
 .text.ext_hdr_options_process
                0x00007ce6       0xd0 contiki-sky.a(uip6.o)
 .text.uip_add32
                0x00007db6       0x68 contiki-sky.a(uip6.o)
                0x00007db6                uip_add32
 .text.uip_add_rcv_nxt
                0x00007e1e       0x2e contiki-sky.a(uip6.o)
 .text.uip_icmp6chksum
                0x00007e4c        0xa contiki-sky.a(uip6.o)
                0x00007e4c                uip_icmp6chksum
 .text.uip_tcpchksum
                0x00007e56        0xa contiki-sky.a(uip6.o)
                0x00007e56                uip_tcpchksum
 .text.uip_udpchksum
                0x00007e60        0xa contiki-sky.a(uip6.o)
                0x00007e60                uip_udpchksum
 .text.uip_init
                0x00007e6a       0x7a contiki-sky.a(uip6.o)
                0x00007e6a                uip_init
 .text.remove_ext_hdr
                0x00007ee4       0x58 contiki-sky.a(uip6.o)
                0x00007ee4                remove_ext_hdr
 .text.uip_udp_new
                0x00007f3c       0xe4 contiki-sky.a(uip6.o)
                0x00007f3c                uip_udp_new
 .text.uip_unlisten
                0x00008020       0x2a contiki-sky.a(uip6.o)
                0x00008020                uip_unlisten
 .text.uip_process
                0x0000804a      0xe8e contiki-sky.a(uip6.o)
                0x0000804a                uip_process
 .text.uip_htonl
                0x00008ed8       0x2e contiki-sky.a(uip6.o)
                0x00008ed8                uip_htonl
 .text.uip_ds6_list_loop
                0x00008f06       0x86 contiki-sky.a(uip-ds6.o)
                0x00008f06                uip_ds6_list_loop
 .text.uip_ds6_prefix_add
                0x00008f8c       0x80 contiki-sky.a(uip-ds6.o)
                0x00008f8c                uip_ds6_prefix_add
 .text.uip_ds6_is_addr_onlink
                0x0000900c       0x54 contiki-sky.a(uip-ds6.o)
                0x0000900c                uip_ds6_is_addr_onlink
 .text.uip_ds6_addr_lookup
                0x00009060       0x2a contiki-sky.a(uip-ds6.o)
                0x00009060                uip_ds6_addr_lookup
 .text.uip_ds6_get_link_local
                0x0000908a       0x3e contiki-sky.a(uip-ds6.o)
                0x0000908a                uip_ds6_get_link_local
 .text.uip_ds6_maddr_add
                0x000090c8       0x4c contiki-sky.a(uip-ds6.o)
                0x000090c8                uip_ds6_maddr_add
 .text.uip_ds6_addr_add
                0x00009114       0xc4 contiki-sky.a(uip-ds6.o)
                0x00009114                uip_ds6_addr_add
 .text.uip_ds6_maddr_rm
                0x000091d8        0xa contiki-sky.a(uip-ds6.o)
                0x000091d8                uip_ds6_maddr_rm
 .text.uip_ds6_maddr_lookup
                0x000091e2       0x2a contiki-sky.a(uip-ds6.o)
                0x000091e2                uip_ds6_maddr_lookup
 .text.uip_ds6_addr_rm
                0x0000920c       0x54 contiki-sky.a(uip-ds6.o)
                0x0000920c                uip_ds6_addr_rm
 .text.uip_ds6_periodic
                0x00009260       0x4a contiki-sky.a(uip-ds6.o)
                0x00009260                uip_ds6_periodic
 .text.uip_ds6_set_addr_iid
                0x000092aa       0x14 contiki-sky.a(uip-ds6.o)
                0x000092aa                uip_ds6_set_addr_iid
 .text.get_match_length
                0x000092be       0x44 contiki-sky.a(uip-ds6.o)
                0x000092be                get_match_length
 .text.uip_ds6_select_src
                0x00009302       0xaa contiki-sky.a(uip-ds6.o)
                0x00009302                uip_ds6_select_src
 .text.uip_ds6_compute_reachable_time
                0x000093ac       0x3e contiki-sky.a(uip-ds6.o)
                0x000093ac                uip_ds6_compute_reachable_time
 .text.uip_ds6_init
                0x000093ea      0x154 contiki-sky.a(uip-ds6.o)
                0x000093ea                uip_ds6_init
 .text.uip_ds6_nbr_rm
                0x0000953e       0x1a contiki-sky.a(uip-ds6-nbr.o)
                0x0000953e                uip_ds6_nbr_rm
 .text.uip_ds6_neighbors_init
                0x00009558        0xe contiki-sky.a(uip-ds6-nbr.o)
                0x00009558                uip_ds6_neighbors_init
 .text.uip_ds6_nbr_add
                0x00009566       0x60 contiki-sky.a(uip-ds6-nbr.o)
                0x00009566                uip_ds6_nbr_add
 .text.uip_ds6_nbr_get_ll
                0x000095c6        0xc contiki-sky.a(uip-ds6-nbr.o)
                0x000095c6                uip_ds6_nbr_get_ll
 .text.uip_ds6_nbr_num
                0x000095d2       0x24 contiki-sky.a(uip-ds6-nbr.o)
                0x000095d2                uip_ds6_nbr_num
 .text.uip_ds6_nbr_lookup
                0x000095f6       0x42 contiki-sky.a(uip-ds6-nbr.o)
                0x000095f6                uip_ds6_nbr_lookup
 .text.uip_ds6_nbr_ll_lookup
                0x00009638        0xc contiki-sky.a(uip-ds6-nbr.o)
                0x00009638                uip_ds6_nbr_ll_lookup
 .text.uip_ds6_nbr_ipaddr_from_lladdr
                0x00009644        0x6 contiki-sky.a(uip-ds6-nbr.o)
                0x00009644                uip_ds6_nbr_ipaddr_from_lladdr
 .text.uip_ds6_nbr_lladdr_from_ipaddr
                0x0000964a       0x12 contiki-sky.a(uip-ds6-nbr.o)
                0x0000964a                uip_ds6_nbr_lladdr_from_ipaddr
 .text.uip_ds6_link_neighbor_callback
                0x0000965c       0x2a contiki-sky.a(uip-ds6-nbr.o)
                0x0000965c                uip_ds6_link_neighbor_callback
 .text.uip_ds6_neighbor_periodic
                0x00009686       0x60 contiki-sky.a(uip-ds6-nbr.o)
                0x00009686                uip_ds6_neighbor_periodic
 .text.call_route_callback
                0x000096e6       0x4c contiki-sky.a(uip-ds6-route.o)
 .text.uip_ds6_route_init
                0x00009732       0x36 contiki-sky.a(uip-ds6-route.o)
                0x00009732                uip_ds6_route_init
 .text.uip_ds6_route_nexthop
                0x00009768       0x1a contiki-sky.a(uip-ds6-route.o)
                0x00009768                uip_ds6_route_nexthop
 .text.uip_ds6_route_head
                0x00009782        0xa contiki-sky.a(uip-ds6-route.o)
                0x00009782                uip_ds6_route_head
 .text.uip_ds6_route_next
                0x0000978c        0xe contiki-sky.a(uip-ds6-route.o)
                0x0000978c                uip_ds6_route_next
 .text.uip_ds6_route_lookup
                0x0000979a       0x8c contiki-sky.a(uip-ds6-route.o)
                0x0000979a                uip_ds6_route_lookup
 .text.uip_ds6_route_rm
                0x00009826       0xa6 contiki-sky.a(uip-ds6-route.o)
                0x00009826                uip_ds6_route_rm
 .text.rm_routelist
                0x000098cc       0x34 contiki-sky.a(uip-ds6-route.o)
 .text.rm_routelist_callback
                0x00009900        0x6 contiki-sky.a(uip-ds6-route.o)
 .text.uip_ds6_route_add
                0x00009906      0x10c contiki-sky.a(uip-ds6-route.o)
                0x00009906                uip_ds6_route_add
 .text.uip_ds6_defrt_rm
                0x00009a12       0x48 contiki-sky.a(uip-ds6-route.o)
                0x00009a12                uip_ds6_defrt_rm
 .text.uip_ds6_defrt_lookup
                0x00009a5a       0x36 contiki-sky.a(uip-ds6-route.o)
                0x00009a5a                uip_ds6_defrt_lookup
 .text.uip_ds6_defrt_add
                0x00009a90       0x74 contiki-sky.a(uip-ds6-route.o)
                0x00009a90                uip_ds6_defrt_add
 .text.uip_ds6_defrt_choose
                0x00009b04       0x3a contiki-sky.a(uip-ds6-route.o)
                0x00009b04                uip_ds6_defrt_choose
 .text.uip_ds6_defrt_periodic
                0x00009b3e       0x38 contiki-sky.a(uip-ds6-route.o)
                0x00009b3e                uip_ds6_defrt_periodic
 .text.echo_reply_input
                0x00009b76      0x110 contiki-sky.a(uip-icmp6.o)
 .text.echo_request_input
                0x00009c86      0x12c contiki-sky.a(uip-icmp6.o)
 .text.uip_icmp6_input
                0x00009db2       0x48 contiki-sky.a(uip-icmp6.o)
                0x00009db2                uip_icmp6_input
 .text.uip_icmp6_register_input_handler
                0x00009dfa        0xc contiki-sky.a(uip-icmp6.o)
                0x00009dfa                uip_icmp6_register_input_handler
 .text.uip_icmp6_error_output
                0x00009e06      0x17e contiki-sky.a(uip-icmp6.o)
                0x00009e06                uip_icmp6_error_output
 .text.uip_icmp6_send
                0x00009f84       0x94 contiki-sky.a(uip-icmp6.o)
                0x00009f84                uip_icmp6_send
 .text.uip_icmp6_init
                0x0000a018       0x12 contiki-sky.a(uip-icmp6.o)
                0x0000a018                uip_icmp6_init
 .text.uip_nd6_init
                0x0000a02a        0x2 contiki-sky.a(uip-nd6.o)
                0x0000a02a                uip_nd6_init
 .text.start_periodic_tcp_timer
                0x0000a02c       0x16 contiki-sky.a(tcpip.o)
 .text.tcpip_output
                0x0000a042       0x10 contiki-sky.a(tcpip.o)
                0x0000a042                tcpip_output
 .text.tcpip_set_outputfunc
                0x0000a052        0x6 contiki-sky.a(tcpip.o)
                0x0000a052                tcpip_set_outputfunc
 .text.udp_new  0x0000a058       0x1a contiki-sky.a(tcpip.o)
                0x0000a058                udp_new
 .text.tcpip_input
                0x0000a072       0x16 contiki-sky.a(tcpip.o)
                0x0000a072                tcpip_input
 .text.tcpip_ipv6_output
                0x0000a088       0xd4 contiki-sky.a(tcpip.o)
                0x0000a088                tcpip_ipv6_output
 .text.process_thread_tcpip_process
                0x0000a15c      0x1d4 contiki-sky.a(tcpip.o)
 .text.tcpip_uipcall
                0x0000a330       0x70 contiki-sky.a(tcpip.o)
                0x0000a330                tcpip_uipcall
 .text.uip_debug_ipaddr_print
                0x0000a3a0       0x7e contiki-sky.a(uip-debug.o)
                0x0000a3a0                uip_debug_ipaddr_print
 .text.uip_udp_packet_send
                0x0000a41e       0x2e contiki-sky.a(uip-udp-packet.)
                0x0000a41e                uip_udp_packet_send
 .text.uip_udp_packet_sendto
                0x0000a44c       0x66 contiki-sky.a(uip-udp-packet.)
                0x0000a44c                uip_udp_packet_sendto
 .text.rpl_get_mode
                0x0000a4b2        0x6 contiki-sky.a(rpl.o)
                0x0000a4b2                rpl_get_mode
 .text.rpl_purge_routes
                0x0000a4b8       0x96 contiki-sky.a(rpl.o)
                0x0000a4b8                rpl_purge_routes
 .text.rpl_remove_routes
                0x0000a54e       0x22 contiki-sky.a(rpl.o)
                0x0000a54e                rpl_remove_routes
 .text.rpl_remove_routes_by_nexthop
                0x0000a570       0x46 contiki-sky.a(rpl.o)
                0x0000a570                rpl_remove_routes_by_nexthop
 .text.rpl_add_route
                0x0000a5b6       0x48 contiki-sky.a(rpl.o)
                0x0000a5b6                rpl_add_route
 .text.rpl_link_neighbor_callback
                0x0000a5fe       0x7c contiki-sky.a(rpl.o)
                0x0000a5fe                rpl_link_neighbor_callback
 .text.rpl_ipv6_neighbor_callback
                0x0000a67a       0x1e contiki-sky.a(rpl.o)
                0x0000a67a                rpl_ipv6_neighbor_callback
 .text.rpl_init
                0x0000a698       0x4a contiki-sky.a(rpl.o)
                0x0000a698                rpl_init
 .text.lollipop_greater_than
                0x0000a6e2       0x3c contiki-sky.a(rpl-dag.o)
 .text.find_parent_any_dag_any_instance
                0x0000a71e       0x14 contiki-sky.a(rpl-dag.o)
 .text.rpl_set_preferred_parent
                0x0000a732       0x30 contiki-sky.a(rpl-dag.o)
 .text.set_ip_from_prefix
                0x0000a762       0x38 contiki-sky.a(rpl-dag.o)
 .text.check_prefix
                0x0000a79a       0x80 contiki-sky.a(rpl-dag.o)
 .text.rpl_get_nbr
                0x0000a81a       0x1e contiki-sky.a(rpl-dag.o)
                0x0000a81a                rpl_get_nbr
 .text.rpl_dag_init
                0x0000a838        0xe contiki-sky.a(rpl-dag.o)
                0x0000a838                rpl_dag_init
 .text.rpl_get_parent
                0x0000a846        0xc contiki-sky.a(rpl-dag.o)
                0x0000a846                rpl_get_parent
 .text.rpl_get_parent_rank
                0x0000a852       0x18 contiki-sky.a(rpl-dag.o)
                0x0000a852                rpl_get_parent_rank
 .text.rpl_get_parent_ipaddr
                0x0000a86a       0x10 contiki-sky.a(rpl-dag.o)
                0x0000a86a                rpl_get_parent_ipaddr
 .text.rpl_set_prefix
                0x0000a87a       0x8e contiki-sky.a(rpl-dag.o)
                0x0000a87a                rpl_set_prefix
 .text.rpl_set_default_route
                0x0000a908       0x64 contiki-sky.a(rpl-dag.o)
                0x0000a908                rpl_set_default_route
 .text.rpl_alloc_instance
                0x0000a96c       0x34 contiki-sky.a(rpl-dag.o)
                0x0000a96c                rpl_alloc_instance
 .text.rpl_add_parent
                0x0000a9a0       0x56 contiki-sky.a(rpl-dag.o)
                0x0000a9a0                rpl_add_parent
 .text.rpl_find_parent
                0x0000a9f6       0x1c contiki-sky.a(rpl-dag.o)
                0x0000a9f6                rpl_find_parent
 .text.rpl_find_parent_any_dag
                0x0000aa12       0x24 contiki-sky.a(rpl-dag.o)
                0x0000aa12                rpl_find_parent_any_dag
 .text.rpl_select_parent
                0x0000aa36       0x7e contiki-sky.a(rpl-dag.o)
                0x0000aa36                rpl_select_parent
 .text.rpl_select_dag
                0x0000aab4      0x1ae contiki-sky.a(rpl-dag.o)
                0x0000aab4                rpl_select_dag
 .text.rpl_nullify_parent
                0x0000ac62       0x54 contiki-sky.a(rpl-dag.o)
                0x0000ac62                rpl_nullify_parent
 .text.rpl_remove_parent
                0x0000acb6       0x16 contiki-sky.a(rpl-dag.o)
                0x0000acb6                rpl_remove_parent
 .text.nbr_callback
                0x0000accc        0x6 contiki-sky.a(rpl-dag.o)
 .text.remove_parents.constprop.5
                0x0000acd2       0x32 contiki-sky.a(rpl-dag.o)
 .text.rpl_move_parent
                0x0000ad04       0x5a contiki-sky.a(rpl-dag.o)
                0x0000ad04                rpl_move_parent
 .text.rpl_get_any_dag
                0x0000ad5e       0x16 contiki-sky.a(rpl-dag.o)
                0x0000ad5e                rpl_get_any_dag
 .text.rpl_get_instance
                0x0000ad74       0x16 contiki-sky.a(rpl-dag.o)
                0x0000ad74                rpl_get_instance
 .text.rpl_alloc_dag
                0x0000ad8a       0x64 contiki-sky.a(rpl-dag.o)
                0x0000ad8a                rpl_alloc_dag
 .text.rpl_repair_root
                0x0000adee       0x4c contiki-sky.a(rpl-dag.o)
                0x0000adee                rpl_repair_root
 .text.rpl_find_of
                0x0000ae3a       0x10 contiki-sky.a(rpl-dag.o)
                0x0000ae3a                rpl_find_of
 .text.rpl_join_instance
                0x0000ae4a      0x13c contiki-sky.a(rpl-dag.o)
                0x0000ae4a                rpl_join_instance
 .text.rpl_local_repair
                0x0000af86       0x80 contiki-sky.a(rpl-dag.o)
                0x0000af86                rpl_local_repair
 .text.rpl_process_parent_event
                0x0000b006       0x80 contiki-sky.a(rpl-dag.o)
                0x0000b006                rpl_process_parent_event
 .text.rpl_recalculate_ranks
                0x0000b086       0x46 contiki-sky.a(rpl-dag.o)
                0x0000b086                rpl_recalculate_ranks
 .text.rpl_add_dag
                0x0000b0cc      0x112 contiki-sky.a(rpl-dag.o)
                0x0000b0cc                rpl_add_dag
 .text.rpl_process_dio
                0x0000b1de      0x2f8 contiki-sky.a(rpl-dag.o)
                0x0000b1de                rpl_process_dio
 .text.rpl_lock_parent
                0x0000b4d6        0xc contiki-sky.a(rpl-dag.o)
                0x0000b4d6                rpl_lock_parent
 .text.rpl_verify_header
                0x0000b4e2       0xb2 contiki-sky.a(rpl-ext-header.)
                0x0000b4e2                rpl_verify_header
 .text.rpl_update_header_empty
                0x0000b594      0x132 contiki-sky.a(rpl-ext-header.)
                0x0000b594                rpl_update_header_empty
 .text.rpl_update_header_final
                0x0000b6c6       0x90 contiki-sky.a(rpl-ext-header.)
                0x0000b6c6                rpl_update_header_final
 .text.rpl_invert_header
                0x0000b756       0x7c contiki-sky.a(rpl-ext-header.)
                0x0000b756                rpl_invert_header
 .text.rpl_insert_header
                0x0000b7d2       0x12 contiki-sky.a(rpl-ext-header.)
                0x0000b7d2                rpl_insert_header
 .text.get32    0x0000b7e4       0x46 contiki-sky.a(rpl-icmp6.o)
 .text.set32    0x0000b82a       0x2a contiki-sky.a(rpl-icmp6.o)
 .text.get16    0x0000b854        0xe contiki-sky.a(rpl-icmp6.o)
 .text.set16    0x0000b862       0x10 contiki-sky.a(rpl-icmp6.o)
 .text.dao_ack_input
                0x0000b872        0x6 contiki-sky.a(rpl-icmp6.o)
 .text.dio_input
                0x0000b878      0x2d8 contiki-sky.a(rpl-icmp6.o)
 .text.dis_output
                0x0000bb50       0x50 contiki-sky.a(rpl-icmp6.o)
                0x0000bb50                dis_output
 .text.dio_output
                0x0000bba0      0x268 contiki-sky.a(rpl-icmp6.o)
                0x0000bba0                dio_output
 .text.dis_input
                0x0000be08       0x28 contiki-sky.a(rpl-icmp6.o)
 .text.dao_output_target
                0x0000be30       0xe4 contiki-sky.a(rpl-icmp6.o)
                0x0000be30                dao_output_target
 .text.dao_output
                0x0000bf14       0x7e contiki-sky.a(rpl-icmp6.o)
                0x0000bf14                dao_output
 .text.dao_ack_output
                0x0000bf92       0x32 contiki-sky.a(rpl-icmp6.o)
                0x0000bf92                dao_ack_output
 .text.dao_input
                0x0000bfc4      0x2ac contiki-sky.a(rpl-icmp6.o)
 .text.rpl_icmp6_register_handlers
                0x0000c270       0x22 contiki-sky.a(rpl-icmp6.o)
                0x0000c270                rpl_icmp6_register_handlers
 .text.reset    0x0000c292        0x2 contiki-sky.a(rpl-mrhof.o)
 .text.update_metric_container
                0x0000c294        0x6 contiki-sky.a(rpl-mrhof.o)
 .text.calculate_rank
                0x0000c29a       0x42 contiki-sky.a(rpl-mrhof.o)
 .text.neighbor_link_callback
                0x0000c2dc       0x9c contiki-sky.a(rpl-mrhof.o)
 .text.best_dag
                0x0000c378       0x2e contiki-sky.a(rpl-mrhof.o)
 .text.best_parent
                0x0000c3a6       0x74 contiki-sky.a(rpl-mrhof.o)
 .text.new_dio_interval
                0x0000c41a       0x92 contiki-sky.a(rpl-timers.o)
 .text.set_dao_lifetime_timer
                0x0000c4ac       0x66 contiki-sky.a(rpl-timers.o)
 .text.handle_periodic_timer
                0x0000c512       0x2e contiki-sky.a(rpl-timers.o)
 .text.schedule_dao
                0x0000c540       0x82 contiki-sky.a(rpl-timers.o)
 .text.handle_dio_timer
                0x0000c5c2       0x88 contiki-sky.a(rpl-timers.o)
 .text.handle_dao_timer
                0x0000c64a       0x64 contiki-sky.a(rpl-timers.o)
 .text.rpl_reset_periodic_timer
                0x0000c6ae       0x54 contiki-sky.a(rpl-timers.o)
                0x0000c6ae                rpl_reset_periodic_timer
 .text.rpl_reset_dio_timer
                0x0000c702       0x18 contiki-sky.a(rpl-timers.o)
                0x0000c702                rpl_reset_dio_timer
 .text.rpl_schedule_dao
                0x0000c71a        0xc contiki-sky.a(rpl-timers.o)
                0x0000c71a                rpl_schedule_dao
 .text.rpl_schedule_probing
                0x0000c726       0x3c contiki-sky.a(rpl-timers.o)
                0x0000c726                rpl_schedule_probing
 .text.handle_probing_timer
                0x0000c762      0x12a contiki-sky.a(rpl-timers.o)
 .text.input_packet
                0x0000c88c        0x6 contiki-sky.a(csma.o)
 .text.on       0x0000c892        0x6 contiki-sky.a(csma.o)
 .text.off      0x0000c898        0x6 contiki-sky.a(csma.o)
 .text.channel_check_interval
                0x0000c89e       0x10 contiki-sky.a(csma.o)
 .text.transmit_packet_list
                0x0000c8ae       0x24 contiki-sky.a(csma.o)
 .text.init     0x0000c8d2       0x1a contiki-sky.a(csma.o)
 .text.send_packet
                0x0000c8ec      0x17a contiki-sky.a(csma.o)
 .text.free_packet
                0x0000ca66       0x9c contiki-sky.a(csma.o)
 .text.packet_sent
                0x0000cb02      0x132 contiki-sky.a(csma.o)
 .text.create_frame.isra.0
                0x0000cc34      0x108 contiki-sky.a(framer-802154.o)
 .text.create   0x0000cd3c        0x8 contiki-sky.a(framer-802154.o)
 .text.hdr_length
                0x0000cd44        0x8 contiki-sky.a(framer-802154.o)
 .text.parse    0x0000cd4c       0xa2 contiki-sky.a(framer-802154.o)
 .text.framer_canonical_create_and_secure
                0x0000cdee       0x20 contiki-sky.a(framer.o)
                0x0000cdee                framer_canonical_create_and_secure
 .text.mac_call_sent_callback
                0x0000ce0e       0x14 contiki-sky.a(mac.o)
                0x0000ce0e                mac_call_sent_callback
 .text.linkaddr_copy
                0x0000ce22        0x8 contiki-sky.a(linkaddr.o)
                0x0000ce22                linkaddr_copy
 .text.linkaddr_cmp
                0x0000ce2a       0x12 contiki-sky.a(linkaddr.o)
                0x0000ce2a                linkaddr_cmp
 .text.linkaddr_set_node_addr
                0x0000ce3c        0xc contiki-sky.a(linkaddr.o)
                0x0000ce3c                linkaddr_set_node_addr
 .text.item_from_index
                0x0000ce48       0x2a contiki-sky.a(nbr-table.o)
 .text.index_from_key
                0x0000ce72       0x26 contiki-sky.a(nbr-table.o)
 .text.index_from_item
                0x0000ce98       0x1e contiki-sky.a(nbr-table.o)
 .text.nbr_set_bit
                0x0000ceb6       0x58 contiki-sky.a(nbr-table.o)
 .text.index_from_lladdr
                0x0000cf0e       0x42 contiki-sky.a(nbr-table.o)
 .text.nbr_get_bit.constprop.0
                0x0000cf50       0x2e contiki-sky.a(nbr-table.o)
 .text.nbr_table_register
                0x0000cf7e       0x26 contiki-sky.a(nbr-table.o)
                0x0000cf7e                nbr_table_register
 .text.nbr_table_next
                0x0000cfa4       0x54 contiki-sky.a(nbr-table.o)
                0x0000cfa4                nbr_table_next
 .text.nbr_table_head
                0x0000cff8       0x3a contiki-sky.a(nbr-table.o)
                0x0000cff8                nbr_table_head
 .text.nbr_table_add_lladdr
                0x0000d032      0x128 contiki-sky.a(nbr-table.o)
                0x0000d032                nbr_table_add_lladdr
 .text.nbr_table_get_from_lladdr
                0x0000d15a       0x2c contiki-sky.a(nbr-table.o)
                0x0000d15a                nbr_table_get_from_lladdr
 .text.nbr_table_remove
                0x0000d186       0x32 contiki-sky.a(nbr-table.o)
                0x0000d186                nbr_table_remove
 .text.nbr_table_lock
                0x0000d1b8       0x10 contiki-sky.a(nbr-table.o)
                0x0000d1b8                nbr_table_lock
 .text.nbr_table_unlock
                0x0000d1c8       0x10 contiki-sky.a(nbr-table.o)
                0x0000d1c8                nbr_table_unlock
 .text.nbr_table_get_lladdr
                0x0000d1d8       0x22 contiki-sky.a(nbr-table.o)
                0x0000d1d8                nbr_table_get_lladdr
 .text.packetbuf_compact
                0x0000d1fa       0x2e contiki-sky.a(packetbuf.o)
                0x0000d1fa                packetbuf_compact
 .text.packetbuf_copyto
                0x0000d228       0x52 contiki-sky.a(packetbuf.o)
                0x0000d228                packetbuf_copyto
 .text.packetbuf_hdrreduce
                0x0000d27a       0x1a contiki-sky.a(packetbuf.o)
                0x0000d27a                packetbuf_hdrreduce
 .text.packetbuf_set_datalen
                0x0000d294        0x6 contiki-sky.a(packetbuf.o)
                0x0000d294                packetbuf_set_datalen
 .text.packetbuf_dataptr
                0x0000d29a        0xe contiki-sky.a(packetbuf.o)
                0x0000d29a                packetbuf_dataptr
 .text.packetbuf_hdrptr
                0x0000d2a8        0xa contiki-sky.a(packetbuf.o)
                0x0000d2a8                packetbuf_hdrptr
 .text.packetbuf_datalen
                0x0000d2b2        0x6 contiki-sky.a(packetbuf.o)
                0x0000d2b2                packetbuf_datalen
 .text.packetbuf_hdrlen
                0x0000d2b8       0x10 contiki-sky.a(packetbuf.o)
                0x0000d2b8                packetbuf_hdrlen
 .text.packetbuf_totlen
                0x0000d2c8        0xc contiki-sky.a(packetbuf.o)
                0x0000d2c8                packetbuf_totlen
 .text.packetbuf_hdralloc
                0x0000d2d4       0x2e contiki-sky.a(packetbuf.o)
                0x0000d2d4                packetbuf_hdralloc
 .text.packetbuf_attr_clear
                0x0000d302       0x28 contiki-sky.a(packetbuf.o)
                0x0000d302                packetbuf_attr_clear
 .text.packetbuf_clear
                0x0000d32a       0x1a contiki-sky.a(packetbuf.o)
                0x0000d32a                packetbuf_clear
 .text.packetbuf_copyfrom
                0x0000d344       0x2e contiki-sky.a(packetbuf.o)
                0x0000d344                packetbuf_copyfrom
 .text.packetbuf_attr_copyto
                0x0000d372       0x22 contiki-sky.a(packetbuf.o)
                0x0000d372                packetbuf_attr_copyto
 .text.packetbuf_attr_copyfrom
                0x0000d394       0x24 contiki-sky.a(packetbuf.o)
                0x0000d394                packetbuf_attr_copyfrom
 .text.packetbuf_holds_broadcast
                0x0000d3b8        0xe contiki-sky.a(packetbuf.o)
                0x0000d3b8                packetbuf_holds_broadcast
 .text.queuebuf_init
                0x0000d3c6       0x12 contiki-sky.a(queuebuf.o)
                0x0000d3c6                queuebuf_init
 .text.queuebuf_numfree
                0x0000d3d8        0xa contiki-sky.a(queuebuf.o)
                0x0000d3d8                queuebuf_numfree
 .text.queuebuf_new_from_packetbuf
                0x0000d3e2       0x52 contiki-sky.a(queuebuf.o)
                0x0000d3e2                queuebuf_new_from_packetbuf
 .text.queuebuf_update_attr_from_packetbuf
                0x0000d434       0x12 contiki-sky.a(queuebuf.o)
                0x0000d434                queuebuf_update_attr_from_packetbuf
 .text.queuebuf_update_from_packetbuf
                0x0000d446       0x22 contiki-sky.a(queuebuf.o)
                0x0000d446                queuebuf_update_from_packetbuf
 .text.queuebuf_free
                0x0000d468       0x2a contiki-sky.a(queuebuf.o)
                0x0000d468                queuebuf_free
 .text.queuebuf_to_packetbuf
                0x0000d492       0x32 contiki-sky.a(queuebuf.o)
                0x0000d492                queuebuf_to_packetbuf
 .text.queuebuf_attr
                0x0000d4c4        0xe contiki-sky.a(queuebuf.o)
                0x0000d4c4                queuebuf_attr
 .text.duty_cycle
                0x0000d4d2        0x6 contiki-sky.a(contikimac.o)
 .text.init     0x0000d4d8       0x2a contiki-sky.a(contikimac.o)
 .text.on       0x0000d502       0x1a contiki-sky.a(contikimac.o)
 .text.off      0x0000d51c       0x22 contiki-sky.a(contikimac.o)
 .text.recv_burst_off
                0x0000d53e        0xa contiki-sky.a(contikimac.o)
 .text.turn_off
                0x0000d548       0x20 contiki-sky.a(contikimac.o)
 .text.turn_on  0x0000d568       0x30 contiki-sky.a(contikimac.o)
 .text.schedule_powercycle_fixed.part.4
                0x0000d598       0x34 contiki-sky.a(contikimac.o)
 .text.powercycle_turn_radio_off
                0x0000d5cc       0x30 contiki-sky.a(contikimac.o)
 .text.input_packet
                0x0000d5fc       0xb6 contiki-sky.a(contikimac.o)
 .text.send_packet.isra.7
                0x0000d6b2      0x20c contiki-sky.a(contikimac.o)
 .text.qsend_list
                0x0000d8be       0xc4 contiki-sky.a(contikimac.o)
 .text.qsend_packet
                0x0000d982       0x28 contiki-sky.a(contikimac.o)
 .text.powercycle
                0x0000d9aa      0x1d6 contiki-sky.a(contikimac.o)
 .text.bootstrap
                0x0000db80        0x4 contiki-sky.a(nullsec.o)
 .text.send     0x0000db84        0xa contiki-sky.a(nullsec.o)
 .text.on_frame_created
                0x0000db8e        0x4 contiki-sky.a(nullsec.o)
 .text.input    0x0000db92        0x6 contiki-sky.a(nullsec.o)
 .text.get_overhead
                0x0000db98        0x4 contiki-sky.a(nullsec.o)
 .text.crc8_add
                0x0000db9c       0x1c contiki-sky.a(sht11.o)
 .text.sstart   0x0000dbb8       0x3e contiki-sky.a(sht11.o)
 .text.swrite   0x0000dbf6       0x62 contiki-sky.a(sht11.o)
 .text.sread    0x0000dc58       0x4c contiki-sky.a(sht11.o)
 .text.sreset   0x0000dca4       0x2a contiki-sky.a(sht11.o)
 .text.scmd.part.0
                0x0000dcce       0xb4 contiki-sky.a(sht11.o)
 .text.sht11_init
                0x0000dd82       0x1a contiki-sky.a(sht11.o)
                0x0000dd82                sht11_init
 .text.sht11_off
                0x0000dd9c       0x14 contiki-sky.a(sht11.o)
                0x0000dd9c                sht11_off
 .text.sht11_temp
                0x0000ddb0        0xa contiki-sky.a(sht11.o)
                0x0000ddb0                sht11_temp
 .text.sht11_humidity
                0x0000ddba        0xa contiki-sky.a(sht11.o)
                0x0000ddba                sht11_humidity
 .text.sht11_sreg
                0x0000ddc4       0x80 contiki-sky.a(sht11.o)
                0x0000ddc4                sht11_sreg
 .text.spi_init
                0x0000de44       0x30 contiki-sky.a(spi.o)
                0x0000de44                spi_init
 .text.compower_accumulate
                0x0000de74       0x72 contiki-sky.a(compower.o)
                0x0000de74                compower_accumulate
 .text.compower_clear
                0x0000dee6       0x12 contiki-sky.a(compower.o)
                0x0000dee6                compower_clear
 .text.compower_attrconv
                0x0000def8       0x10 contiki-sky.a(compower.o)
                0x0000def8                compower_attrconv
 .text.stimer_set
                0x0000df08       0x1c contiki-sky.a(stimer.o)
                0x0000df08                stimer_set
 .text.stimer_expired
                0x0000df24       0x30 contiki-sky.a(stimer.o)
                0x0000df24                stimer_expired
 .text.memb_init
                0x0000df54       0x36 contiki-sky.a(memb.o)
                0x0000df54                memb_init
 .text.memb_alloc
                0x0000df8a       0x3e contiki-sky.a(memb.o)
                0x0000df8a                memb_alloc
 .text.memb_free
                0x0000dfc8       0x3a contiki-sky.a(memb.o)
                0x0000dfc8                memb_free
 .text.memb_inmemb
                0x0000e002       0x2a contiki-sky.a(memb.o)
                0x0000e002                memb_inmemb
 .text.memb_numfree
                0x0000e02c       0x26 contiki-sky.a(memb.o)
                0x0000e02c                memb_numfree
 .text.field_len
                0x0000e052       0x90 contiki-sky.a(frame802154.o)
 .text.frame802154_hdrlen
                0x0000e0e2       0x2e contiki-sky.a(frame802154.o)
                0x0000e0e2                frame802154_hdrlen
 .text.frame802154_create
                0x0000e110      0x146 contiki-sky.a(frame802154.o)
                0x0000e110                frame802154_create
 .text.frame802154_parse
                0x0000e256      0x1ba contiki-sky.a(frame802154.o)
                0x0000e256                frame802154_parse
 .text.mac_sequence_is_duplicate
                0x0000e410       0x44 contiki-sky.a(mac-sequence.o)
                0x0000e410                mac_sequence_is_duplicate
 .text.mac_sequence_register_seqno
                0x0000e454       0x72 contiki-sky.a(mac-sequence.o)
                0x0000e454                mac_sequence_register_seqno
 .text.libgcc   0x0000e4c6       0x2c /usr/local/msp430/bin/../lib/gcc/msp430/4.7.0/mmpy-16/libgcc.a(_mulsi3.o)
                0x0000e4c6                __mulsi3
 .text.libgcc   0x0000e4f2       0x22 /usr/local/msp430/bin/../lib/gcc/msp430/4.7.0/mmpy-16/libgcc.a(_udivmod16.o)
                0x0000e4f2                __udivhi3
                0x0000e4f2                __ext_udivmod16
                0x0000e50c                __umodhi3
 .text.libgcc   0x0000e514       0x3a /usr/local/msp430/bin/../lib/gcc/msp430/4.7.0/mmpy-16/libgcc.a(_divmod16.o)
                0x0000e514                __ext_divmod16
                0x0000e514                __divhi3
                0x0000e546                __modhi3
 .text.libgcc   0x0000e54e       0x40 /usr/local/msp430/bin/../lib/gcc/msp430/4.7.0/mmpy-16/libgcc.a(_udivmod32.o)
                0x0000e54e                __udivsi3
                0x0000e54e                __ext_udivmod32
                0x0000e584                __umodsi3
 .text.libgcc   0x0000e58e       0x4c /usr/local/msp430/bin/../lib/gcc/msp430/4.7.0/mmpy-16/libgcc.a(_divmod32.o)
                0x0000e58e                __ext_divmod32
                0x0000e58e                __divsi3
                0x0000e5d0                __modsi3
 .text.printf   0x0000e5da       0x10 /usr/local/msp430/bin/../lib/gcc/msp430/4.7.0/../../../../msp430/lib/mmpy-16/libc.a(printf.o)
                0x0000e5da                printf
 .text.print_field
                0x0000e5ea      0x194 /usr/local/msp430/bin/../lib/gcc/msp430/4.7.0/../../../../msp430/lib/mmpy-16/libc.a(vuprintf.o)
 .text.vuprintf
                0x0000e77e      0x63c /usr/local/msp430/bin/../lib/gcc/msp430/4.7.0/../../../../msp430/lib/mmpy-16/libc.a(vuprintf.o)
                0x0000e77e                vuprintf
 .text.puts     0x0000edba       0x2c /usr/local/msp430/bin/../lib/gcc/msp430/4.7.0/../../../../msp430/lib/mmpy-16/libc.a(puts.o)
                0x0000edba                puts
 .text.rand     0x0000ede6       0x26 /usr/local/msp430/bin/../lib/gcc/msp430/4.7.0/../../../../msp430/lib/mmpy-16/libc.a(rand.o)
                0x0000ede6                rand
 .text.srand    0x0000ee0c        0xa /usr/local/msp430/bin/../lib/gcc/msp430/4.7.0/../../../../msp430/lib/mmpy-16/libc.a(rand.o)
                0x0000ee0c                srand
 .text.strncmp  0x0000ee16       0x2a /usr/local/msp430/bin/../lib/gcc/msp430/4.7.0/../../../../msp430/lib/mmpy-16/libc.a(strncmp.o)
                0x0000ee16                strncmp
 .text.memcmp   0x0000ee40       0x30 /usr/local/msp430/bin/../lib/gcc/msp430/4.7.0/../../../../msp430/lib/mmpy-16/libc.a(memcmp.o)
                0x0000ee40                memcmp
 .text.memcpy   0x0000ee70       0xfa /usr/local/msp430/bin/../lib/gcc/msp430/4.7.0/../../../../msp430/lib/mmpy-16/libc.a(memcpy.o)
                0x0000ee70                memcpy
 .text.memmove  0x0000ef6a       0xfa /usr/local/msp430/bin/../lib/gcc/msp430/4.7.0/../../../../msp430/lib/mmpy-16/libc.a(memmove.o)
                0x0000ef6a                memmove
 .text.memset   0x0000f064       0x6a /usr/local/msp430/bin/../lib/gcc/msp430/4.7.0/../../../../msp430/lib/mmpy-16/libc.a(memset.o)
                0x0000f064                memset
 .text.libgcc   0x0000f0ce       0xf0 /usr/local/msp430/bin/../lib/gcc/msp430/4.7.0/mmpy-16/libgcc.a(_udivmod64.o)
                0x0000f0ce                __xabi_udivmod64
                0x0000f12c                __udivdi3
                0x0000f152                __umoddi3
                0x0000f180                __udivmoddi4
 .text.crt0     0x0000f1be        0x2 /usr/local/msp430/bin/../lib/gcc/msp430/4.7.0/mmpy-16/libcrt0.a(_unexpected_.o)
                0x0000f1be                _unexpected_
 *(.near.text .near.text.*)

.rodata         0x0000f1c0      0x433
                0x0000f1c0                . = ALIGN (0x2)
 *(.rodata .rodata.* .gnu.linkonce.r.*)
 .rodata        0x0000f1c0       0xa4 udp-sender.co
                0x0000f24a                autostart_processes
 .rodata        0x0000f264       0xce obj_sky/collect-common.o
 .rodata        0x0000f332      0x120 obj_sky/contiki-sky-main.o
 .rodata        0x0000f452        0xe contiki-sky.a(sht11-sensor.o)
                0x0000f458                sht11_sensor
 .rodata        0x0000f460        0xe contiki-sky.a(light-sensor.o)
                0x0000f466                light_sensor
 .rodata        0x0000f46e       0x10 contiki-sky.a(battery-sensor.)
                0x0000f476                battery_sensor
 .rodata        0x0000f47e       0x10 contiki-sky.a(button-sensor.o)
                0x0000f486                button_sensor
 .rodata        0x0000f48e        0x8 contiki-sky.a(sensors.o)
 *fill*         0x0000f496        0x2 00
 .rodata.get_value
                0x0000f498       0x1c contiki-sky.a(cc2420.o)
 .rodata        0x0000f4b4       0x3e contiki-sky.a(cc2420.o)
                0x0000f4b4                cc2420_aes_128_driver
                0x0000f4b8                cc2420_driver
 .rodata        0x0000f4f2        0xf contiki-sky.a(ctimer.o)
 .rodata        0x0000f501        0xc contiki-sky.a(etimer.o)
 .rodata        0x0000f50d        0xe contiki-sky.a(serial-line.o)
 *fill*         0x0000f51b        0x1 00
 .rodata        0x0000f51c       0x24 contiki-sky.a(sicslowpan.o)
                0x0000f528                sicslowpan_driver
                0x0000f52e                llprefix
                0x0000f530                unc_mxconf
                0x0000f534                unc_ctxconf
                0x0000f538                unc_llconf
 .rodata.uip_process
                0x0000f540       0x20 contiki-sky.a(uip6.o)
 .rodata        0x0000f560        0xd contiki-sky.a(tcpip.o)
 .rodata        0x0000f56d       0x29 contiki-sky.a(uip-debug.o)
 .rodata        0x0000f596       0x14 contiki-sky.a(csma.o)
                0x0000f59c                csma_driver
 .rodata        0x0000f5aa        0x8 contiki-sky.a(framer-802154.o)
                0x0000f5aa                framer_802154
 .rodata        0x0000f5b2        0x8 contiki-sky.a(linkaddr.o)
                0x0000f5b2                linkaddr_null
 .rodata        0x0000f5ba       0x1c contiki-sky.a(contikimac.o)
                0x0000f5c6                contikimac_driver
 .rodata        0x0000f5d6       0x14 contiki-sky.a(nullsec.o)
                0x0000f5de                nullsec_driver
 .rodata        0x0000f5ea        0x2 contiki-sky.a(frame802154.o)
 .rodata.vuprintf
                0x0000f5ec        0x7 /usr/local/msp430/bin/../lib/gcc/msp430/4.7.0/../../../../msp430/lib/mmpy-16/libc.a(vuprintf.o)
 *(.near.rodata .near.rodata.*)
                0x0000f5f4                . = ALIGN (0x2)
                0x0000f5f4                _etext = .

.data           0x00001100       0xf6 load address 0x0000f5f4
                0x00001100                . = ALIGN (0x2)
                0x00001100                __data_start = .
 *(.data .data.* .gnu.linkonce.d.*)
 .data          0x00001100        0xa udp-sender.co
                0x00001100                udp_client_process
 .data          0x0000110a        0xc obj_sky/collect-common.o
                0x0000110a                collect_common_process
 .data          0x00001116        0x4 contiki-sky.a(contiki-sky-pla)
                0x00001116                sensors
 .data          0x0000111a        0x1 contiki-sky.a(sht11-sensor.o)
 *fill*         0x0000111b        0x1 00
 .data          0x0000111c        0xa contiki-sky.a(sensors.o)
                0x0000111c                sensors_process
 .data          0x00001126        0xa contiki-sky.a(cc2420.o)
                0x00001126                cc2420_process
 .data          0x00001130        0x2 contiki-sky.a(msp430.o)
 .data          0x00001132        0xa contiki-sky.a(ctimer.o)
                0x00001132                ctimer_process
 .data          0x0000113c        0xa contiki-sky.a(etimer.o)
                0x0000113c                etimer_process
 .data          0x00001146        0xa contiki-sky.a(serial-line.o)
                0x00001146                serial_line_process
 .data          0x00001150        0xa contiki-sky.a(uip-ds6-nbr.o)
                0x00001150                ds6_neighbors
 .data          0x0000115a       0x20 contiki-sky.a(uip-ds6-route.o)
 .data          0x0000117a        0xc contiki-sky.a(uip-icmp6.o)
 .data          0x00001186        0xa contiki-sky.a(tcpip.o)
                0x00001186                tcpip_process
 .data          0x00001190        0xa contiki-sky.a(rpl-dag.o)
                0x00001190                rpl_parents
 .data          0x0000119a       0x1a contiki-sky.a(rpl-icmp6.o)
 .data          0x000011b4        0xe contiki-sky.a(rpl-mrhof.o)
                0x000011b4                rpl_mrhof
 .data          0x000011c2       0x18 contiki-sky.a(csma.o)
 .data          0x000011da        0x8 contiki-sky.a(nbr-table.o)
 .data          0x000011e2       0x10 contiki-sky.a(queuebuf.o)
 .data.next     0x000011f2        0x4 /usr/local/msp430/bin/../lib/gcc/msp430/4.7.0/../../../../msp430/lib/mmpy-16/libc.a(rand.o)
 *(.near.data .near.data.*)
                0x000011f6                . = ALIGN (0x2)
                0x000011f6                _edata = .
                0x0000f5f4                __data_load_start = LOADADDR (.data)
                0x000000f6                __data_size = SIZEOF (.data)

.bss            0x000011f6     0x1a6c load address 0x0000f6ea
                0x000011f6                __bss_start = .
 *(.bss .bss.*)
 .bss           0x000011f6       0x14 udp-sender.co
 .bss           0x0000120a       0x1c obj_sky/collect-common.o
 .bss           0x00001226        0xc obj_sky/contiki-sky-main.o
 .bss           0x00001232       0x10 contiki-sky.a(collect-view.o)
 .bss           0x00001242        0x8 contiki-sky.a(button-sensor.o)
 .bss           0x0000124a        0x2 contiki-sky.a(node-id.o)
                0x0000124a                node_id
 .bss           0x0000124c        0x6 contiki-sky.a(sensors.o)
 .bss           0x00001252        0x8 contiki-sky.a(cc2420.o)
 .bss           0x0000125a        0x4 contiki-sky.a(sky-sensors.o)
 .bss           0x0000125e       0x9a contiki-sky.a(uart1.o)
 .bss           0x000012f8        0xa contiki-sky.a(clock.o)
 .bss           0x00001302        0x1 contiki-sky.a(leds.o)
 *fill*         0x00001303        0x1 00
 .bss           0x00001304        0x2 contiki-sky.a(watchdog.o)
 .bss           0x00001306        0x4 contiki-sky.a(ctimer.o)
 .bss           0x0000130a        0x6 contiki-sky.a(etimer.o)
 .bss           0x00001310       0x42 contiki-sky.a(process.o)
                0x00001310                process_current
                0x00001312                process_list
 .bss           0x00001352        0x2 contiki-sky.a(rtimer.o)
 .bss           0x00001354      0x10a contiki-sky.a(serial-line.o)
 .bss           0x0000145e      0x124 contiki-sky.a(sicslowpan.o)
 .bss           0x00001582        0xe contiki-sky.a(uip6.o)
                0x00001582                uip_ext_opt_offset
                0x00001583                uip_ext_len
                0x00001584                uip_ext_bitmap
 .bss           0x00001590       0x18 contiki-sky.a(uip-ds6.o)
 .bss           0x000015a8      0x2f8 contiki-sky.a(uip-ds6-nbr.o)
 .bss           0x000018a0      0x362 contiki-sky.a(uip-ds6-route.o)
 .bss           0x00001c02       0x14 contiki-sky.a(uip-icmp6.o)
 .bss           0x00001c16       0x36 contiki-sky.a(tcpip.o)
 .bss           0x00001c4c        0x2 contiki-sky.a(rpl.o)
 .bss           0x00001c4e       0xf0 contiki-sky.a(rpl-dag.o)
 .bss           0x00001d3e       0x18 contiki-sky.a(rpl-timers.o)
 .bss           0x00001d56       0xc4 contiki-sky.a(csma.o)
 .bss           0x00001e1a        0x2 contiki-sky.a(framer-802154.o)
 .bss           0x00001e1c      0x118 contiki-sky.a(nbr-table.o)
 .bss           0x00001f34       0xb8 contiki-sky.a(packetbuf.o)
 .bss           0x00001fec      0x5a0 contiki-sky.a(queuebuf.o)
 .bss           0x0000258c       0x32 contiki-sky.a(contikimac.o)
 .bss           0x000025be        0x8 contiki-sky.a(compower.o)
 .bss           0x000025c6       0xa0 contiki-sky.a(mac-sequence.o)
 *(.near.bss .near.bss.*)
 *(COMMON)
 COMMON         0x00002666        0x2 contiki-sky.a(contiki-sky-pla)
                0x00002666                sensors_flags
 COMMON         0x00002668        0x8 contiki-sky.a(ds2411.o)
                0x00002668                ds2411_id
 COMMON         0x00002670        0x1 contiki-sky.a(sensors.o)
                0x00002670                sensors_event
 *fill*         0x00002671        0x1 00
 COMMON         0x00002672       0x10 contiki-sky.a(cc2420.o)
                0x00002672                cc2420_last_rssi
                0x00002674                cc2420_sfd_start_time
                0x00002676                cc2420_time_of_departure
                0x00002678                cc2420_time_of_arrival
                0x0000267a                cc2420_last_correlation
                0x0000267c                cc2420_authority_level_of_sender
                0x0000267e                cc2420_sfd_counter
                0x00002680                cc2420_sfd_end_time
 COMMON         0x00002682        0x2 contiki-sky.a(msp430.o)
                0x00002682                msp430_dco_required
 COMMON         0x00002684       0x56 contiki-sky.a(energest.o)
                0x00002684                energest_total_time
                0x000026b4                energest_total_count
                0x000026b6                energest_current_mode
                0x000026c2                energest_current_time
 COMMON         0x000026da        0x1 contiki-sky.a(process.o)
                0x000026da                process_maxevents
 COMMON         0x000026db        0x1 contiki-sky.a(serial-line.o)
                0x000026db                serial_line_event_message
 COMMON         0x000026dc        0x8 contiki-sky.a(sicslowpan.o)
                0x000026dc                frag_sender
 COMMON         0x000026e4      0x304 contiki-sky.a(uip6.o)
                0x000026e4                uip_len
                0x000026e6                uip_sappdata
                0x000026e8                uip_acc32
                0x000026ec                uip_lladdr
                0x000026f4                uip_aligned_buf
                0x000027e4                uip_flags
                0x000027e6                uip_next_hdr
                0x000027e8                uip_udp_conn
                0x000027ea                uip_appdata
                0x000027ec                uip_conn
                0x000027ee                uip_conns
                0x0000289e                uip_listenports
                0x000028ae                uip_slen
                0x000028b0                uip_udp_conns
 COMMON         0x000029e8      0x15c contiki-sky.a(uip-ds6.o)
                0x000029e8                uip_ds6_timer_ra
                0x000029f0                uip_ds6_if
                0x00002adc                uip_ds6_netif_addr_list_offset
                0x00002add                uip_ds6_addr_size
                0x00002ade                uip_ds6_prefix_list
                0x00002b38                uip_ds6_timer_periodic
 COMMON         0x00002b44        0x1 contiki-sky.a(tcpip.o)
                0x00002b44                tcpip_event
 *fill*         0x00002b45        0x1 00
 COMMON         0x00002b46       0xde contiki-sky.a(rpl-dag.o)
                0x00002b46                default_instance
                0x00002b48                instance_table
 COMMON         0x00002c24        0x8 contiki-sky.a(linkaddr.o)
                0x00002c24                linkaddr_node_addr
 COMMON         0x00002c2c       0x2e contiki-sky.a(packetbuf.o)
                0x00002c2c                packetbuf_addrs
                0x00002c3c                packetbuf_attrs
 COMMON         0x00002c5a        0x8 contiki-sky.a(compower.o)
                0x00002c5a                compower_idle_activity
                0x00002c62                . = ALIGN (0x2)
                0x00002c62                __bss_end = .
                0x00001a6c                __bss_size = SIZEOF (.bss)

.noinit         0x00002c62        0x2 load address 0x0000f6ea
                0x00002c62                . = ALIGN (0x2)
                0x00002c62                __noinit_start = .
 *(.noinit .noinit.*)
 .noinit.crt0   0x00002c62        0x2 /usr/local/msp430/bin/../lib/gcc/msp430/4.7.0/mmpy-16/libcrt0.a(__watchdog_support.o)
                0x00002c62                __wdt_clear_value
                0x00002c64                . = ALIGN (0x2)
                0x00002c64                __noinit_end = .
                0x00002c64                . = ALIGN (0x2)
                0x00002c64                _end = .

.infomem        0x00001000        0x0
                0x00001000                . = ALIGN (0x2)
 *(.infomem .infomem.*)

.infomemnobits  0x00001000        0x0
                0x00001000                . = ALIGN (0x2)
 *(.infomemnobits .infomemnobits.*)

.infoa          0x00001080        0x0
                0x00001080                . = ALIGN (0x2)
 *(.infoa .infoa.*)

.infob          0x00001000        0x0
                0x00001000                . = ALIGN (0x2)
 *(.infob .infob.*)

.infoc          0x00000000        0x0
                0x00000000                . = ALIGN (0x2)
 *(.infoc .infoc.*)

.infod          0x00000000        0x0
                0x00000000                . = ALIGN (0x2)
 *(.infod .infod.*)

.vectors        0x0000ffe0       0x20
                0x0000ffe0                __vectors_start = .
 *(.vectors*)
 .vectors       0x0000ffe0       0x20 /usr/local/msp430/bin/../lib/gcc/msp430/4.7.0/mmpy-16/crt0ivtbl16.o
                0x0000ffe0                __ivtbl_16
                0x00010000                _vectors_end = .

.fartext        0x00000000        0x0
                0x00000000                . = ALIGN (0x2)
 *(.fartext .fartext.*)

.far.text       0x00000000        0x0
                0x00000000                . = ALIGN (0x2)
 *(.far.text .far.text.*)

.far.rodata     0x00000000        0x0
                0x00000000                . = ALIGN (0x2)
 *(.far.rodata .far.rodata.*)
                0x00000000                . = ALIGN (0x2)
                0x00000000                _efartext = .

.far.data       0x00000000        0x0
                0x00000000                . = ALIGN (0x2)
                0x00000000                __far_data_start = .
 *(.far.data .far.data.*)
                0x00000000                . = ALIGN (0x2)
                0x00000000                _efardata = .
                0x00000000                __far_data_load_start = LOADADDR (.far.data)
                0x00000000                __far_data_size = SIZEOF (.far.data)

.far.bss        0x00000000        0x0
                0x00000000                . = ALIGN (0x2)
                0x00000000                __far_bss_start = .
 *(.far.bss .far.bss.*)
                0x00000000                . = ALIGN (0x2)
                0x00000000                __far_bss_end = .
                0x00000000                __far_bss_size = SIZEOF (.far.bss)
                0x00000000                . = ALIGN (0x2)
                0x00000000                _far_end = .

.profiler
 *(.profiler)

.stab           0x00000000    0x2b368
 *(.stab)
 .stab          0x00000000     0x1860 udp-sender.co
 .stab          0x00001860      0x960 obj_sky/collect-common.o
                                0xd98 (size before relaxing)
 .stab          0x000021c0     0x141c obj_sky/contiki-sky-main.o
                               0x1b0c (size before relaxing)
 .stab          0x000035dc      0x9cc contiki-sky.a(collect-view.o)
                               0x12b4 (size before relaxing)
 .stab          0x00003fa8      0x45c contiki-sky.a(collect-view-sk)
                                0xf78 (size before relaxing)
 .stab          0x00004404      0x258 contiki-sky.a(contiki-sky-pla)
                                0x5ac (size before relaxing)
 .stab          0x0000465c      0x420 contiki-sky.a(sht11-sensor.o)
                                0x948 (size before relaxing)
 .stab          0x00004a7c      0x324 contiki-sky.a(light-sensor.o)
                                0x690 (size before relaxing)
 .stab          0x00004da0      0x318 contiki-sky.a(battery-sensor.)
                                0x684 (size before relaxing)
 .stab          0x000050b8      0x468 contiki-sky.a(button-sensor.o)
                                0x7d4 (size before relaxing)
 .stab          0x00005520      0x618 contiki-sky.a(ds2411.o)
                                0xb34 (size before relaxing)
 .stab          0x00005b38      0x9d8 contiki-sky.a(xmem.o)
                                0xf00 (size before relaxing)
 .stab          0x00006510      0x2b8 contiki-sky.a(node-id.o)
                                0x4e0 (size before relaxing)
 .stab          0x000067c8      0x684 contiki-sky.a(sensors.o)
                                0xbb8 (size before relaxing)
 .stab          0x00006e4c     0x22b0 contiki-sky.a(cc2420.o)
                               0x2c28 (size before relaxing)
 .stab          0x000090fc      0x7d4 contiki-sky.a(cc2420-arch.o)
                               0x171c (size before relaxing)
 .stab          0x000098d0      0x4ec contiki-sky.a(sky-sensors.o)
                                0x858 (size before relaxing)
 .stab          0x00009dbc      0x600 contiki-sky.a(uart1.o)
                                0x954 (size before relaxing)
 .stab          0x0000a3bc      0x27c contiki-sky.a(uart1-putchar.o)
                                0x7bc (size before relaxing)
 .stab          0x0000a638      0x72c contiki-sky.a(msp430.o)
                                0xa80 (size before relaxing)
 .stab          0x0000ad64      0x930 contiki-sky.a(clock.o)
                                0xc84 (size before relaxing)
 .stab          0x0000b694      0x5a0 contiki-sky.a(leds.o)
                                0x7ec (size before relaxing)
 .stab          0x0000bc34      0x378 contiki-sky.a(leds-arch.o)
                                0x6cc (size before relaxing)
 .stab          0x0000bfac      0x3cc contiki-sky.a(watchdog.o)
                                0x720 (size before relaxing)
 .stab          0x0000c378      0x3b4 contiki-sky.a(rtimer-arch.o)
                                0x708 (size before relaxing)
 .stab          0x0000c72c      0x294 contiki-sky.a(autostart.o)
                                0x534 (size before relaxing)
 .stab          0x0000c9c0      0x78c contiki-sky.a(ctimer.o)
                                0xaf8 (size before relaxing)
 .stab          0x0000d14c      0x474 contiki-sky.a(energest.o)
                                0x6fc (size before relaxing)
 .stab          0x0000d5c0      0x9fc contiki-sky.a(etimer.o)
                                0xccc (size before relaxing)
 .stab          0x0000dfbc      0xb70 contiki-sky.a(process.o)
                               0x1008 (size before relaxing)
 .stab          0x0000eb2c      0x3cc contiki-sky.a(rtimer.o)
                                0x6b4 (size before relaxing)
 .stab          0x0000eef8      0x348 contiki-sky.a(timer.o)
                                0x588 (size before relaxing)
 .stab          0x0000f240      0x51c contiki-sky.a(serial-line.o)
                                0xa38 (size before relaxing)
 .stab          0x0000f75c      0x7bc contiki-sky.a(list.o)
                                0x7c8 (size before relaxing)
 .stab          0x0000ff18      0x21c contiki-sky.a(random.o)
                                0x618 (size before relaxing)
 .stab          0x00010134      0x3f0 contiki-sky.a(ringbuf.o)
                                0x630 (size before relaxing)
 .stab          0x00010524     0x2118 contiki-sky.a(sicslowpan.o)
                               0x30d8 (size before relaxing)
 .stab          0x0001263c     0x2ab4 contiki-sky.a(uip6.o)
                               0x366c (size before relaxing)
 .stab          0x000150f0     0x13bc contiki-sky.a(uip-ds6.o)
                               0x1f5c (size before relaxing)
 .stab          0x000164ac      0xccc contiki-sky.a(uip-ds6-nbr.o)
                               0x1704 (size before relaxing)
 .stab          0x00017178     0x1200 contiki-sky.a(uip-ds6-route.o)
                               0x1d88 (size before relaxing)
 .stab          0x00018378      0xcd8 contiki-sky.a(uip-icmp6.o)
                               0x1950 (size before relaxing)
 .stab          0x00019050      0x570 contiki-sky.a(uip-nd6.o)
                               0x114c (size before relaxing)
 .stab          0x000195c0     0x126c contiki-sky.a(tcpip.o)
                               0x24b4 (size before relaxing)
 .stab          0x0001a82c      0x450 contiki-sky.a(uip-debug.o)
                                0xbdc (size before relaxing)
 .stab          0x0001ac7c      0x438 contiki-sky.a(uip-udp-packet.)
                                0xbf4 (size before relaxing)
 .stab          0x0001b0b4      0xa80 contiki-sky.a(rpl.o)
                               0x17ac (size before relaxing)
 .stab          0x0001bb34     0x2ebc contiki-sky.a(rpl-dag.o)
                               0x3bc4 (size before relaxing)
 .stab          0x0001e9f0      0xa50 contiki-sky.a(rpl-ext-header.)
                               0x180c (size before relaxing)
 .stab          0x0001f440     0x1764 contiki-sky.a(rpl-icmp6.o)
                               0x2568 (size before relaxing)
 .stab          0x00020ba4      0x894 contiki-sky.a(rpl-mrhof.o)
                               0x1584 (size before relaxing)
 .stab          0x00021438      0xbac contiki-sky.a(rpl-timers.o)
                               0x189c (size before relaxing)
 .stab          0x00021fe4      0xfa8 contiki-sky.a(csma.o)
                               0x1578 (size before relaxing)
 .stab          0x00022f8c      0x924 contiki-sky.a(framer-802154.o)
                                0xf48 (size before relaxing)
 .stab          0x000238b0      0x3fc contiki-sky.a(framer.o)
                                0xc54 (size before relaxing)
 .stab          0x00023cac      0x1f8 contiki-sky.a(mac.o)
                                0x4ec (size before relaxing)
 .stab          0x00023ea4      0x2ac contiki-sky.a(linkaddr.o)