Archive member included because of file (symbol)

contiki-cc2538dk.a(collect-view.o)
                              udp-sender.co (collect_view_construct_message)
contiki-cc2538dk.a(collect-view-te)
                              contiki-cc2538dk.a(collect-view.o) (collect_view_arch_read_sensors)
contiki-cc2538dk.a(leds.o)    obj_cc2538dk/collect-common.o (leds_blink)
contiki-cc2538dk.a(leds-arch.o)
                              contiki-cc2538dk.a(leds.o) (leds_arch_init)
contiki-cc2538dk.a(contiki-main.o)
                              obj_cc2538dk/startup-gcc.o (main)
contiki-cc2538dk.a(sensors.o)
                              contiki-cc2538dk.a(contiki-main.o) (sensors_process)
contiki-cc2538dk.a(smartrf-sensors)
                              contiki-cc2538dk.a(sensors.o) (sensors_flags)
contiki-cc2538dk.a(button-sensor.o)
                              contiki-cc2538dk.a(contiki-main.o) (button_sensor_init)
contiki-cc2538dk.a(als-sensor.o)
                              contiki-cc2538dk.a(smartrf-sensors) (als_sensor)
contiki-cc2538dk.a(clock.o)   contiki-cc2538dk.a(contiki-main.o) (clock_init)
contiki-cc2538dk.a(rtimer-arch.o)
                              contiki-cc2538dk.a(clock.o) (rtimer_arch_now)
contiki-cc2538dk.a(uart.o)    contiki-cc2538dk.a(contiki-main.o) (uart_init)
contiki-cc2538dk.a(watchdog.o)
                              contiki-cc2538dk.a(contiki-main.o) (watchdog_init)
contiki-cc2538dk.a(nvic.o)    contiki-cc2538dk.a(contiki-main.o) (nvic_init)
contiki-cc2538dk.a(cpu.o)     contiki-cc2538dk.a(contiki-main.o) (cpu_cpsie)
contiki-cc2538dk.a(sys-ctrl.o)
                              contiki-cc2538dk.a(contiki-main.o) (sys_ctrl_init)
contiki-cc2538dk.a(gpio.o)    contiki-cc2538dk.a(button-sensor.o) (gpio_register_callback)
contiki-cc2538dk.a(ioc.o)     contiki-cc2538dk.a(contiki-main.o) (ioc_init)
contiki-cc2538dk.a(adc.o)     contiki-cc2538dk.a(contiki-main.o) (adc_init)
contiki-cc2538dk.a(crypto.o)  obj_cc2538dk/startup-gcc.o (crypto_isr)
contiki-cc2538dk.a(cc2538-rf.o)
                              obj_cc2538dk/startup-gcc.o (cc2538_rf_rx_tx_isr)
contiki-cc2538dk.a(udma.o)    contiki-cc2538dk.a(contiki-main.o) (udma_init)
contiki-cc2538dk.a(lpm.o)     contiki-cc2538dk.a(rtimer-arch.o) (lpm_exit)
contiki-cc2538dk.a(dbg.o)     udp-sender.co (putchar)
contiki-cc2538dk.a(ieee-addr.o)
                              contiki-cc2538dk.a(contiki-main.o) (ieee_addr_cpy_to)
contiki-cc2538dk.a(cc2538-temp-sen)
                              contiki-cc2538dk.a(smartrf-sensors) (cc2538_temp_sensor)
contiki-cc2538dk.a(vdd3-sensor.o)
                              contiki-cc2538dk.a(smartrf-sensors) (vdd3_sensor)
contiki-cc2538dk.a(dbg-printf.o)
                              udp-sender.co (printf)
contiki-cc2538dk.a(strformat.o)
                              contiki-cc2538dk.a(dbg-printf.o) (format_str_v)
contiki-cc2538dk.a(autostart.o)
                              contiki-cc2538dk.a(contiki-main.o) (autostart_start)
contiki-cc2538dk.a(ctimer.o)  contiki-cc2538dk.a(contiki-main.o) (ctimer_init)
contiki-cc2538dk.a(energest.o)
                              contiki-cc2538dk.a(contiki-main.o) (energest_init)
contiki-cc2538dk.a(etimer.o)  contiki-cc2538dk.a(clock.o) (etimer_request_poll)
contiki-cc2538dk.a(process.o)
                              contiki-cc2538dk.a(sensors.o) (process_alloc_event)
contiki-cc2538dk.a(rtimer.o)  contiki-cc2538dk.a(contiki-main.o) (rtimer_init)
contiki-cc2538dk.a(timer.o)   contiki-cc2538dk.a(button-sensor.o) (timer_set)
contiki-cc2538dk.a(serial-line.o)
                              obj_cc2538dk/collect-common.o (serial_line_event_message)
contiki-cc2538dk.a(list.o)    contiki-cc2538dk.a(ctimer.o) (list_init)
contiki-cc2538dk.a(random.o)  obj_cc2538dk/collect-common.o (random_rand)
contiki-cc2538dk.a(ringbuf.o)
                              contiki-cc2538dk.a(serial-line.o) (ringbuf_init)
contiki-cc2538dk.a(sicslowpan.o)
                              contiki-cc2538dk.a(contiki-main.o) (sicslowpan_driver)
contiki-cc2538dk.a(uip6.o)    contiki-cc2538dk.a(sicslowpan.o) (uip_aligned_buf)
contiki-cc2538dk.a(uip-ds6.o)
                              contiki-cc2538dk.a(uip6.o) (uip_ds6_is_addr_onlink)
contiki-cc2538dk.a(uip-ds6-nbr.o)
                              contiki-cc2538dk.a(uip-ds6.o) (uip_ds6_neighbors_init)
contiki-cc2538dk.a(uip-ds6-route.o)
                              contiki-cc2538dk.a(uip-ds6.o) (uip_ds6_route_init)
contiki-cc2538dk.a(uip-icmp6.o)
                              contiki-cc2538dk.a(uip6.o) (uip_icmp6_input)
contiki-cc2538dk.a(uip-nd6.o)
                              contiki-cc2538dk.a(uip-ds6-nbr.o) (uip_nd6_ns_output)
contiki-cc2538dk.a(tcpip.o)   contiki-cc2538dk.a(sicslowpan.o) (tcpip_set_outputfunc)
contiki-cc2538dk.a(uip-debug.o)
                              udp-sender.co (uip_debug_ipaddr_print)
contiki-cc2538dk.a(uip-udp-packet.)
                              udp-sender.co (uip_udp_packet_sendto)
[...]
Memory Configuration

Name             Origin             Length             Attributes
FLASH            0x00200000         0x0007ffd4         xr
FLASH_CCA        0x0027ffd4         0x0000002c         xr
SRAM             0x20000000         0x00008000         xrw
*default*        0x00000000         0xffffffff

Linker script and memory map

LOAD obj_cc2538dk/startup-gcc.o
LOAD udp-sender.co
LOAD obj_cc2538dk/collect-common.o
LOAD contiki-cc2538dk.a
START GROUP
LOAD /usr/bin/../lib/gcc/arm-none-eabi/4.9.3/armv7-m/libgcc.a
LOAD /usr/bin/../lib/gcc/arm-none-eabi/4.9.3/../../../../arm-none-eabi/lib/armv7-m/libc.a
END GROUP

.text           0x00200000     0xad2e
                0x00200000                _text = .
 *(SORT(.vectors))
 .vectors       0x00200000      0x28c obj_cc2538dk/startup-gcc.o
                0x00200000                vectors
 *(SORT(.text*))
 .text.reset_handler
                0x0020028c       0x40 obj_cc2538dk/startup-gcc.o
                0x0020028c                reset_handler
 .text.process_thread_udp_client_process
                0x002002cc      0x120 udp-sender.co
 .text.collect_common_net_print
                0x002003ec       0x4c udp-sender.co
                0x002003ec                collect_common_net_print
 .text.collect_common_send
                0x00200438       0xc4 udp-sender.co
                0x00200438                collect_common_send
 .text.collect_common_net_init
                0x002004fc       0x18 udp-sender.co
                0x002004fc                collect_common_net_init
 .text.process_thread_collect_common_process
                0x00200514      0x188 obj_cc2538dk/collect-common.o
 .text.collect_view_construct_message
                0x0020069c      0x118 contiki-cc2538dk.a(collect-view.o)
                0x0020069c                collect_view_construct_message
 .text.leds_init
                0x002007b4       0x14 contiki-cc2538dk.a(leds.o)
                0x002007b4                leds_init
 .text.leds_on  0x002007c8       0x10 contiki-cc2538dk.a(leds.o)
                0x002007c8                leds_on
 .text.leds_off
                0x002007d8       0x14 contiki-cc2538dk.a(leds.o)
                0x002007d8                leds_off
 .text.leds_arch_init
                0x002007ec       0x10 contiki-cc2538dk.a(leds-arch.o)
                0x002007ec                leds_arch_init
 .text.leds_arch_set
                0x002007fc        0xc contiki-cc2538dk.a(leds-arch.o)
                0x002007fc                leds_arch_set
 .text.startup.main
                0x00200808      0x19c contiki-cc2538dk.a(contiki-main.o)
                0x00200808                main
 .text.process_thread_sensors_process
                0x002009a4       0xd4 contiki-cc2538dk.a(sensors.o)
 .text.sensors_changed
                0x00200a78       0x38 contiki-cc2538dk.a(sensors.o)
                0x00200a78                sensors_changed
 .text.config_select
                0x00200ab0       0x30 contiki-cc2538dk.a(button-sensor.o)
 .text.config_left
                0x00200ae0       0x30 contiki-cc2538dk.a(button-sensor.o)
 .text.config_right
                0x00200b10       0x30 contiki-cc2538dk.a(button-sensor.o)
 .text.config_up
                0x00200b40       0x30 contiki-cc2538dk.a(button-sensor.o)
 .text.config_down
                0x00200b70       0x30 contiki-cc2538dk.a(button-sensor.o)
 .text.btn_callback
                0x00200ba0       0x64 contiki-cc2538dk.a(button-sensor.o)
 .text.button_sensor_init
                0x00200c04        0xc contiki-cc2538dk.a(button-sensor.o)
                0x00200c04                button_sensor_init
 .text.value    0x00200c10       0x24 contiki-cc2538dk.a(als-sensor.o)
 .text.configure
                0x00200c34       0x54 contiki-cc2538dk.a(als-sensor.o)
 .text.update_ticks
                0x00200c88       0x4c contiki-cc2538dk.a(clock.o)
 .text.clock_init
                0x00200cd4       0x50 contiki-cc2538dk.a(clock.o)
                0x00200cd4                clock_init
 .text.clock_time
                0x00200d24       0x14 contiki-cc2538dk.a(clock.o)
                0x00200d24                clock_time
 .text.clock_seconds
                0x00200d38       0x14 contiki-cc2538dk.a(clock.o)
                0x00200d38                clock_seconds
 .text.clock_delay_usec
                0x00200d4c       0x1c contiki-cc2538dk.a(clock.o)
                0x00200d4c                clock_delay_usec
 .text.clock_adjust
                0x00200d68       0x20 contiki-cc2538dk.a(clock.o)
                0x00200d68                clock_adjust
 .text.rtimer_arch_next_trigger
                0x00200d88        0xc contiki-cc2538dk.a(rtimer-arch.o)
                0x00200d88                rtimer_arch_next_trigger
 .text.rtimer_arch_now
                0x00200d94       0x2c contiki-cc2538dk.a(rtimer-arch.o)
                0x00200d94                rtimer_arch_now
 .text.rtimer_arch_schedule
                0x00200dc0       0x58 contiki-cc2538dk.a(rtimer-arch.o)
                0x00200dc0                rtimer_arch_schedule
 .text.rtimer_isr
                0x00200e18       0x24 contiki-cc2538dk.a(rtimer-arch.o)
                0x00200e18                rtimer_isr
 .text.permit_pm1
                0x00200e3c       0x2c contiki-cc2538dk.a(uart.o)
 .text.uart_isr
                0x00200e68       0x64 contiki-cc2538dk.a(uart.o)
 .text.uart_init
                0x00200ecc      0x1ac contiki-cc2538dk.a(uart.o)
                0x00200ecc                uart_init
 .text.uart_set_input
                0x00201078       0x10 contiki-cc2538dk.a(uart.o)
                0x00201078                uart_set_input
 .text.uart_write_byte
                0x00201088       0x1c contiki-cc2538dk.a(uart.o)
                0x00201088                uart_write_byte
 .text.watchdog_init
                0x002010a4        0xc contiki-cc2538dk.a(watchdog.o)
                0x002010a4                watchdog_init
 .text.watchdog_start
                0x002010b0        0xc contiki-cc2538dk.a(watchdog.o)
                0x002010b0                watchdog_start
 .text.watchdog_periodic
                0x002010bc       0x10 contiki-cc2538dk.a(watchdog.o)
                0x002010bc                watchdog_periodic
 .text.nvic_init
                0x002010cc       0x3c contiki-cc2538dk.a(nvic.o)
                0x002010cc                nvic_init
 .text.nvic_interrupt_enable
                0x00201108       0x18 contiki-cc2538dk.a(nvic.o)
                0x00201108                nvic_interrupt_enable
 .text.nvic_interrupt_disable
                0x00201120       0x18 contiki-cc2538dk.a(nvic.o)
                0x00201120                nvic_interrupt_disable
 .text.nvic_interrupt_unpend
                0x00201138       0x18 contiki-cc2538dk.a(nvic.o)
                0x00201138                nvic_interrupt_unpend
 .text.sys_ctrl_init
                0x00201150       0x28 contiki-cc2538dk.a(sys-ctrl.o)
                0x00201150                sys_ctrl_init
 .text.gpio_register_callback
                0x00201178       0x10 contiki-cc2538dk.a(gpio.o)
                0x00201178                gpio_register_callback
 .text.notify   0x00201188       0x30 contiki-cc2538dk.a(gpio.o)
                0x00201188                notify
 .text.gpio_port_isr
                0x002011b8       0x50 contiki-cc2538dk.a(gpio.o)
 .text.gpio_init
                0x00201208       0x10 contiki-cc2538dk.a(gpio.o)
                0x00201208                gpio_init
 .text.ioc_init
                0x00201218       0x1c contiki-cc2538dk.a(ioc.o)
                0x00201218                ioc_init
 .text.ioc_set_over
                0x00201234       0x14 contiki-cc2538dk.a(ioc.o)
                0x00201234                ioc_set_over
 .text.ioc_set_sel
                0x00201248       0x14 contiki-cc2538dk.a(ioc.o)
                0x00201248                ioc_set_sel
 .text.adc_init
                0x0020125c       0x10 contiki-cc2538dk.a(adc.o)
                0x0020125c                adc_init
 .text.adc_get  0x0020126c       0x78 contiki-cc2538dk.a(adc.o)
                0x0020126c                adc_get
 .text.crypto_isr
                0x002012e4       0x24 contiki-cc2538dk.a(crypto.o)
                0x002012e4                crypto_isr
 .text.on       0x00201308       0x2c contiki-cc2538dk.a(cc2538-rf.o)
 .text.off      0x00201334       0x38 contiki-cc2538dk.a(cc2538-rf.o)
 .text.set_channel
                0x0020136c       0x48 contiki-cc2538dk.a(cc2538-rf.o)
 .text.channel_clear
                0x002013b4       0x3c contiki-cc2538dk.a(cc2538-rf.o)
 .text.receiving_packet
                0x002013f0       0x18 contiki-cc2538dk.a(cc2538-rf.o)
 .text.pending_packet
                0x00201408       0x10 contiki-cc2538dk.a(cc2538-rf.o)
 .text.get_value
                0x00201418      0x118 contiki-cc2538dk.a(cc2538-rf.o)
 .text.prepare  0x00201530       0x64 contiki-cc2538dk.a(cc2538-rf.o)
 .text.transmit
                0x00201594       0x8c contiki-cc2538dk.a(cc2538-rf.o)
 .text.set_frame_filtering
                0x00201620       0x18 contiki-cc2538dk.a(cc2538-rf.o)
 .text.set_value
                0x00201638       0xd4 contiki-cc2538dk.a(cc2538-rf.o)
 .text.get_object
                0x0020170c       0x30 contiki-cc2538dk.a(cc2538-rf.o)
 .text.set_object
                0x0020173c       0x30 contiki-cc2538dk.a(cc2538-rf.o)
 .text.read     0x0020176c       0xc4 contiki-cc2538dk.a(cc2538-rf.o)
 .text.init     0x00201830       0xcc contiki-cc2538dk.a(cc2538-rf.o)
 .text.process_thread_cc2538_rf_process
                0x002018fc       0x74 contiki-cc2538dk.a(cc2538-rf.o)
 .text.cc2538_rf_rx_tx_isr
                0x00201970       0x18 contiki-cc2538dk.a(cc2538-rf.o)
                0x00201970                cc2538_rf_rx_tx_isr
 .text.cc2538_rf_err_isr
                0x00201988       0x28 contiki-cc2538dk.a(cc2538-rf.o)
                0x00201988                cc2538_rf_err_isr
 .text.udma_init
                0x002019b0       0x30 contiki-cc2538dk.a(udma.o)
                0x002019b0                udma_init
 .text.udma_set_channel_src
                0x002019e0       0x10 contiki-cc2538dk.a(udma.o)
                0x002019e0                udma_set_channel_src
 .text.udma_set_channel_dst
                0x002019f0       0x14 contiki-cc2538dk.a(udma.o)
                0x002019f0                udma_set_channel_dst
 .text.udma_set_channel_control_word
                0x00201a04       0x14 contiki-cc2538dk.a(udma.o)
                0x00201a04                udma_set_channel_control_word
 .text.udma_channel_enable
                0x00201a18       0x18 contiki-cc2538dk.a(udma.o)
                0x00201a18                udma_channel_enable
 .text.udma_channel_mask_set
                0x00201a30       0x18 contiki-cc2538dk.a(udma.o)
                0x00201a30                udma_channel_mask_set
 .text.udma_channel_sw_request
                0x00201a48       0x18 contiki-cc2538dk.a(udma.o)
                0x00201a48                udma_channel_sw_request
 .text.udma_channel_get_mode
                0x00201a60       0x1c contiki-cc2538dk.a(udma.o)
                0x00201a60                udma_channel_get_mode
 .text.udma_isr
                0x00201a7c       0x10 contiki-cc2538dk.a(udma.o)
                0x00201a7c                udma_isr
 .text.udma_err_isr
                0x00201a8c        0xc contiki-cc2538dk.a(udma.o)
                0x00201a8c                udma_err_isr
 .text.select_32_mhz_xosc
                0x00201a98       0x2c contiki-cc2538dk.a(lpm.o)
 .text.lpm_exit
                0x00201ac4       0x34 contiki-cc2538dk.a(lpm.o)
                0x00201ac4                lpm_exit
 .text.lpm_enter
                0x00201af8       0xb0 contiki-cc2538dk.a(lpm.o)
                0x00201af8                lpm_enter
 .text.lpm_register_peripheral
                0x00201ba8       0x20 contiki-cc2538dk.a(lpm.o)
                0x00201ba8                lpm_register_peripheral
 .text.lpm_init
                0x00201bc8       0x24 contiki-cc2538dk.a(lpm.o)
                0x00201bc8                lpm_init
 .text.ieee_addr_cpy_to
                0x00201bec       0x74 contiki-cc2538dk.a(ieee-addr.o)
                0x00201bec                ieee_addr_cpy_to
 .text.printf   0x00201c60       0x20 contiki-cc2538dk.a(dbg-printf.o)
                0x00201c60                printf
 .text.fill_space
                0x00201c80       0x34 contiki-cc2538dk.a(strformat.o)
 .text.format_str_v
                0x00201cb4      0x6e8 contiki-cc2538dk.a(strformat.o)
                0x00201cb4                format_str_v
 .text.process_thread_ctimer_process
                0x0020239c       0x80 contiki-cc2538dk.a(ctimer.o)
 .text.ctimer_init
                0x0020241c       0x28 contiki-cc2538dk.a(ctimer.o)
                0x0020241c                ctimer_init
 .text.ctimer_set
                0x00202444       0x40 contiki-cc2538dk.a(ctimer.o)
                0x00202444                ctimer_set
 .text.ctimer_reset
                0x00202484       0x38 contiki-cc2538dk.a(ctimer.o)
                0x00202484                ctimer_reset
 .text.ctimer_stop
                0x002024bc       0x2c contiki-cc2538dk.a(ctimer.o)
                0x002024bc                ctimer_stop
 .text.update_time
                0x002024e8       0x44 contiki-cc2538dk.a(etimer.o)
 .text.etimer_request_poll
                0x0020252c        0xc contiki-cc2538dk.a(etimer.o)
                0x0020252c                etimer_request_poll
 .text.process_thread_etimer_process
                0x00202538       0x94 contiki-cc2538dk.a(etimer.o)
 .text.add_timer
                0x002025cc       0x40 contiki-cc2538dk.a(etimer.o)
 .text.etimer_pending
                0x0020260c       0x10 contiki-cc2538dk.a(etimer.o)
                0x0020260c                etimer_pending
 .text.etimer_stop
                0x0020261c       0x34 contiki-cc2538dk.a(etimer.o)
                0x0020261c                etimer_stop
 .text.call_process.part.0
                0x00202650       0x38 contiki-cc2538dk.a(process.o)
 .text.exit_process
                0x00202688       0x80 contiki-cc2538dk.a(process.o)
 .text.do_poll  0x00202708       0x30 contiki-cc2538dk.a(process.o)
 .text.process_alloc_event
                0x00202738       0x10 contiki-cc2538dk.a(process.o)
                0x00202738                process_alloc_event
 .text.process_init
                0x00202748       0x30 contiki-cc2538dk.a(process.o)
                0x00202748                process_init
 .text.process_run
                0x00202778       0xb0 contiki-cc2538dk.a(process.o)
                0x00202778                process_run
 .text.process_nevents
                0x00202828       0x14 contiki-cc2538dk.a(process.o)
                0x00202828                process_nevents
 .text.process_post
                0x0020283c       0x44 contiki-cc2538dk.a(process.o)
                0x0020283c                process_post
 .text.process_post_synch
                0x00202880       0x14 contiki-cc2538dk.a(process.o)
                0x00202880                process_post_synch
 .text.process_start
                0x00202894       0x30 contiki-cc2538dk.a(process.o)
                0x00202894                process_start
 .text.process_poll
                0x002028c4       0x18 contiki-cc2538dk.a(process.o)
                0x002028c4                process_poll
 .text.rtimer_set
                0x002028dc       0x24 contiki-cc2538dk.a(rtimer.o)
                0x002028dc                rtimer_set
 .text.rtimer_run_next
                0x00202900       0x28 contiki-cc2538dk.a(rtimer.o)
                0x00202900                rtimer_run_next
 .text.process_thread_serial_line_process
                0x00202928       0x98 contiki-cc2538dk.a(serial-line.o)
 .text.serial_line_input_byte
                0x002029c0       0x44 contiki-cc2538dk.a(serial-line.o)
                0x002029c0                serial_line_input_byte
 .text.serial_line_init
                0x00202a04       0x24 contiki-cc2538dk.a(serial-line.o)
                0x00202a04                serial_line_init
 .text.random_rand
                0x00202a28       0x20 contiki-cc2538dk.a(random.o)
                0x00202a28                random_rand
 .text.random_init
                0x00202a48       0x78 contiki-cc2538dk.a(random.o)
                0x00202a48                random_init
 .text.sicslowpan_init
                0x00202ac0       0x24 contiki-cc2538dk.a(sicslowpan.o)
                0x00202ac0                sicslowpan_init
 .text.set_packet_attrs
                0x00202ae4       0x44 contiki-cc2538dk.a(sicslowpan.o)
 .text.compress_addr_64
                0x00202b28       0x90 contiki-cc2538dk.a(sicslowpan.o)
 .text.addr_context_lookup_by_prefix
                0x00202bb8       0x28 contiki-cc2538dk.a(sicslowpan.o)
 .text.send_packet
                0x00202be0       0x24 contiki-cc2538dk.a(sicslowpan.o)
 .text.packet_sent
                0x00202c04       0x28 contiki-cc2538dk.a(sicslowpan.o)
 .text.uncompress_addr
                0x00202c2c       0xa4 contiki-cc2538dk.a(sicslowpan.o)
 .text.output   0x00202cd0      0x6c0 contiki-cc2538dk.a(sicslowpan.o)
 .text.input    0x00203390      0x5f8 contiki-cc2538dk.a(sicslowpan.o)
 .text.upper_layer_chksum
                0x00203988       0x54 contiki-cc2538dk.a(uip6.o)
 .text.ext_hdr_options_process
                0x002039dc       0xb0 contiki-cc2538dk.a(uip6.o)
 .text.uip_add32
                0x00203a8c       0x54 contiki-cc2538dk.a(uip6.o)
                0x00203a8c                uip_add32
 .text.unlikely.uip_add_rcv_nxt
                0x00203ae0       0x2c contiki-cc2538dk.a(uip6.o)
 .text.uip_init
                0x00203b0c       0x6c contiki-cc2538dk.a(uip6.o)
                0x00203b0c                uip_init
 .text.remove_ext_hdr
                0x00203b78       0x60 contiki-cc2538dk.a(uip6.o)
                0x00203b78                remove_ext_hdr
 .text.uip_udp_new
                0x00203bd8       0xb0 contiki-cc2538dk.a(uip6.o)
                0x00203bd8                uip_udp_new
 .text.uip_unlisten
                0x00203c88       0x34 contiki-cc2538dk.a(uip6.o)
                0x00203c88                uip_unlisten
 .text.uip_process
                0x00203cbc      0xdbc contiki-cc2538dk.a(uip6.o)
                0x00203cbc                uip_process
 .text.uip_ds6_prefix_add
                0x00204a78       0x64 contiki-cc2538dk.a(uip-ds6.o)
                0x00204a78                uip_ds6_prefix_add
 .text.uip_ds6_is_addr_onlink
                0x00204adc       0x40 contiki-cc2538dk.a(uip-ds6.o)
                0x00204adc                uip_ds6_is_addr_onlink
 .text.uip_ds6_addr_lookup
                0x00204b1c       0x2c contiki-cc2538dk.a(uip-ds6.o)
                0x00204b1c                uip_ds6_addr_lookup
 .text.uip_ds6_get_link_local
                0x00204b48       0x40 contiki-cc2538dk.a(uip-ds6.o)
                0x00204b48                uip_ds6_get_link_local
 .text.uip_ds6_maddr_add
                0x00204b88       0x4c contiki-cc2538dk.a(uip-ds6.o)
                0x00204b88                uip_ds6_maddr_add
 .text.uip_ds6_addr_add
                0x00204bd4       0x94 contiki-cc2538dk.a(uip-ds6.o)
                0x00204bd4                uip_ds6_addr_add
 .text.uip_ds6_maddr_lookup
                0x00204c68       0x2c contiki-cc2538dk.a(uip-ds6.o)
                0x00204c68                uip_ds6_maddr_lookup
 .text.uip_ds6_addr_rm
                0x00204c94       0x44 contiki-cc2538dk.a(uip-ds6.o)
                0x00204c94                uip_ds6_addr_rm
 .text.uip_ds6_periodic
                0x00204cd8       0x50 contiki-cc2538dk.a(uip-ds6.o)
                0x00204cd8                uip_ds6_periodic
 .text.uip_ds6_select_src
                0x00204d28       0x94 contiki-cc2538dk.a(uip-ds6.o)
                0x00204d28                uip_ds6_select_src
 .text.uip_ds6_compute_reachable_time
                0x00204dbc       0x28 contiki-cc2538dk.a(uip-ds6.o)
                0x00204dbc                uip_ds6_compute_reachable_time
 .text.uip_ds6_init
                0x00204de4       0xe0 contiki-cc2538dk.a(uip-ds6.o)
                0x00204de4                uip_ds6_init
 .text.uip_ds6_nbr_rm
                0x00204ec4       0x20 contiki-cc2538dk.a(uip-ds6-nbr.o)
                0x00204ec4                uip_ds6_nbr_rm
 .text.uip_ds6_neighbors_init
                0x00204ee4       0x14 contiki-cc2538dk.a(uip-ds6-nbr.o)
                0x00204ee4                uip_ds6_neighbors_init
 .text.uip_ds6_nbr_add
                0x00204ef8       0x60 contiki-cc2538dk.a(uip-ds6-nbr.o)
                0x00204ef8                uip_ds6_nbr_add
 .text.uip_ds6_nbr_get_ll
                0x00204f58       0x10 contiki-cc2538dk.a(uip-ds6-nbr.o)
                0x00204f58                uip_ds6_nbr_get_ll
 .text.uip_ds6_nbr_num
                0x00204f68       0x24 contiki-cc2538dk.a(uip-ds6-nbr.o)
                0x00204f68                uip_ds6_nbr_num
 .text.uip_ds6_nbr_lookup
                0x00204f8c       0x38 contiki-cc2538dk.a(uip-ds6-nbr.o)
                0x00204f8c                uip_ds6_nbr_lookup
 .text.uip_ds6_nbr_ll_lookup
                0x00204fc4       0x10 contiki-cc2538dk.a(uip-ds6-nbr.o)
                0x00204fc4                uip_ds6_nbr_ll_lookup
 .text.uip_ds6_link_neighbor_callback
                0x00204fd4       0x2c contiki-cc2538dk.a(uip-ds6-nbr.o)
                0x00204fd4                uip_ds6_link_neighbor_callback
 .text.uip_ds6_neighbor_periodic
                0x00205000      0x10c contiki-cc2538dk.a(uip-ds6-nbr.o)
                0x00205000                uip_ds6_neighbor_periodic
 .text.call_route_callback
                0x0020510c       0x48 contiki-cc2538dk.a(uip-ds6-route.o)
 .text.uip_ds6_route_init
                0x00205154       0x48 contiki-cc2538dk.a(uip-ds6-route.o)
                0x00205154                uip_ds6_route_init
 .text.uip_ds6_route_nexthop
                0x0020519c       0x1c contiki-cc2538dk.a(uip-ds6-route.o)
                0x0020519c                uip_ds6_route_nexthop
 .text.uip_ds6_route_head
                0x002051b8        0xc contiki-cc2538dk.a(uip-ds6-route.o)
                0x002051b8                uip_ds6_route_head
 .text.uip_ds6_route_lookup
                0x002051c4       0x64 contiki-cc2538dk.a(uip-ds6-route.o)
                0x002051c4                uip_ds6_route_lookup
 .text.uip_ds6_route_rm
                0x00205228       0x9c contiki-cc2538dk.a(uip-ds6-route.o)
                0x00205228                uip_ds6_route_rm
 .text.rm_routelist
                0x002052c4       0x2c contiki-cc2538dk.a(uip-ds6-route.o)
 .text.uip_ds6_route_add
                0x002052f0       0xfc contiki-cc2538dk.a(uip-ds6-route.o)
                0x002052f0                uip_ds6_route_add
 .text.uip_ds6_defrt_rm
                0x002053ec       0x44 contiki-cc2538dk.a(uip-ds6-route.o)
                0x002053ec                uip_ds6_defrt_rm
 .text.uip_ds6_defrt_lookup
                0x00205430       0x2c contiki-cc2538dk.a(uip-ds6-route.o)
                0x00205430                uip_ds6_defrt_lookup
 .text.uip_ds6_defrt_add
                0x0020545c       0x64 contiki-cc2538dk.a(uip-ds6-route.o)
                0x0020545c                uip_ds6_defrt_add
 .text.uip_ds6_defrt_choose
                0x002054c0       0x30 contiki-cc2538dk.a(uip-ds6-route.o)
                0x002054c0                uip_ds6_defrt_choose
 .text.uip_ds6_defrt_periodic
                0x002054f0       0x30 contiki-cc2538dk.a(uip-ds6-route.o)
                0x002054f0                uip_ds6_defrt_periodic
 .text.echo_reply_input
                0x00205520       0xe4 contiki-cc2538dk.a(uip-icmp6.o)
 .text.echo_request_input
                0x00205604      0x100 contiki-cc2538dk.a(uip-icmp6.o)
 .text.uip_icmp6_input
                0x00205704       0x38 contiki-cc2538dk.a(uip-icmp6.o)
                0x00205704                uip_icmp6_input
 .text.uip_icmp6_register_input_handler
                0x0020573c        0xc contiki-cc2538dk.a(uip-icmp6.o)
                0x0020573c                uip_icmp6_register_input_handler
 .text.uip_icmp6_error_output
                0x00205748      0x144 contiki-cc2538dk.a(uip-icmp6.o)
                0x00205748                uip_icmp6_error_output
 .text.uip_icmp6_send
                0x0020588c       0x8c contiki-cc2538dk.a(uip-icmp6.o)
                0x0020588c                uip_icmp6_send
 .text.uip_icmp6_init
                0x00205918       0x1c contiki-cc2538dk.a(uip-icmp6.o)
                0x00205918                uip_icmp6_init
 .text.na_input
                0x00205934      0x1c8 contiki-cc2538dk.a(uip-nd6.o)
 .text.ns_input
                0x00205afc      0x254 contiki-cc2538dk.a(uip-nd6.o)
 .text.uip_nd6_ns_output
                0x00205d50      0x164 contiki-cc2538dk.a(uip-nd6.o)
                0x00205d50                uip_nd6_ns_output
 .text.uip_nd6_init
                0x00205eb4       0x1c contiki-cc2538dk.a(uip-nd6.o)
                0x00205eb4                uip_nd6_init
 .text.start_periodic_tcp_timer
                0x00205ed0       0x1c contiki-cc2538dk.a(tcpip.o)
 .text.tcpip_output
                0x00205eec       0x10 contiki-cc2538dk.a(tcpip.o)
                0x00205eec                tcpip_output
 .text.tcpip_set_outputfunc
                0x00205efc        0xc contiki-cc2538dk.a(tcpip.o)
                0x00205efc                tcpip_set_outputfunc
 .text.udp_new  0x00205f08       0x18 contiki-cc2538dk.a(tcpip.o)
                0x00205f08                udp_new
 .text.tcpip_icmp6_call
                0x00205f20       0x28 contiki-cc2538dk.a(tcpip.o)
                0x00205f20                tcpip_icmp6_call
 .text.tcpip_input
                0x00205f48       0x24 contiki-cc2538dk.a(tcpip.o)
                0x00205f48                tcpip_input
 .text.tcpip_ipv6_output
                0x00205f6c      0x120 contiki-cc2538dk.a(tcpip.o)
                0x00205f6c                tcpip_ipv6_output
 .text.process_thread_tcpip_process
                0x0020608c      0x1e0 contiki-cc2538dk.a(tcpip.o)
 .text.tcpip_uipcall
                0x0020626c       0x7c contiki-cc2538dk.a(tcpip.o)
                0x0020626c                tcpip_uipcall
 .text.uip_debug_ipaddr_print
                0x002062e8       0x64 contiki-cc2538dk.a(uip-debug.o)
                0x002062e8                uip_debug_ipaddr_print
 .text.uip_udp_packet_send
                0x0020634c       0x38 contiki-cc2538dk.a(uip-udp-packet.)
                0x0020634c                uip_udp_packet_send
 .text.rpl_get_mode
                0x00206384        0xc contiki-cc2538dk.a(rpl.o)
                0x00206384                rpl_get_mode
 .text.rpl_purge_routes
                0x00206390       0x64 contiki-cc2538dk.a(rpl.o)
                0x00206390                rpl_purge_routes
 .text.rpl_link_neighbor_callback
                0x002063f4       0x70 contiki-cc2538dk.a(rpl.o)
                0x002063f4                rpl_link_neighbor_callback
 .text.rpl_ipv6_neighbor_callback
                0x00206464       0x28 contiki-cc2538dk.a(rpl.o)
                0x00206464                rpl_ipv6_neighbor_callback
 .text.rpl_init
                0x0020648c       0x58 contiki-cc2538dk.a(rpl.o)
                0x0020648c                rpl_init
 .text.rpl_set_preferred_parent
                0x002064e4       0x28 contiki-cc2538dk.a(rpl-dag.o)
 .text.set_ip_from_prefix
                0x0020650c       0x2c contiki-cc2538dk.a(rpl-dag.o)
 .text.find_parent_any_dag_any_instance
                0x00206538       0x1c contiki-cc2538dk.a(rpl-dag.o)
 .text.rpl_get_nbr
                0x00206554       0x28 contiki-cc2538dk.a(rpl-dag.o)
                0x00206554                rpl_get_nbr
 .text.rpl_dag_init
                0x0020657c       0x14 contiki-cc2538dk.a(rpl-dag.o)
                0x0020657c                rpl_dag_init
 .text.rpl_get_parent
                0x00206590       0x10 contiki-cc2538dk.a(rpl-dag.o)
                0x00206590                rpl_get_parent
 .text.rpl_get_parent_rank
                0x002065a0       0x18 contiki-cc2538dk.a(rpl-dag.o)
                0x002065a0                rpl_get_parent_rank
 .text.rpl_get_parent_ipaddr
                0x002065b8       0x18 contiki-cc2538dk.a(rpl-dag.o)
                0x002065b8                rpl_get_parent_ipaddr
 .text.rpl_alloc_instance
                0x002065d0       0x34 contiki-cc2538dk.a(rpl-dag.o)
                0x002065d0                rpl_alloc_instance
 .text.rpl_add_parent
                0x00206604       0x44 contiki-cc2538dk.a(rpl-dag.o)
                0x00206604                rpl_add_parent
 .text.rpl_select_parent
                0x00206648       0x6c contiki-cc2538dk.a(rpl-dag.o)
                0x00206648                rpl_select_parent
 .text.rpl_remove_parent
                0x002066b4       0x1c contiki-cc2538dk.a(rpl-dag.o)
                0x002066b4                rpl_remove_parent
 .text.remove_parents.constprop.4
                0x002066d0       0x2c contiki-cc2538dk.a(rpl-dag.o)
 .text.rpl_get_any_dag
                0x002066fc       0x18 contiki-cc2538dk.a(rpl-dag.o)
                0x002066fc                rpl_get_any_dag
 .text.rpl_get_instance
                0x00206714       0x20 contiki-cc2538dk.a(rpl-dag.o)
                0x00206714                rpl_get_instance
 .text.rpl_find_of
                0x00206734       0x14 contiki-cc2538dk.a(rpl-dag.o)
                0x00206734                rpl_find_of
 .text.rpl_join_instance
                0x00206748      0x124 contiki-cc2538dk.a(rpl-dag.o)
                0x00206748                rpl_join_instance
 .text.rpl_local_repair
                0x0020686c       0x58 contiki-cc2538dk.a(rpl-dag.o)
                0x0020686c                rpl_local_repair
 .text.rpl_recalculate_ranks
                0x002068c4       0x3c contiki-cc2538dk.a(rpl-dag.o)
                0x002068c4                rpl_recalculate_ranks
 .text.rpl_lock_parent
                0x00206900       0x10 contiki-cc2538dk.a(rpl-dag.o)
                0x00206900                rpl_lock_parent
 .text.rpl_verify_header
                0x00206910       0x9c contiki-cc2538dk.a(rpl-ext-header.)
                0x00206910                rpl_verify_header
 .text.rpl_update_header_empty
                0x002069ac      0x13c contiki-cc2538dk.a(rpl-ext-header.)
                0x002069ac                rpl_update_header_empty
 .text.rpl_update_header_final
                0x00206ae8       0x88 contiki-cc2538dk.a(rpl-ext-header.)
                0x00206ae8                rpl_update_header_final
 .text.rpl_invert_header
                0x00206b70       0x68 contiki-cc2538dk.a(rpl-ext-header.)
                0x00206b70                rpl_invert_header
 .text.rpl_insert_header
                0x00206bd8       0x1c contiki-cc2538dk.a(rpl-ext-header.)
                0x00206bd8                rpl_insert_header
 .text.dao_ack_input
                0x00206bf4        0xc contiki-cc2538dk.a(rpl-icmp6.o)
 .text.dio_input
                0x00206c00      0x280 contiki-cc2538dk.a(rpl-icmp6.o)
 .text.dis_output
                0x00206e80       0x54 contiki-cc2538dk.a(rpl-icmp6.o)
                0x00206e80                dis_output
 .text.dio_output
                0x00206ed4      0x20c contiki-cc2538dk.a(rpl-icmp6.o)
                0x00206ed4                dio_output
 .text.dis_input
                0x002070e0       0x34 contiki-cc2538dk.a(rpl-icmp6.o)
 .text.dao_output_target
                0x00207114       0xe0 contiki-cc2538dk.a(rpl-icmp6.o)
                0x00207114                dao_output_target
 .text.dao_output
                0x002071f4       0x64 contiki-cc2538dk.a(rpl-icmp6.o)
                0x002071f4                dao_output
 .text.dao_ack_output
                0x00207258       0x34 contiki-cc2538dk.a(rpl-icmp6.o)
                0x00207258                dao_ack_output
 .text.dao_input
                0x0020728c      0x224 contiki-cc2538dk.a(rpl-icmp6.o)
 .text.rpl_icmp6_register_handlers
                0x002074b0       0x30 contiki-cc2538dk.a(rpl-icmp6.o)
                0x002074b0                rpl_icmp6_register_handlers
 .text.new_dio_interval
                0x002074e0       0x58 contiki-cc2538dk.a(rpl-timers.o)
 .text.handle_periodic_timer
                0x00207538       0x38 contiki-cc2538dk.a(rpl-timers.o)
 .text.set_dao_lifetime_timer
                0x00207570       0x3c contiki-cc2538dk.a(rpl-timers.o)
 .text.handle_dio_timer
                0x002075ac       0x80 contiki-cc2538dk.a(rpl-timers.o)
 .text.schedule_dao
                0x0020762c       0x54 contiki-cc2538dk.a(rpl-timers.o)
 .text.handle_dao_timer
                0x00207680       0x58 contiki-cc2538dk.a(rpl-timers.o)
 .text.rpl_reset_periodic_timer
                0x002076d8       0x34 contiki-cc2538dk.a(rpl-timers.o)
                0x002076d8                rpl_reset_periodic_timer
 .text.rpl_schedule_probing
                0x0020770c       0x30 contiki-cc2538dk.a(rpl-timers.o)
                0x0020770c                rpl_schedule_probing
 .text.handle_probing_timer
                0x0020773c       0xd4 contiki-cc2538dk.a(rpl-timers.o)
 .text.index_from_key
                0x00207810       0x20 contiki-cc2538dk.a(nbr-table.o)
 .text.index_from_lladdr
                0x00207830       0x40 contiki-cc2538dk.a(nbr-table.o)
 .text.key_from_item
                0x00207870       0x2c contiki-cc2538dk.a(nbr-table.o)
 .text.nbr_get_bit.constprop.0
                0x0020789c       0x30 contiki-cc2538dk.a(nbr-table.o)
 .text.nbr_table_register
                0x002078cc       0x28 contiki-cc2538dk.a(nbr-table.o)
                0x002078cc                nbr_table_register
 .text.nbr_table_head
                0x002078f4       0x34 contiki-cc2538dk.a(nbr-table.o)
                0x002078f4                nbr_table_head
 .text.nbr_table_add_lladdr
                0x00207928      0x11c contiki-cc2538dk.a(nbr-table.o)
                0x00207928                nbr_table_add_lladdr
 .text.nbr_table_remove
                0x00207a44       0x2c contiki-cc2538dk.a(nbr-table.o)
                0x00207a44                nbr_table_remove
 .text.nbr_table_lock
                0x00207a70       0x14 contiki-cc2538dk.a(nbr-table.o)
                0x00207a70                nbr_table_lock
 .text.nbr_table_unlock
                0x00207a84       0x14 contiki-cc2538dk.a(nbr-table.o)
                0x00207a84                nbr_table_unlock
 .text.netstack_init
                0x00207a98       0x30 contiki-cc2538dk.a(netstack.o)
                0x00207a98                netstack_init
 .text.packetbuf_compact
                0x00207ac8       0x34 contiki-cc2538dk.a(packetbuf.o)
                0x00207ac8                packetbuf_compact
 .text.packetbuf_copyto
                0x00207afc       0x50 contiki-cc2538dk.a(packetbuf.o)
                0x00207afc                packetbuf_copyto
 .text.packetbuf_hdrreduce
                0x00207b4c       0x2c contiki-cc2538dk.a(packetbuf.o)
                0x00207b4c                packetbuf_hdrreduce
 .text.packetbuf_set_datalen
                0x00207b78        0xc contiki-cc2538dk.a(packetbuf.o)
                0x00207b78                packetbuf_set_datalen
 .text.packetbuf_dataptr
                0x00207b84       0x14 contiki-cc2538dk.a(packetbuf.o)
                0x00207b84                packetbuf_dataptr
 .text.packetbuf_hdrptr
                0x00207b98       0x14 contiki-cc2538dk.a(packetbuf.o)
                0x00207b98                packetbuf_hdrptr
 .text.packetbuf_datalen
                0x00207bac        0xc contiki-cc2538dk.a(packetbuf.o)
                0x00207bac                packetbuf_datalen
 .text.packetbuf_hdrlen
                0x00207bb8       0x1c contiki-cc2538dk.a(packetbuf.o)
                0x00207bb8                packetbuf_hdrlen
 .text.packetbuf_totlen
                0x00207bd4       0x14 contiki-cc2538dk.a(packetbuf.o)
                0x00207bd4                packetbuf_totlen
 .text.packetbuf_hdralloc
                0x00207be8       0x28 contiki-cc2538dk.a(packetbuf.o)
                0x00207be8                packetbuf_hdralloc
 .text.packetbuf_attr_clear
                0x00207c10       0x38 contiki-cc2538dk.a(packetbuf.o)
                0x00207c10                packetbuf_attr_clear
 .text.packetbuf_clear
                0x00207c48       0x30 contiki-cc2538dk.a(packetbuf.o)
                0x00207c48                packetbuf_clear
 .text.packetbuf_copyfrom
                0x00207c78       0x2c contiki-cc2538dk.a(packetbuf.o)
                0x00207c78                packetbuf_copyfrom
 .text.packetbuf_attr_copyto
                0x00207ca4       0x34 contiki-cc2538dk.a(packetbuf.o)
                0x00207ca4                packetbuf_attr_copyto
 .text.packetbuf_attr_copyfrom
                0x00207cd8       0x34 contiki-cc2538dk.a(packetbuf.o)
                0x00207cd8                packetbuf_attr_copyfrom
 .text.packetbuf_set_attr
                0x00207d0c       0x10 contiki-cc2538dk.a(packetbuf.o)
                0x00207d0c                packetbuf_set_attr
 .text.packetbuf_attr
                0x00207d1c        0xc contiki-cc2538dk.a(packetbuf.o)
                0x00207d1c                packetbuf_attr
 .text.packetbuf_set_addr
                0x00207d28       0x18 contiki-cc2538dk.a(packetbuf.o)
                0x00207d28                packetbuf_set_addr
 .text.packetbuf_addr
                0x00207d40       0x10 contiki-cc2538dk.a(packetbuf.o)
                0x00207d40                packetbuf_addr
 .text.packetbuf_holds_broadcast
                0x00207d50       0x10 contiki-cc2538dk.a(packetbuf.o)
                0x00207d50                packetbuf_holds_broadcast
 .text.queuebuf_init
                0x00207d60       0x1c contiki-cc2538dk.a(queuebuf.o)
                0x00207d60                queuebuf_init
 .text.queuebuf_numfree
                0x00207d7c        0xc contiki-cc2538dk.a(queuebuf.o)
                0x00207d7c                queuebuf_numfree
 .text.queuebuf_new_from_packetbuf
                0x00207d88       0x44 contiki-cc2538dk.a(queuebuf.o)
                0x00207d88                queuebuf_new_from_packetbuf
 .text.queuebuf_free
                0x00207dcc       0x2c contiki-cc2538dk.a(queuebuf.o)
                0x00207dcc                queuebuf_free
 .text.queuebuf_to_packetbuf
                0x00207df8       0x30 contiki-cc2538dk.a(queuebuf.o)
                0x00207df8                queuebuf_to_packetbuf
 .text.input_packet
                0x00207e28        0xc contiki-cc2538dk.a(csma.o)
 .text.on       0x00207e34        0xc contiki-cc2538dk.a(csma.o)
 .text.off      0x00207e40        0xc contiki-cc2538dk.a(csma.o)
 .text.channel_check_interval
                0x00207e4c       0x10 contiki-cc2538dk.a(csma.o)
 .text.transmit_packet_list
                0x00207e5c       0x30 contiki-cc2538dk.a(csma.o)
 .text.send_packet
                0x00207e8c      0x148 contiki-cc2538dk.a(csma.o)
 .text.init     0x00207fd4       0x24 contiki-cc2538dk.a(csma.o)
 .text.free_packet
                0x00207ff8       0x90 contiki-cc2538dk.a(csma.o)
 .text.packet_sent
                0x00208088       0xf8 contiki-cc2538dk.a(csma.o)
 .text.create_frame.isra.0
                0x00208180      0x110 contiki-cc2538dk.a(framer-802154.o)
 .text.framer_canonical_create_and_secure
                0x00208290       0x30 contiki-cc2538dk.a(framer.o)
                0x00208290                framer_canonical_create_and_secure
 .text.init     0x002082c0       0x40 contiki-cc2538dk.a(contikimac.o)
 .text.on       0x00208300       0x2c contiki-cc2538dk.a(contikimac.o)
 .text.off      0x0020832c       0x38 contiki-cc2538dk.a(contikimac.o)
 .text.recv_burst_off
                0x00208364       0x14 contiki-cc2538dk.a(contikimac.o)
 .text.powercycle_turn_radio_off
                0x00208378       0x1c contiki-cc2538dk.a(contikimac.o)
 .text.turn_off
                0x00208394       0x38 contiki-cc2538dk.a(contikimac.o)
 .text.turn_on  0x002083cc       0x40 contiki-cc2538dk.a(contikimac.o)
 .text.schedule_powercycle_fixed
                0x0020840c       0x38 contiki-cc2538dk.a(contikimac.o)
 .text.input_packet
                0x00208444       0xa8 contiki-cc2538dk.a(contikimac.o)
 .text.send_packet.isra.7
                0x002084ec      0x1f8 contiki-cc2538dk.a(contikimac.o)
 .text.qsend_list
                0x002086e4       0xc0 contiki-cc2538dk.a(contikimac.o)
 .text.powercycle
                0x002087a4      0x20c contiki-cc2538dk.a(contikimac.o)
 .text.input    0x002089b0        0xc contiki-cc2538dk.a(nullsec.o)
 .text.send     0x002089bc       0x20 contiki-cc2538dk.a(nullsec.o)
 .text.stimer_expired
                0x002089dc       0x20 contiki-cc2538dk.a(stimer.o)
                0x002089dc                stimer_expired
 .text.frame802154_parse
                0x002089fc      0x120 contiki-cc2538dk.a(frame802154.o)
                0x002089fc                frame802154_parse
 .text.mac_sequence_is_duplicate
                0x00208b1c       0x38 contiki-cc2538dk.a(mac-sequence.o)
                0x00208b1c                mac_sequence_is_duplicate
 .text.mac_sequence_register_seqno
                0x00208b54       0x64 contiki-cc2538dk.a(mac-sequence.o)
                0x00208b54                mac_sequence_register_seqno
 .text          0x00208bb8       0x30 /usr/bin/../lib/gcc/arm-none-eabi/4.9.3/armv7-m/libgcc.a(_aeabi_uldivmod.o)
                0x00208bb8                __aeabi_uldivmod
 .text          0x00208be8       0x60 /usr/bin/../lib/gcc/arm-none-eabi/4.9.3/armv7-m/libgcc.a(bpabi.o)
                0x00208be8                __gnu_ldivmod_helper
                0x00208c18                __gnu_uldivmod_helper
 .text          0x00208c48        0x4 /usr/bin/../lib/gcc/arm-none-eabi/4.9.3/armv7-m/libgcc.a(_dvmd_tls.o)
                0x00208c48                __aeabi_ldiv0
                0x00208c48                __aeabi_idiv0
 .text          0x00208c4c      0x2ac /usr/bin/../lib/gcc/arm-none-eabi/4.9.3/armv7-m/libgcc.a(_divdi3.o)
                0x00208c4c                __divdi3
 .text          0x00208ef8      0x270 /usr/bin/../lib/gcc/arm-none-eabi/4.9.3/armv7-m/libgcc.a(_udivdi3.o)
                0x00208ef8                __udivdi3
 .text.memcmp   0x00209168       0x64 /usr/bin/../lib/gcc/arm-none-eabi/4.9.3/../../../../arm-none-eabi/lib/armv7-m/libc.a(lib_a-memcmp.o)
                0x00209168                memcmp
 .text          0x002091cc       0xec /usr/bin/../lib/gcc/arm-none-eabi/4.9.3/../../../../arm-none-eabi/lib/armv7-m/libc.a(lib_a-memcpy.o)
                0x002091cc                memcpy
 .text.memmove  0x002092b8       0xc8 /usr/bin/../lib/gcc/arm-none-eabi/4.9.3/../../../../arm-none-eabi/lib/armv7-m/libc.a(lib_a-memmove.o)
                0x002092b8                memmove
 .text.memset   0x00209380       0x9c /usr/bin/../lib/gcc/arm-none-eabi/4.9.3/../../../../arm-none-eabi/lib/armv7-m/libc.a(lib_a-memset.o)
                0x00209380                memset
 .text.strncmp  0x0020941c       0x94 /usr/bin/../lib/gcc/arm-none-eabi/4.9.3/../../../../arm-none-eabi/lib/armv7-m/libc.a(lib_a-strncmp.o)
                0x0020941c                strncmp
 .text.default_handler
                0x002094b0        0x2 obj_cc2538dk/startup-gcc.o
                0x002094b0                default_handler
                0x002094b0                usb_isr
 .text.nmi_handler
                0x002094b2        0x6 obj_cc2538dk/startup-gcc.o
                0x002094b2                nmi_handler
 .text.collect_common_set_sink
                0x002094b8        0x2 udp-sender.co
                0x002094b8                collect_common_set_sink
 .text.collect_view_arch_read_sensors
                0x002094ba        0x8 contiki-cc2538dk.a(collect-view-te)
                0x002094ba                collect_view_arch_read_sensors
 .text.fade     0x002094c2       0x54 contiki-cc2538dk.a(contiki-main.o)
 .text.config   0x00209516       0x40 contiki-cc2538dk.a(button-sensor.o)
 .text.status   0x00209556        0x4 contiki-cc2538dk.a(als-sensor.o)
 .text.clock_isr
                0x0020955a        0x4 contiki-cc2538dk.a(clock.o)
                0x0020955a                clock_isr
 .text.rtimer_arch_init
                0x0020955e        0x2 contiki-cc2538dk.a(rtimer-arch.o)
                0x0020955e                rtimer_arch_init
 .text.uart0_isr
                0x00209560        0x6 contiki-cc2538dk.a(uart.o)
                0x00209560                uart0_isr
 .text.uart1_isr
                0x00209566        0x6 contiki-cc2538dk.a(uart.o)
                0x00209566                uart1_isr
 .text.cpu_cpsie
                0x0020956c        0x8 contiki-cc2538dk.a(cpu.o)
                0x0020956c                cpu_cpsie
 .text.cpu_cpsid
                0x00209574        0x8 contiki-cc2538dk.a(cpu.o)
                0x00209574                cpu_cpsid
 .text.gpio_port_a_isr
                0x0020957c        0x6 contiki-cc2538dk.a(gpio.o)
                0x0020957c                gpio_port_a_isr
 .text.gpio_port_b_isr
                0x00209582        0x6 contiki-cc2538dk.a(gpio.o)
                0x00209582                gpio_port_b_isr
 .text.gpio_port_c_isr
                0x00209588        0x6 contiki-cc2538dk.a(gpio.o)
                0x00209588                gpio_port_c_isr
 .text.gpio_port_d_isr
                0x0020958e        0x6 contiki-cc2538dk.a(gpio.o)
                0x0020958e                gpio_port_d_isr
 .text.send     0x00209594       0x12 contiki-cc2538dk.a(cc2538-rf.o)
 .text.putchar  0x002095a6       0x10 contiki-cc2538dk.a(dbg.o)
                0x002095a6                putchar
 .text.dbg_send_bytes
                0x002095b6       0x20 contiki-cc2538dk.a(dbg.o)
                0x002095b6                dbg_send_bytes
 .text.puts     0x002095d6       0x20 contiki-cc2538dk.a(dbg.o)
                0x002095d6                puts
 .text.configure
                0x002095f6        0x4 contiki-cc2538dk.a(cc2538-temp-sen)
 .text.status   0x002095fa        0x4 contiki-cc2538dk.a(cc2538-temp-sen)
 .text.value    0x002095fe       0x34 contiki-cc2538dk.a(cc2538-temp-sen)
 .text.configure
                0x00209632        0x4 contiki-cc2538dk.a(vdd3-sensor.o)
 .text.status   0x00209636        0x4 contiki-cc2538dk.a(vdd3-sensor.o)
 .text.value    0x0020963a       0x2a contiki-cc2538dk.a(vdd3-sensor.o)
 .text.write_str
                0x00209664       0x10 contiki-cc2538dk.a(dbg-printf.o)
 .text.autostart_start
                0x00209674       0x14 contiki-cc2538dk.a(autostart.o)
                0x00209674                autostart_start
 .text.energest_init
                0x00209688        0x2 contiki-cc2538dk.a(energest.o)
                0x00209688                energest_init
 .text.energest_type_time
                0x0020968a        0x4 contiki-cc2538dk.a(energest.o)
                0x0020968a                energest_type_time
 .text.energest_flush
                0x0020968e        0x2 contiki-cc2538dk.a(energest.o)
                0x0020968e                energest_flush
 .text.etimer_set
                0x00209690       0x12 contiki-cc2538dk.a(etimer.o)
                0x00209690                etimer_set
 .text.etimer_reset
                0x002096a2       0x12 contiki-cc2538dk.a(etimer.o)
                0x002096a2                etimer_reset
 .text.etimer_restart
                0x002096b4       0x12 contiki-cc2538dk.a(etimer.o)
                0x002096b4                etimer_restart
 .text.etimer_expired
                0x002096c6        0xa contiki-cc2538dk.a(etimer.o)
                0x002096c6                etimer_expired
 .text.etimer_expiration_time
                0x002096d0        0x6 contiki-cc2538dk.a(etimer.o)
                0x002096d0                etimer_expiration_time
 .text.call_process
                0x002096d6        0xc contiki-cc2538dk.a(process.o)
 .text.rtimer_init
                0x002096e2        0x4 contiki-cc2538dk.a(rtimer.o)
                0x002096e2                rtimer_init
 .text.timer_set
                0x002096e6        0xe contiki-cc2538dk.a(timer.o)
                0x002096e6                timer_set
 .text.timer_reset
                0x002096f4        0xa contiki-cc2538dk.a(timer.o)
                0x002096f4                timer_reset
 .text.timer_restart
                0x002096fe        0xc contiki-cc2538dk.a(timer.o)
                0x002096fe                timer_restart
 .text.timer_expired
                0x0020970a       0x1c contiki-cc2538dk.a(timer.o)
                0x0020970a                timer_expired
 .text.list_init
                0x00209726        0x6 contiki-cc2538dk.a(list.o)
                0x00209726                list_init
 .text.list_head
                0x0020972c        0x4 contiki-cc2538dk.a(list.o)
                0x0020972c                list_head
 .text.list_tail
                0x00209730       0x10 contiki-cc2538dk.a(list.o)
                0x00209730                list_tail
 .text.list_remove
                0x00209740       0x28 contiki-cc2538dk.a(list.o)
                0x00209740                list_remove
 .text.list_add
                0x00209768       0x1e contiki-cc2538dk.a(list.o)
                0x00209768                list_add
 .text.list_push
                0x00209786       0x12 contiki-cc2538dk.a(list.o)
                0x00209786                list_push
 .text.list_length
                0x00209798        0xe contiki-cc2538dk.a(list.o)
                0x00209798                list_length
 .text.list_item_next
                0x002097a6        0x6 contiki-cc2538dk.a(list.o)
                0x002097a6                list_item_next
 .text.ringbuf_init
                0x002097ac        0xe contiki-cc2538dk.a(ringbuf.o)
                0x002097ac                ringbuf_init
 .text.ringbuf_put
                0x002097ba       0x28 contiki-cc2538dk.a(ringbuf.o)
                0x002097ba                ringbuf_put
 .text.ringbuf_get
                0x002097e2       0x20 contiki-cc2538dk.a(ringbuf.o)
                0x002097e2                ringbuf_get
 .text.chksum   0x00209802       0x38 contiki-cc2538dk.a(uip6.o)
 .text.uip_icmp6chksum
                0x0020983a        0x6 contiki-cc2538dk.a(uip6.o)
                0x0020983a                uip_icmp6chksum
 .text.uip_tcpchksum
                0x00209840        0x6 contiki-cc2538dk.a(uip6.o)
                0x00209840                uip_tcpchksum
 .text.uip_udpchksum
                0x00209846        0x6 contiki-cc2538dk.a(uip6.o)
                0x00209846                uip_udpchksum
 .text.uip_htonl
                0x0020984c       0x14 contiki-cc2538dk.a(uip6.o)
                0x0020984c                uip_htonl
 .text.uip_ds6_list_loop
                0x00209860       0x48 contiki-cc2538dk.a(uip-ds6.o)
                0x00209860                uip_ds6_list_loop
 .text.uip_ds6_maddr_rm
                0x002098a8        0x8 contiki-cc2538dk.a(uip-ds6.o)
                0x002098a8                uip_ds6_maddr_rm
 .text.uip_ds6_set_addr_iid
                0x002098b0       0x12 contiki-cc2538dk.a(uip-ds6.o)
                0x002098b0                uip_ds6_set_addr_iid
 .text.get_match_length
                0x002098c2       0x3a contiki-cc2538dk.a(uip-ds6.o)
                0x002098c2                get_match_length
 .text.uip_ds6_nbr_ipaddr_from_lladdr
                0x002098fc        0x4 contiki-cc2538dk.a(uip-ds6-nbr.o)
                0x002098fc                uip_ds6_nbr_ipaddr_from_lladdr
 .text.uip_ds6_nbr_lladdr_from_ipaddr
                0x00209900       0x12 contiki-cc2538dk.a(uip-ds6-nbr.o)
                0x00209900                uip_ds6_nbr_lladdr_from_ipaddr
 .text.uip_ds6_route_next
                0x00209912        0x8 contiki-cc2538dk.a(uip-ds6-route.o)
                0x00209912                uip_ds6_route_next
 .text.rm_routelist_callback
                0x0020991a        0x4 contiki-cc2538dk.a(uip-ds6-route.o)
 .text.uip_udp_packet_sendto
                0x0020991e       0x50 contiki-cc2538dk.a(uip-udp-packet.)
                0x0020991e                uip_udp_packet_sendto
 .text.rpl_remove_routes
                0x0020996e       0x1e contiki-cc2538dk.a(rpl.o)
                0x0020996e                rpl_remove_routes
 .text.rpl_remove_routes_by_nexthop
                0x0020998c       0x36 contiki-cc2538dk.a(rpl.o)
                0x0020998c                rpl_remove_routes_by_nexthop
 .text.rpl_add_route
                0x002099c2       0x28 contiki-cc2538dk.a(rpl.o)
                0x002099c2                rpl_add_route
 .text.lollipop_greater_than
                0x002099ea       0x34 contiki-cc2538dk.a(rpl-dag.o)
 .text.check_prefix
                0x00209a1e       0x58 contiki-cc2538dk.a(rpl-dag.o)
 .text.rpl_set_prefix
                0x00209a76       0x6c contiki-cc2538dk.a(rpl-dag.o)
                0x00209a76                rpl_set_prefix
 .text.rpl_set_default_route
                0x00209ae2       0x38 contiki-cc2538dk.a(rpl-dag.o)
                0x00209ae2                rpl_set_default_route
 .text.rpl_find_parent
                0x00209b1a       0x16 contiki-cc2538dk.a(rpl-dag.o)
                0x00209b1a                rpl_find_parent
 .text.rpl_find_parent_any_dag
                0x00209b30       0x1e contiki-cc2538dk.a(rpl-dag.o)
                0x00209b30                rpl_find_parent_any_dag
 .text.rpl_select_dag
                0x00209b4e      0x152 contiki-cc2538dk.a(rpl-dag.o)
                0x00209b4e                rpl_select_dag
 .text.rpl_nullify_parent
                0x00209ca0       0x48 contiki-cc2538dk.a(rpl-dag.o)
                0x00209ca0                rpl_nullify_parent
 .text.nbr_callback
                0x00209ce8        0x4 contiki-cc2538dk.a(rpl-dag.o)
 .text.rpl_move_parent
                0x00209cec       0x48 contiki-cc2538dk.a(rpl-dag.o)
                0x00209cec                rpl_move_parent
 .text.rpl_repair_root
                0x00209d34       0x48 contiki-cc2538dk.a(rpl-dag.o)
                0x00209d34                rpl_repair_root
 .text.rpl_alloc_dag
                0x00209d7c       0x48 contiki-cc2538dk.a(rpl-dag.o)
                0x00209d7c                rpl_alloc_dag
 .text.rpl_process_parent_event
                0x00209dc4       0x60 contiki-cc2538dk.a(rpl-dag.o)
                0x00209dc4                rpl_process_parent_event
 .text.rpl_add_dag
                0x00209e24      0x100 contiki-cc2538dk.a(rpl-dag.o)
                0x00209e24                rpl_add_dag
 .text.rpl_process_dio
                0x00209f24      0x29c contiki-cc2538dk.a(rpl-dag.o)
                0x00209f24                rpl_process_dio
 .text.get32    0x0020a1c0       0x18 contiki-cc2538dk.a(rpl-icmp6.o)
 .text.set32    0x0020a1d8       0x12 contiki-cc2538dk.a(rpl-icmp6.o)
 .text.get16    0x0020a1ea        0xc contiki-cc2538dk.a(rpl-icmp6.o)
 .text.set16    0x0020a1f6        0xa contiki-cc2538dk.a(rpl-icmp6.o)
 .text.reset    0x0020a200        0x2 contiki-cc2538dk.a(rpl-mrhof.o)
 .text.update_metric_container
                0x0020a202        0x6 contiki-cc2538dk.a(rpl-mrhof.o)
 .text.calculate_rank
                0x0020a208       0x34 contiki-cc2538dk.a(rpl-mrhof.o)
 .text.neighbor_link_callback
                0x0020a23c       0x46 contiki-cc2538dk.a(rpl-mrhof.o)
 .text.best_dag
                0x0020a282       0x2c contiki-cc2538dk.a(rpl-mrhof.o)
 .text.best_parent
                0x0020a2ae       0x5a contiki-cc2538dk.a(rpl-mrhof.o)
 .text.rpl_reset_dio_timer
                0x0020a308       0x1c contiki-cc2538dk.a(rpl-timers.o)
                0x0020a308                rpl_reset_dio_timer
 .text.rpl_schedule_dao
                0x0020a324        0x8 contiki-cc2538dk.a(rpl-timers.o)
                0x0020a324                rpl_schedule_dao
 .text.linkaddr_copy
                0x0020a32c        0xa contiki-cc2538dk.a(linkaddr.o)
                0x0020a32c                linkaddr_copy
 .text.linkaddr_cmp
                0x0020a336       0x10 contiki-cc2538dk.a(linkaddr.o)
                0x0020a336                linkaddr_cmp
 .text.nbr_set_bit
                0x0020a346       0x38 contiki-cc2538dk.a(nbr-table.o)
 .text.item_from_key
                0x0020a37e       0x22 contiki-cc2538dk.a(nbr-table.o)
 .text.nbr_table_next
                0x0020a3a0       0x2e contiki-cc2538dk.a(nbr-table.o)
                0x0020a3a0                nbr_table_next
 .text.nbr_table_get_from_lladdr
                0x0020a3ce       0x32 contiki-cc2538dk.a(nbr-table.o)
                0x0020a3ce                nbr_table_get_from_lladdr
 .text.nbr_table_get_lladdr
                0x0020a400        0xc contiki-cc2538dk.a(nbr-table.o)
                0x0020a400                nbr_table_get_lladdr
 .text.queuebuf_update_attr_from_packetbuf
                0x0020a40c        0xc contiki-cc2538dk.a(queuebuf.o)
                0x0020a40c                queuebuf_update_attr_from_packetbuf
 .text.queuebuf_update_from_packetbuf
                0x0020a418       0x1c contiki-cc2538dk.a(queuebuf.o)
                0x0020a418                queuebuf_update_from_packetbuf
 .text.queuebuf_attr
                0x0020a434        0xc contiki-cc2538dk.a(queuebuf.o)
                0x0020a434                queuebuf_attr
 .text.parse    0x0020a440       0x8e contiki-cc2538dk.a(framer-802154.o)
 .text.create   0x0020a4ce        0x6 contiki-cc2538dk.a(framer-802154.o)
 .text.hdr_length
                0x0020a4d4        0x6 contiki-cc2538dk.a(framer-802154.o)
 .text.mac_call_sent_callback
                0x0020a4da       0x16 contiki-cc2538dk.a(mac.o)
                0x0020a4da                mac_call_sent_callback
 .text.duty_cycle
                0x0020a4f0        0x4 contiki-cc2538dk.a(contikimac.o)
 .text.qsend_packet
                0x0020a4f4       0x22 contiki-cc2538dk.a(contikimac.o)
 .text.bootstrap
                0x0020a516        0x2 contiki-cc2538dk.a(nullsec.o)
 .text.on_frame_created
                0x0020a518        0x4 contiki-cc2538dk.a(nullsec.o)
 .text.get_overhead
                0x0020a51c        0x4 contiki-cc2538dk.a(nullsec.o)
 .text.stimer_set
                0x0020a520        0xe contiki-cc2538dk.a(stimer.o)
                0x0020a520                stimer_set
 .text.memb_init
                0x0020a52e       0x20 contiki-cc2538dk.a(memb.o)
                0x0020a52e                memb_init
 .text.memb_alloc
                0x0020a54e       0x28 contiki-cc2538dk.a(memb.o)
                0x0020a54e                memb_alloc
 .text.memb_free
                0x0020a576       0x2c contiki-cc2538dk.a(memb.o)
                0x0020a576                memb_free
 .text.memb_inmemb
                0x0020a5a2       0x1c contiki-cc2538dk.a(memb.o)
                0x0020a5a2                memb_inmemb
 .text.memb_numfree
                0x0020a5be       0x1c contiki-cc2538dk.a(memb.o)
                0x0020a5be                memb_numfree
 .text.field_len
                0x0020a5da       0x70 contiki-cc2538dk.a(frame802154.o)
 .text.frame802154_hdrlen
                0x0020a64a       0x2c contiki-cc2538dk.a(frame802154.o)
                0x0020a64a                frame802154_hdrlen
 .text.frame802154_create
                0x0020a676       0xc4 contiki-cc2538dk.a(frame802154.o)
                0x0020a676                frame802154_create
 *(SORT(.rodata*))
 *fill*         0x0020a73a        0x2 00000000
 .rodata.autostart_processes
                0x0020a73c        0xc udp-sender.co
                0x0020a73c                autostart_processes
 .rodata.button_select_sensor
                0x0020a748       0x10 contiki-cc2538dk.a(button-sensor.o)
                0x0020a748                button_select_sensor
 .rodata.button_up_sensor
                0x0020a758       0x10 contiki-cc2538dk.a(button-sensor.o)
                0x0020a758                button_up_sensor
 .rodata.button_left_sensor
                0x0020a768       0x10 contiki-cc2538dk.a(button-sensor.o)
                0x0020a768                button_left_sensor
 .rodata.button_right_sensor
                0x0020a778       0x10 contiki-cc2538dk.a(button-sensor.o)
                0x0020a778                button_right_sensor
 .rodata.button_down_sensor
                0x0020a788       0x10 contiki-cc2538dk.a(button-sensor.o)
                0x0020a788                button_down_sensor
 .rodata.als_sensor
                0x0020a798       0x10 contiki-cc2538dk.a(als-sensor.o)
                0x0020a798                als_sensor
 .rodata.uart_regs
                0x0020a7a8       0x58 contiki-cc2538dk.a(uart.o)
 .rodata.cc2538_rf_driver
                0x0020a800       0x38 contiki-cc2538dk.a(cc2538-rf.o)
                0x0020a800                cc2538_rf_driver
 .rodata.output_power
                0x0020a838       0x70 contiki-cc2538dk.a(cc2538-rf.o)
 .rodata.cc2538_temp_sensor
                0x0020a8a8       0x10 contiki-cc2538dk.a(cc2538-temp-sen)
                0x0020a8a8                cc2538_temp_sensor
 .rodata.vdd3_sensor
                0x0020a8b8       0x10 contiki-cc2538dk.a(vdd3-sensor.o)
                0x0020a8b8                vdd3_sensor
 .rodata.sicslowpan_driver
                0x0020a8c8        0xc contiki-cc2538dk.a(sicslowpan.o)
                0x0020a8c8                sicslowpan_driver
 .rodata.csma_driver
                0x0020a8d4       0x1c contiki-cc2538dk.a(csma.o)
                0x0020a8d4                csma_driver
 .rodata.framer_802154
                0x0020a8f0       0x10 contiki-cc2538dk.a(framer-802154.o)
                0x0020a8f0                framer_802154
 .rodata.contikimac_driver
                0x0020a900       0x20 contiki-cc2538dk.a(contikimac.o)
                0x0020a900                contikimac_driver
 .rodata.nullsec_driver
                0x0020a920       0x18 contiki-cc2538dk.a(nullsec.o)
                0x0020a920                nullsec_driver
 .rodata._ctype_
                0x0020a938      0x101 /usr/bin/../lib/gcc/arm-none-eabi/4.9.3/../../../../arm-none-eabi/lib/armv7-m/libc.a(lib_a-ctype_.o)
                0x0020a938                _ctype_
 .rodata.str1.1
                0x0020aa39       0x9d udp-sender.co
 .rodata.str1.1
                0x0020aad6       0xc7 obj_cc2538dk/collect-common.o
                                 0xce (size before relaxing)
 .rodata.str1.1
                0x0020ab9d       0x63 contiki-cc2538dk.a(contiki-main.o)
 .rodata.str1.1
                0x0020ac00        0x8 contiki-cc2538dk.a(sensors.o)
 .rodata.str1.1
                0x0020ac08        0x7 contiki-cc2538dk.a(button-sensor.o)
 .rodata.str1.1
                0x0020ac0f        0x4 contiki-cc2538dk.a(als-sensor.o)
 .rodata.str1.1
                0x0020ac13       0x11 contiki-cc2538dk.a(cc2538-rf.o)
 .rodata.str1.1
                0x0020ac24       0x14 contiki-cc2538dk.a(cc2538-temp-sen)
 .rodata.str1.1
                0x0020ac38        0x5 contiki-cc2538dk.a(vdd3-sensor.o)
 .rodata.buffer.4159
                0x0020ac3d       0x10 contiki-cc2538dk.a(strformat.o)
 .rodata.str1.1
                0x0020ac4d       0x33 contiki-cc2538dk.a(strformat.o)
                                 0x37 (size before relaxing)
 .rodata.buffer.4150
                0x0020ac80       0x10 contiki-cc2538dk.a(strformat.o)
 .rodata.str1.1
                0x0020ac90        0xf contiki-cc2538dk.a(ctimer.o)
 .rodata.str1.1
                0x0020ac9f        0xc contiki-cc2538dk.a(etimer.o)
 .rodata.str1.1
                0x0020acab        0xe contiki-cc2538dk.a(serial-line.o)
 .rodata        0x0020acb9        0x2 contiki-cc2538dk.a(sicslowpan.o)
 .rodata.ttl_values
                0x0020acbb        0x4 contiki-cc2538dk.a(sicslowpan.o)
 .rodata.unc_llconf
                0x0020acbf        0x4 contiki-cc2538dk.a(sicslowpan.o)
                0x0020acbf                unc_llconf
 .rodata.llprefix
                0x0020acc3        0x2 contiki-cc2538dk.a(sicslowpan.o)
                0x0020acc3                llprefix
 .rodata.unc_mxconf
                0x0020acc5        0x4 contiki-cc2538dk.a(sicslowpan.o)
                0x0020acc5                unc_mxconf
 .rodata.str1.1
                0x0020acc9        0xb contiki-cc2538dk.a(sicslowpan.o)
 .rodata.unc_ctxconf
                0x0020acd4        0x4 contiki-cc2538dk.a(sicslowpan.o)
                0x0020acd4                unc_ctxconf
 .rodata.str1.1
                0x0020acd8        0xd contiki-cc2538dk.a(tcpip.o)
 .rodata.str1.1
                0x0020ace5       0x29 contiki-cc2538dk.a(uip-debug.o)
 .rodata.linkaddr_null
                0x0020ad0e        0x8 contiki-cc2538dk.a(linkaddr.o)
                0x0020ad0e                linkaddr_null
 .rodata.str1.1
                0x0020ad16        0x5 contiki-cc2538dk.a(csma.o)
 .rodata.str1.1
                0x0020ad1b        0xb contiki-cc2538dk.a(contikimac.o)
 .rodata.str1.1
                0x0020ad26        0x8 contiki-cc2538dk.a(nullsec.o)
                0x0020ad2e                _etext = .

.glue_7         0x0020ad30        0x0
 .glue_7        0x00000000        0x0 linker stubs

.glue_7t        0x0020ad30        0x0
 .glue_7t       0x00000000        0x0 linker stubs

.vfp11_veneer   0x0020ad30        0x0
 .vfp11_veneer  0x00000000        0x0 linker stubs

.v4_bx          0x0020ad30        0x0
 .v4_bx         0x00000000        0x0 linker stubs

.iplt           0x0020ad30        0x0
 .iplt          0x00000000        0x0 obj_cc2538dk/startup-gcc.o

.socdata        0x20000000       0x40
 *(SORT(.udma_channel_control_table))
 .udma_channel_control_table
                0x20000000       0x40 contiki-cc2538dk.a(udma.o)

.data           0x20000040      0x1d6 load address 0x0020ad30
                0x20000040                _data = .
 *(SORT(.data*))
 .data.udp_client_process
                0x20000040       0x10 udp-sender.co
                0x20000040                udp_client_process
 .data.collect_common_process
                0x20000050       0x10 obj_cc2538dk/collect-common.o
                0x20000050                collect_common_process
 .data.send_active
                0x20000060        0x4 obj_cc2538dk/collect-common.o
 .data.sensors_process
                0x20000064       0x10 contiki-cc2538dk.a(sensors.o)
                0x20000064                sensors_process
 .data.sensors  0x20000074       0x24 contiki-cc2538dk.a(smartrf-sensors)
                0x20000074                sensors
 .data.cc2538_rf_process
                0x20000098       0x10 contiki-cc2538dk.a(cc2538-rf.o)
                0x20000098                cc2538_rf_process
 .data.ctxt     0x200000a8        0x8 contiki-cc2538dk.a(dbg-printf.o)
 .data.ctimer_process
                0x200000b0       0x10 contiki-cc2538dk.a(ctimer.o)
                0x200000b0                ctimer_process
 .data.etimer_process
                0x200000c0       0x10 contiki-cc2538dk.a(etimer.o)
                0x200000c0                etimer_process
 .data.serial_line_process
                0x200000d0       0x10 contiki-cc2538dk.a(serial-line.o)
                0x200000d0                serial_line_process
 .data.ds6_neighbors
                0x200000e0        0x4 contiki-cc2538dk.a(uip-ds6-nbr.o)
                0x200000e0                ds6_neighbors
 .data.ds6_neighbors_struct
                0x200000e4       0x10 contiki-cc2538dk.a(uip-ds6-nbr.o)
 .data.defaultroutermemb
                0x200000f4        0xc contiki-cc2538dk.a(uip-ds6-route.o)
 .data.nbr_routes_struct
                0x20000100       0x10 contiki-cc2538dk.a(uip-ds6-route.o)
 .data.routememb
                0x20000110        0xc contiki-cc2538dk.a(uip-ds6-route.o)
 .data.neighborroutememb
                0x2000011c        0xc contiki-cc2538dk.a(uip-ds6-route.o)
 .data.echo_request_handler
                0x20000128        0xc contiki-cc2538dk.a(uip-icmp6.o)
 .data.echo_reply_handler
                0x20000134        0xc contiki-cc2538dk.a(uip-icmp6.o)
 .data.ns_input_handler
                0x20000140        0xc contiki-cc2538dk.a(uip-nd6.o)
 .data.na_input_handler
                0x2000014c        0xc contiki-cc2538dk.a(uip-nd6.o)
 .data.tcpip_process
                0x20000158       0x10 contiki-cc2538dk.a(tcpip.o)
                0x20000158                tcpip_process
 .data.rpl_parents
                0x20000168        0x4 contiki-cc2538dk.a(rpl-dag.o)
                0x20000168                rpl_parents
 .data.rpl_parents_struct
                0x2000016c       0x10 contiki-cc2538dk.a(rpl-dag.o)
 .data.dao_ack_handler
                0x2000017c        0xc contiki-cc2538dk.a(rpl-icmp6.o)
 .data.dis_handler
                0x20000188        0xc contiki-cc2538dk.a(rpl-icmp6.o)
 .data.dao_handler
                0x20000194        0xc contiki-cc2538dk.a(rpl-icmp6.o)
 .data.dio_handler
                0x200001a0        0xc contiki-cc2538dk.a(rpl-icmp6.o)
 .data.rpl_mrhof
                0x200001ac       0x1c contiki-cc2538dk.a(rpl-mrhof.o)
                0x200001ac                rpl_mrhof
 .data.neighbor_addr_mem
                0x200001c8        0xc contiki-cc2538dk.a(nbr-table.o)
 .data.bufmem   0x200001d4        0xc contiki-cc2538dk.a(queuebuf.o)
 .data.buframmem
                0x200001e0        0xc contiki-cc2538dk.a(queuebuf.o)
 .data.metadata_memb
                0x200001ec        0xc contiki-cc2538dk.a(csma.o)
 .data.neighbor_memb
                0x200001f8        0xc contiki-cc2538dk.a(csma.o)
 .data.packet_memb
                0x20000204        0xc contiki-cc2538dk.a(csma.o)
 .data.__ctype_ptr__
                0x20000210        0x4 /usr/bin/../lib/gcc/arm-none-eabi/4.9.3/../../../../arm-none-eabi/lib/armv7-m/libc.a(lib_a-ctype_.o)
                0x20000210                __ctype_ptr__
 .data.rf_channel
                0x20000214        0x1 contiki-cc2538dk.a(cc2538-rf.o)
 .data.dao_sequence
                0x20000215        0x1 contiki-cc2538dk.a(rpl-icmp6.o)
                0x20000216                _edata = .
                0x0020ad30                _ldata = LOADADDR (.data)

.igot.plt       0x20000218        0x0 load address 0x0020af06
 .igot.plt      0x00000000        0x0 obj_cc2538dk/startup-gcc.o

.ARM.exidx      0x0020af08        0x8
 *(SORT(.ARM.exidx*))
 .ARM.exidx     0x0020af08        0x8 /usr/bin/../lib/gcc/arm-none-eabi/4.9.3/armv7-m/libgcc.a(_divdi3.o)
 .ARM.exidx     0x0020af10        0x0 /usr/bin/../lib/gcc/arm-none-eabi/4.9.3/armv7-m/libgcc.a(_udivdi3.o)
                                  0x8 (size before relaxing)

.bss            0x20000218     0x28bb
                0x20000218                _bss = .
 *(SORT(.bss*))
 .bss.rt_ticks_startup
                0x20000218        0x8 contiki-cc2538dk.a(clock.o)
 .bss.rt_ticks_epoch
                0x20000220        0x8 contiki-cc2538dk.a(clock.o)
 .bss.client_conn
                0x20000228        0x4 udp-sender.co
 .bss.wait_timer.5732
                0x2000022c       0x10 obj_cc2538dk/collect-common.o
 .bss.time_offset
                0x2000023c        0x4 obj_cc2538dk/collect-common.o
 .bss.period_timer.5731
                0x20000240       0x10 obj_cc2538dk/collect-common.o
 .bss.last_lpm.6058
                0x20000250        0x4 contiki-cc2538dk.a(collect-view.o)
 .bss.last_cpu.6057
                0x20000254        0x4 contiki-cc2538dk.a(collect-view.o)
 .bss.last_transmit.6059
                0x20000258        0x4 contiki-cc2538dk.a(collect-view.o)
 .bss.last_listen.6060
                0x2000025c        0x4 contiki-cc2538dk.a(collect-view.o)
 .bss.i.4710    0x20000260        0x4 contiki-cc2538dk.a(sensors.o)
 .bss.events.4711
                0x20000264        0x4 contiki-cc2538dk.a(sensors.o)
 .bss.debouncetimer
                0x20000268        0x8 contiki-cc2538dk.a(button-sensor.o)
 .bss.next_trigger
                0x20000270        0x4 contiki-cc2538dk.a(rtimer-arch.o)
 .bss.input_handler
                0x20000274        0x8 contiki-cc2538dk.a(uart.o)
 .bss.interrupt_disable
                0x2000027c        0x4 contiki-cc2538dk.a(nvic.o)
 .bss.interrupt_pend
                0x20000280        0x4 contiki-cc2538dk.a(nvic.o)
 .bss.interrupt_unpend
                0x20000284        0x4 contiki-cc2538dk.a(nvic.o)
 .bss.interrupt_enable
                0x20000288        0x4 contiki-cc2538dk.a(nvic.o)
 .bss.gpio_callbacks
                0x2000028c       0x80 contiki-cc2538dk.a(gpio.o)
 .bss.ioc_sel   0x2000030c        0x4 contiki-cc2538dk.a(ioc.o)
 .bss.ioc_over  0x20000310        0x4 contiki-cc2538dk.a(ioc.o)
 .bss.notification_process
                0x20000314        0x4 contiki-cc2538dk.a(crypto.o)
 .bss.periph_permit_pm1_funcs
                0x20000318        0xc contiki-cc2538dk.a(lpm.o)
 .bss.ctimer_list_list
                0x20000324        0x4 contiki-cc2538dk.a(ctimer.o)
 .bss.timerlist
                0x20000328        0x4 contiki-cc2538dk.a(etimer.o)
 .bss.next_expiration
                0x2000032c        0x4 contiki-cc2538dk.a(etimer.o)
 .bss.data.5352
                0x20000330        0x4 contiki-cc2538dk.a(process.o)
 .bss.process_current
                0x20000334        0x4 contiki-cc2538dk.a(process.o)
                0x20000334                process_current
 .bss.p.5354    0x20000338        0x4 contiki-cc2538dk.a(process.o)
 .bss.process_list
                0x2000033c        0x4 contiki-cc2538dk.a(process.o)
                0x2000033c                process_list
 .bss.events    0x20000340      0x180 contiki-cc2538dk.a(process.o)
 .bss.receiver.5353
                0x200004c0        0x4 contiki-cc2538dk.a(process.o)
 .bss.next_rtimer
                0x200004c4        0x4 contiki-cc2538dk.a(rtimer.o)
 .bss.rxbuf     0x200004c8        0x8 contiki-cc2538dk.a(serial-line.o)
 .bss.ptr.4695  0x200004d0        0x4 contiki-cc2538dk.a(serial-line.o)
 .bss.context   0x200004d4        0x4 contiki-cc2538dk.a(sicslowpan.o)
 .bss.last_rssi
                0x200004d8        0x4 contiki-cc2538dk.a(sicslowpan.o)
 .bss.hc06_ptr  0x200004dc        0x4 contiki-cc2538dk.a(sicslowpan.o)
 .bss.reass_timer
                0x200004e0        0x8 contiki-cc2538dk.a(sicslowpan.o)
 .bss.packetbuf_ptr
                0x200004e8        0x4 contiki-cc2538dk.a(sicslowpan.o)
 .bss.packetbuf_payload_len
                0x200004ec        0x4 contiki-cc2538dk.a(sicslowpan.o)
 .bss.last_tx_status
                0x200004f0        0x4 contiki-cc2538dk.a(sicslowpan.o)
 .bss.sicslowpan_aligned_buf
                0x200004f4      0x514 contiki-cc2538dk.a(sicslowpan.o)
 .bss.callback  0x20000a08        0x4 contiki-cc2538dk.a(sicslowpan.o)
 .bss.locmaddr  0x20000a0c        0x4 contiki-cc2538dk.a(uip-ds6.o)
 .bss.locprefix
                0x20000a10        0x4 contiki-cc2538dk.a(uip-ds6.o)
 .bss.locaddr   0x20000a14        0x4 contiki-cc2538dk.a(uip-ds6.o)
 .bss._ds6_neighbors_mem
                0x20000a18      0x320 contiki-cc2538dk.a(uip-ds6-nbr.o)
 .bss.defaultroutermemb_memb_mem
                0x20000d38       0x40 contiki-cc2538dk.a(uip-ds6-route.o)
 .bss.num_routes
                0x20000d78        0x4 contiki-cc2538dk.a(uip-ds6-route.o)
 .bss.defaultrouterlist_list
                0x20000d7c        0x4 contiki-cc2538dk.a(uip-ds6-route.o)
 .bss._nbr_routes_mem
                0x20000d80       0xa0 contiki-cc2538dk.a(uip-ds6-route.o)
 .bss.routelist_list
                0x20000e20        0x4 contiki-cc2538dk.a(uip-ds6-route.o)
 .bss.routememb_memb_mem
                0x20000e24      0x320 contiki-cc2538dk.a(uip-ds6-route.o)
 .bss.neighborroutememb_memb_mem
                0x20001144       0xa0 contiki-cc2538dk.a(uip-ds6-route.o)
 .bss.notificationlist_list
                0x200011e4        0x4 contiki-cc2538dk.a(uip-ds6-route.o)
 .bss.echo_reply_callback_list_list
                0x200011e8        0x4 contiki-cc2538dk.a(uip-icmp6.o)
 .bss.input_handler_list_list
                0x200011ec        0x4 contiki-cc2538dk.a(uip-icmp6.o)
 .bss.defrt     0x200011f0        0x4 contiki-cc2538dk.a(uip-nd6.o)
 .bss.nbr       0x200011f4        0x4 contiki-cc2538dk.a(uip-nd6.o)
 .bss.nd6_opt_llao
                0x200011f8        0x4 contiki-cc2538dk.a(uip-nd6.o)
 .bss.addr      0x200011fc        0x4 contiki-cc2538dk.a(uip-nd6.o)
 .bss.s         0x20001200       0x44 contiki-cc2538dk.a(tcpip.o)
 .bss.periodic  0x20001244       0x10 contiki-cc2538dk.a(tcpip.o)
 .bss.outputfunc
                0x20001254        0x4 contiki-cc2538dk.a(tcpip.o)
 .bss._rpl_parents_mem
                0x20001258      0x190 contiki-cc2538dk.a(rpl-dag.o)
 .bss.periodic_timer
                0x200013e8       0x20 contiki-cc2538dk.a(rpl-timers.o)
 .bss.nbr_table_keys_list
                0x20001408        0x4 contiki-cc2538dk.a(nbr-table.o)
 .bss.neighbor_addr_mem_memb_mem
                0x2000140c       0xf0 contiki-cc2538dk.a(nbr-table.o)
 .bss.all_tables
                0x200014fc       0x20 contiki-cc2538dk.a(nbr-table.o)
 .bss.num_tables
                0x2000151c        0x4 contiki-cc2538dk.a(nbr-table.o)
 .bss.packetbufptr
                0x20001520        0x4 contiki-cc2538dk.a(packetbuf.o)
 .bss.packetbuf_aligned
                0x20001524       0xb0 contiki-cc2538dk.a(packetbuf.o)
 .bss.bufmem_memb_mem
                0x200015d4       0x20 contiki-cc2538dk.a(queuebuf.o)
 .bss.metadata_memb_memb_mem
                0x200015f4       0x60 contiki-cc2538dk.a(csma.o)
 .bss.neighbor_list_list
                0x20001654        0x4 contiki-cc2538dk.a(csma.o)
 .bss.packet_memb_memb_mem
                0x20001658       0x60 contiki-cc2538dk.a(csma.o)
 .bss.neighbor_memb_memb_mem
                0x200016b8       0x70 contiki-cc2538dk.a(csma.o)
 .bss.cycle_start
                0x20001728        0x4 contiki-cc2538dk.a(contikimac.o)
 .bss.we_are_receiving_burst
                0x2000172c        0x4 contiki-cc2538dk.a(contikimac.o)
 .bss.rt        0x20001730        0xc contiki-cc2538dk.a(contikimac.o)
 .bss.start.6966
                0x2000173c        0x4 contiki-cc2538dk.a(contikimac.o)
 .bss.ct.7040   0x20001740       0x20 contiki-cc2538dk.a(contikimac.o)
 .bss.server_ipaddr
                0x20001760       0x10 udp-sender.co
 .bss.reass_tag
                0x20001770        0x2 contiki-cc2538dk.a(sicslowpan.o)
 .bss.sicslowpan_len
                0x20001772        0x2 contiki-cc2538dk.a(sicslowpan.o)
 .bss.my_tag    0x20001774        0x2 contiki-cc2538dk.a(sicslowpan.o)
 .bss.processed_ip_in_len
                0x20001776        0x2 contiki-cc2538dk.a(sicslowpan.o)
 .bss.tmp16     0x20001778        0x2 contiki-cc2538dk.a(uip6.o)
 .bss.lastport  0x2000177a        0x2 contiki-cc2538dk.a(uip6.o)
 .bss.loc_fipaddr
                0x2000177c       0x10 contiki-cc2538dk.a(uip-ds6.o)
 .bss.tmp_ipaddr
                0x2000178c       0x10 contiki-cc2538dk.a(uip-icmp6.o)
 .bss.next_dis  0x2000179c        0x2 contiki-cc2538dk.a(rpl-timers.o)
 .bss.buflen    0x2000179e        0x2 contiki-cc2538dk.a(packetbuf.o)
 .bss.bufptr    0x200017a0        0x2 contiki-cc2538dk.a(packetbuf.o)
 .bss.buframmem_memb_mem
                0x200017a2      0x580 contiki-cc2538dk.a(queuebuf.o)
 .bss.seqno.6225
                0x20001d22        0x2 contiki-cc2538dk.a(csma.o)
 .bss.pt        0x20001d24        0x2 contiki-cc2538dk.a(contikimac.o)
 .bss.seqno.7098
                0x20001d26        0x1 udp-sender.co
 .bss.leds      0x20001d27        0x1 contiki-cc2538dk.a(leds.o)
 .bss.num_sensors
                0x20001d28        0x1 contiki-cc2538dk.a(sensors.o)
 .bss.rf_flags  0x20001d29        0x1 contiki-cc2538dk.a(cc2538-rf.o)
 .bss.max_pm    0x20001d2a        0x1 contiki-cc2538dk.a(lpm.o)
 .bss.initialized
                0x20001d2b        0x1 contiki-cc2538dk.a(ctimer.o)
 .bss.snum.5369
                0x20001d2c        0x1 contiki-cc2538dk.a(process.o)
 .bss.fevent    0x20001d2d        0x1 contiki-cc2538dk.a(process.o)
 .bss.ev.5351   0x20001d2e        0x1 contiki-cc2538dk.a(process.o)
 .bss.nevents   0x20001d2f        0x1 contiki-cc2538dk.a(process.o)
 .bss.poll_requested
                0x20001d30        0x1 contiki-cc2538dk.a(process.o)
 .bss.lastevent
                0x20001d31        0x1 contiki-cc2538dk.a(process.o)
 .bss.rxbuf_data
                0x20001d32       0x80 contiki-cc2538dk.a(serial-line.o)
 .bss.overflow.4688
                0x20001db2        0x1 contiki-cc2538dk.a(serial-line.o)
 .bss.buf.4694  0x20001db3       0x80 contiki-cc2538dk.a(serial-line.o)
 .bss.uncomp_hdr_len
                0x20001e33        0x1 contiki-cc2538dk.a(sicslowpan.o)
 .bss.addr_contexts
                0x20001e34        0xa contiki-cc2538dk.a(sicslowpan.o)
 .bss.packetbuf_hdr_len
                0x20001e3e        0x1 contiki-cc2538dk.a(sicslowpan.o)
 .bss.uip_ext_len
                0x20001e3f        0x1 contiki-cc2538dk.a(uip6.o)
                0x20001e3f                uip_ext_len
 .bss.uip_ext_bitmap
                0x20001e40        0x1 contiki-cc2538dk.a(uip6.o)
                0x20001e40                uip_ext_bitmap
 .bss.iss       0x20001e41        0x4 contiki-cc2538dk.a(uip6.o)
 .bss.uip_ext_opt_offset
                0x20001e45        0x1 contiki-cc2538dk.a(uip6.o)
                0x20001e45                uip_ext_opt_offset
 .bss.c         0x20001e46        0x1 contiki-cc2538dk.a(uip6.o)
 .bss.opt       0x20001e47        0x1 contiki-cc2538dk.a(uip6.o)
 .bss.defaultroutermemb_memb_count
                0x20001e48        0x2 contiki-cc2538dk.a(uip-ds6-route.o)
 .bss.neighborroutememb_memb_count
                0x20001e4a       0x14 contiki-cc2538dk.a(uip-ds6-route.o)
 .bss.routememb_memb_count
                0x20001e5e       0x14 contiki-cc2538dk.a(uip-ds6-route.o)
 .bss.nd6_opt_offset
                0x20001e72        0x1 contiki-cc2538dk.a(uip-nd6.o)
 .bss.i.7772    0x20001e73        0x1 contiki-cc2538dk.a(tcpip.o)
 .bss.i.7816    0x20001e74        0x1 contiki-cc2538dk.a(tcpip.o)
 .bss.i.7828    0x20001e75        0x1 contiki-cc2538dk.a(tcpip.o)
 .bss.mode      0x20001e76        0x1 contiki-cc2538dk.a(rpl.o)
 .bss.dio_send_ok
                0x20001e77        0x1 contiki-cc2538dk.a(rpl-timers.o)
 .bss.neighbor_addr_mem_memb_count
                0x20001e78       0x14 contiki-cc2538dk.a(nbr-table.o)
 .bss.locked_map
                0x20001e8c       0x14 contiki-cc2538dk.a(nbr-table.o)
 .bss.used_map  0x20001ea0       0x14 contiki-cc2538dk.a(nbr-table.o)
 .bss.hdrptr    0x20001eb4        0x1 contiki-cc2538dk.a(packetbuf.o)
 .bss.buframmem_memb_count
                0x20001eb5        0x8 contiki-cc2538dk.a(queuebuf.o)
 .bss.bufmem_memb_count
                0x20001ebd        0x8 contiki-cc2538dk.a(queuebuf.o)
 .bss.packet_memb_memb_count
                0x20001ec5        0x8 contiki-cc2538dk.a(csma.o)
 .bss.metadata_memb_memb_count
                0x20001ecd        0x8 contiki-cc2538dk.a(csma.o)
 .bss.initialized.6224
                0x20001ed5        0x1 contiki-cc2538dk.a(csma.o)
 .bss.neighbor_memb_memb_count
                0x20001ed6        0x2 contiki-cc2538dk.a(csma.o)
 .bss.mac_dsn   0x20001ed8        0x1 contiki-cc2538dk.a(framer-802154.o)
 .bss.initialized
                0x20001ed9        0x1 contiki-cc2538dk.a(framer-802154.o)
 .bss.radio_is_on
                0x20001eda        0x1 contiki-cc2538dk.a(contikimac.o)
 .bss.we_are_sending
                0x20001edb        0x1 contiki-cc2538dk.a(contikimac.o)
 .bss.contikimac_keep_radio_on
                0x20001edc        0x1 contiki-cc2538dk.a(contikimac.o)
 .bss.periods.6968
                0x20001edd        0x1 contiki-cc2538dk.a(contikimac.o)
 .bss.packet_seen.6960
                0x20001ede        0x1 contiki-cc2538dk.a(contikimac.o)
 .bss.count.6961
                0x20001edf        0x1 contiki-cc2538dk.a(contikimac.o)
 .bss.contikimac_is_on
                0x20001ee0        0x1 contiki-cc2538dk.a(contikimac.o)
 .bss.silence_periods.6967
                0x20001ee1        0x1 contiki-cc2538dk.a(contikimac.o)
 .bss.received_seqnos
                0x20001ee2       0x90 contiki-cc2538dk.a(mac-sequence.o)
 *(SORT(COMMON))
 *fill*         0x20001f72        0x2 
 COMMON         0x20001f74      0x878 contiki-cc2538dk.a(uip6.o)
                0x20001f74                uip_len
                0x20001f78                uip_sappdata
                0x20001f7c                uip_acc32
                0x20001f80                uip_lladdr
                0x20001f88                uip_aligned_buf
                0x2000249c                uip_flags
                0x200024a0                uip_next_hdr
                0x200024a4                uip_udp_conn
                0x200024a8                uip_appdata
                0x200024ac                uip_conn
                0x200024b0                uip_conns
                0x20002690                uip_icmp6_conns
                0x20002698                uip_listenports
                0x200026a8                uip_slen
                0x200026ac                uip_udp_conns
 COMMON         0x200027ec      0x174 contiki-cc2538dk.a(uip-ds6.o)
                0x200027ec                uip_ds6_timer_ra
                0x200027f4                uip_ds6_if
                0x200028ec                uip_ds6_netif_addr_list_offset
                0x200028ed                uip_ds6_addr_size
                0x200028f0                uip_ds6_prefix_list
                0x20002950                uip_ds6_timer_periodic
 COMMON         0x20002960      0x128 contiki-cc2538dk.a(rpl-dag.o)
                0x20002960                default_instance
                0x20002964                instance_table
 COMMON         0x20002a88       0x2e contiki-cc2538dk.a(packetbuf.o)
                0x20002a88                packetbuf_addrs
                0x20002a98                packetbuf_attrs
 COMMON         0x20002ab6        0x1 contiki-cc2538dk.a(sensors.o)
                0x20002ab6                sensors_event
 COMMON         0x20002ab7        0x9 contiki-cc2538dk.a(smartrf-sensors)
                0x20002ab7                sensors_flags
 COMMON         0x20002ac0        0x1 contiki-cc2538dk.a(serial-line.o)
                0x20002ac0                serial_line_event_message
 COMMON         0x20002ac1        0x8 contiki-cc2538dk.a(sicslowpan.o)
                0x20002ac1                frag_sender
 COMMON         0x20002ac9        0x2 contiki-cc2538dk.a(tcpip.o)
                0x20002ac9                tcpip_event
                0x20002aca                tcpip_icmp6_event
 COMMON         0x20002acb        0x8 contiki-cc2538dk.a(linkaddr.o)
                0x20002acb                linkaddr_node_addr
                0x20002ad3                _ebss = .

.stack          0x20002ad4      0x800
 *(SORT(.stack))
 .stack         0x20002ad4      0x800 obj_cc2538dk/startup-gcc.o

.flashcca       0x0027ffd4       0x2c
 *(SORT(.flashcca))
 .flashcca      0x0027ffd4       0x2c obj_cc2538dk/startup-gcc.o
                0x0027ffd4                __cca
OUTPUT(udp-sender.elf elf32-littlearm)

.rel.dyn        0x00280000        0x0
 .rel.iplt      0x00000000        0x0 obj_cc2538dk/startup-gcc.o

.comment        0x00000000       0x70
 .comment       0x00000000       0x70 obj_cc2538dk/startup-gcc.o
                                 0x71 (size before relaxing)
 .comment       0x00000000       0x71 udp-sender.co
 .comment       0x00000000       0x71 obj_cc2538dk/collect-common.o
 .comment       0x00000000       0x71 contiki-cc2538dk.a(collect-view.o)
 .comment       0x00000000       0x71 contiki-cc2538dk.a(collect-view-te)
 .comment       0x00000000       0x71 contiki-cc2538dk.a(leds.o)
 .comment       0x00000000       0x71 contiki-cc2538dk.a(leds-arch.o)
 .comment       0x00000000       0x71 contiki-cc2538dk.a(contiki-main.o)
 .comment       0x00000000       0x71 contiki-cc2538dk.a(sensors.o)
 .comment       0x00000000       0x71 contiki-cc2538dk.a(smartrf-sensors)
 .comment       0x00000000       0x71 contiki-cc2538dk.a(button-sensor.o)
 .comment       0x00000000       0x71 contiki-cc2538dk.a(als-sensor.o)
 .comment       0x00000000       0x71 contiki-cc2538dk.a(clock.o)
 .comment       0x00000000       0x71 contiki-cc2538dk.a(rtimer-arch.o)
 .comment       0x00000000       0x71 contiki-cc2538dk.a(uart.o)
 .comment       0x00000000       0x71 contiki-cc2538dk.a(watchdog.o)
 .comment       0x00000000       0x71 contiki-cc2538dk.a(nvic.o)
 .comment       0x00000000       0x71 contiki-cc2538dk.a(cpu.o)
 .comment       0x00000000       0x71 contiki-cc2538dk.a(sys-ctrl.o)
 .comment       0x00000000       0x71 contiki-cc2538dk.a(gpio.o)
 .comment       0x00000000       0x71 contiki-cc2538dk.a(ioc.o)
 .comment       0x00000000       0x71 contiki-cc2538dk.a(adc.o)
 .comment       0x00000000       0x71 contiki-cc2538dk.a(crypto.o)
 .comment       0x00000000       0x71 contiki-cc2538dk.a(cc2538-rf.o)
 .comment       0x00000000       0x71 contiki-cc2538dk.a(udma.o)
 .comment       0x00000000       0x71 contiki-cc2538dk.a(lpm.o)
 .comment       0x00000000       0x71 contiki-cc2538dk.a(dbg.o)
 .comment       0x00000000       0x71 contiki-cc2538dk.a(ieee-addr.o)
 .comment       0x00000000       0x71 contiki-cc2538dk.a(cc2538-temp-sen)
 .comment       0x00000000       0x71 contiki-cc2538dk.a(vdd3-sensor.o)
 .comment       0x00000000       0x71 contiki-cc2538dk.a(dbg-printf.o)
 .comment       0x00000000       0x71 contiki-cc2538dk.a(strformat.o)
 .comment       0x00000000       0x71 contiki-cc2538dk.a(autostart.o)
 .comment       0x00000000       0x71 contiki-cc2538dk.a(ctimer.o)
 .comment       0x00000000       0x71 contiki-cc2538dk.a(energest.o)
 .comment       0x00000000       0x71 contiki-cc2538dk.a(etimer.o)
 .comment       0x00000000       0x71 contiki-cc2538dk.a(process.o)
 .comment       0x00000000       0x71 contiki-cc2538dk.a(rtimer.o)
 .comment       0x00000000       0x71 contiki-cc2538dk.a(timer.o)
 .comment       0x00000000       0x71 contiki-cc2538dk.a(serial-line.o)
 .comment       0x00000000       0x71 contiki-cc2538dk.a(list.o)
 .comment       0x00000000       0x71 contiki-cc2538dk.a(random.o)
 .comment       0x00000000       0x71 contiki-cc2538dk.a(ringbuf.o)
 .comment       0x00000000       0x71 contiki-cc2538dk.a(sicslowpan.o)
 .comment       0x00000000       0x71 contiki-cc2538dk.a(uip6.o)
 .comment       0x00000000       0x71 contiki-cc2538dk.a(uip-ds6.o)
 .comment       0x00000000       0x71 contiki-cc2538dk.a(uip-ds6-nbr.o)
 .comment       0x00000000       0x71 contiki-cc2538dk.a(uip-ds6-route.o)
 .comment       0x00000000       0x71 contiki-cc2538dk.a(uip-icmp6.o)
 .comment       0x00000000       0x71 contiki-cc2538dk.a(uip-nd6.o)
 .comment       0x00000000       0x71 contiki-cc2538dk.a(tcpip.o)
 .comment       0x00000000       0x71 contiki-cc2538dk.a(uip-debug.o)
 .comment       0x00000000       0x71 contiki-cc2538dk.a(uip-udp-packet.)
 .comment       0x00000000       0x71 contiki-cc2538dk.a(rpl.o)
 .comment       0x00000000       0x71 contiki-cc2538dk.a(rpl-dag.o)
 .comment       0x00000000       0x71 contiki-cc2538dk.a(rpl-ext-header.)
 .comment       0x00000000       0x71 contiki-cc2538dk.a(rpl-icmp6.o)
 .comment       0x00000000       0x71 contiki-cc2538dk.a(rpl-mrhof.o)
 .comment       0x00000000       0x71 contiki-cc2538dk.a(rpl-timers.o)
 .comment       0x00000000       0x71 contiki-cc2538dk.a(linkaddr.o)
 .comment       0x00000000       0x71 contiki-cc2538dk.a(nbr-table.o)
 .comment       0x00000000       0x71 contiki-cc2538dk.a(netstack.o)
 .comment       0x00000000       0x71 contiki-cc2538dk.a(packetbuf.o)
 .comment       0x00000000       0x71 contiki-cc2538dk.a(queuebuf.o)
 .comment       0x00000000       0x71 contiki-cc2538dk.a(csma.o)
 .comment       0x00000000       0x71 contiki-cc2538dk.a(framer-802154.o)
 .comment       0x00000000       0x71 contiki-cc2538dk.a(framer.o)
 .comment       0x00000000       0x71 contiki-cc2538dk.a(mac.o)
 .comment       0x00000000       0x71 contiki-cc2538dk.a(contikimac.o)
 .comment       0x00000000       0x71 contiki-cc2538dk.a(nullsec.o)
 .comment       0x00000000       0x71 contiki-cc2538dk.a(stimer.o)
 .comment       0x00000000       0x71 contiki-cc2538dk.a(memb.o)
 .comment       0x00000000       0x71 contiki-cc2538dk.a(frame802154.o)
 .comment       0x00000000       0x71 contiki-cc2538dk.a(mac-sequence.o)

.ARM.attributes
                0x00000000       0x31
 .ARM.attributes
                0x00000000       0x33 obj_cc2538dk/startup-gcc.o
 .ARM.attributes
                0x00000033       0x33 udp-sender.co
 .ARM.attributes
                0x00000066       0x33 obj_cc2538dk/collect-common.o
 .ARM.attributes
                0x00000099       0x33 contiki-cc2538dk.a(collect-view.o)
 .ARM.attributes
                0x000000cc       0x33 contiki-cc2538dk.a(collect-view-te)
 .ARM.attributes
                0x000000ff       0x33 contiki-cc2538dk.a(leds.o)
 .ARM.attributes
                0x00000132       0x33 contiki-cc2538dk.a(leds-arch.o)
 .ARM.attributes
                0x00000165       0x33 contiki-cc2538dk.a(contiki-main.o)
 .ARM.attributes
                0x00000198       0x33 contiki-cc2538dk.a(sensors.o)
 .ARM.attributes
                0x000001cb       0x33 contiki-cc2538dk.a(smartrf-sensors)
 .ARM.attributes
                0x000001fe       0x33 contiki-cc2538dk.a(button-sensor.o)
 .ARM.attributes
                0x00000231       0x33 contiki-cc2538dk.a(als-sensor.o)
 .ARM.attributes
                0x00000264       0x33 contiki-cc2538dk.a(clock.o)
 .ARM.attributes
                0x00000297       0x33 contiki-cc2538dk.a(rtimer-arch.o)
 .ARM.attributes
                0x000002ca       0x33 contiki-cc2538dk.a(uart.o)
 .ARM.attributes
                0x000002fd       0x33 contiki-cc2538dk.a(watchdog.o)
 .ARM.attributes
                0x00000330       0x33 contiki-cc2538dk.a(nvic.o)
 .ARM.attributes
                0x00000363       0x33 contiki-cc2538dk.a(cpu.o)
 .ARM.attributes
                0x00000396       0x33 contiki-cc2538dk.a(sys-ctrl.o)
 .ARM.attributes
                0x000003c9       0x33 contiki-cc2538dk.a(gpio.o)
 .ARM.attributes
                0x000003fc       0x33 contiki-cc2538dk.a(ioc.o)
 .ARM.attributes
                0x0000042f       0x33 contiki-cc2538dk.a(adc.o)
 .ARM.attributes
                0x00000462       0x33 contiki-cc2538dk.a(crypto.o)
 .ARM.attributes
                0x00000495       0x33 contiki-cc2538dk.a(cc2538-rf.o)
 .ARM.attributes
                0x000004c8       0x33 contiki-cc2538dk.a(udma.o)
 .ARM.attributes
                0x000004fb       0x33 contiki-cc2538dk.a(lpm.o)
 .ARM.attributes
                0x0000052e       0x33 contiki-cc2538dk.a(dbg.o)
 .ARM.attributes
                0x00000561       0x33 contiki-cc2538dk.a(ieee-addr.o)
 .ARM.attributes
                0x00000594       0x33 contiki-cc2538dk.a(cc2538-temp-sen)
 .ARM.attributes
                0x000005c7       0x33 contiki-cc2538dk.a(vdd3-sensor.o)
 .ARM.attributes